Component: ARM Compiler 5.06 update 5 (build 528) Tool: armlink [4d35e2]

==============================================================================

Section Cross References

    startup_stm32f407xx.o(RESET) refers to startup_stm32f407xx.o(STACK) for __initial_sp
    startup_stm32f407xx.o(RESET) refers to startup_stm32f407xx.o(.text) for Reset_Handler
    startup_stm32f407xx.o(RESET) refers to stm32f4xx_it.o(i.NMI_Handler) for NMI_Handler
    startup_stm32f407xx.o(RESET) refers to stm32f4xx_it.o(i.HardFault_Handler) for HardFault_Handler
    startup_stm32f407xx.o(RESET) refers to stm32f4xx_it.o(i.MemManage_Handler) for MemManage_Handler
    startup_stm32f407xx.o(RESET) refers to stm32f4xx_it.o(i.BusFault_Handler) for BusFault_Handler
    startup_stm32f407xx.o(RESET) refers to stm32f4xx_it.o(i.UsageFault_Handler) for UsageFault_Handler
    startup_stm32f407xx.o(RESET) refers to port.o(.emb_text) for SVC_Handler
    startup_stm32f407xx.o(RESET) refers to stm32f4xx_it.o(i.DebugMon_Handler) for DebugMon_Handler
    startup_stm32f407xx.o(RESET) refers to cmsis_os2.o(i.SysTick_Handler) for SysTick_Handler
    startup_stm32f407xx.o(RESET) refers to stm32f4xx_it.o(i.CAN1_TX_IRQHandler) for CAN1_TX_IRQHandler
    startup_stm32f407xx.o(RESET) refers to stm32f4xx_it.o(i.CAN1_RX0_IRQHandler) for CAN1_RX0_IRQHandler
    startup_stm32f407xx.o(RESET) refers to stm32f4xx_it.o(i.CAN1_RX1_IRQHandler) for CAN1_RX1_IRQHandler
    startup_stm32f407xx.o(RESET) refers to stm32f4xx_it.o(i.CAN1_SCE_IRQHandler) for CAN1_SCE_IRQHandler
    startup_stm32f407xx.o(RESET) refers to stm32f4xx_it.o(i.EXTI9_5_IRQHandler) for EXTI9_5_IRQHandler
    startup_stm32f407xx.o(RESET) refers to stm32f4xx_it.o(i.TIM2_IRQHandler) for TIM2_IRQHandler
    startup_stm32f407xx.o(RESET) refers to stm32f4xx_it.o(i.TIM3_IRQHandler) for TIM3_IRQHandler
    startup_stm32f407xx.o(RESET) refers to stm32f4xx_it.o(i.USART1_IRQHandler) for USART1_IRQHandler
    startup_stm32f407xx.o(RESET) refers to stm32f4xx_it.o(i.UART4_IRQHandler) for UART4_IRQHandler
    startup_stm32f407xx.o(RESET) refers to stm32f4xx_it.o(i.UART5_IRQHandler) for UART5_IRQHandler
    startup_stm32f407xx.o(RESET) refers to stm32f4xx_it.o(i.CAN2_TX_IRQHandler) for CAN2_TX_IRQHandler
    startup_stm32f407xx.o(RESET) refers to stm32f4xx_it.o(i.CAN2_RX0_IRQHandler) for CAN2_RX0_IRQHandler
    startup_stm32f407xx.o(RESET) refers to stm32f4xx_it.o(i.CAN2_RX1_IRQHandler) for CAN2_RX1_IRQHandler
    startup_stm32f407xx.o(RESET) refers to stm32f4xx_it.o(i.CAN2_SCE_IRQHandler) for CAN2_SCE_IRQHandler
    startup_stm32f407xx.o(.text) refers to system_stm32f4xx.o(i.SystemInit) for SystemInit
    startup_stm32f407xx.o(.text) refers to entry.o(.ARM.Collect$$$$00000000) for __main
    main.o(i.HAL_TIM_PeriodElapsedCallback) refers to stm32f4xx_hal.o(i.HAL_IncTick) for HAL_IncTick
    main.o(i.HAL_TIM_PeriodElapsedCallback) refers to air_joy.o(.data) for TIME_ISR_CNT
    main.o(i.HAL_TIM_PeriodElapsedCallback) refers to air_joy.o(.data) for LAST_TIME_ISR_CNT
    main.o(i.HAL_TIM_PeriodElapsedCallback) refers to air_joy.o(.data) for Microsecond_Cnt
    main.o(i.HAL_TIM_PeriodElapsedCallback) refers to air_joy.o(.data) for Time_Sys
    main.o(i.SystemClock_Config) refers to memseta.o(.text) for __aeabi_memclr4
    main.o(i.SystemClock_Config) refers to stm32f4xx_hal_rcc.o(i.HAL_RCC_OscConfig) for HAL_RCC_OscConfig
    main.o(i.SystemClock_Config) refers to stm32f4xx_hal_rcc.o(i.HAL_RCC_ClockConfig) for HAL_RCC_ClockConfig
    main.o(i.main) refers to stm32f4xx_hal.o(i.HAL_Init) for HAL_Init
    main.o(i.main) refers to main.o(i.SystemClock_Config) for SystemClock_Config
    main.o(i.main) refers to gpio.o(i.MX_GPIO_Init) for MX_GPIO_Init
    main.o(i.main) refers to can.o(i.MX_CAN1_Init) for MX_CAN1_Init
    main.o(i.main) refers to can.o(i.MX_CAN2_Init) for MX_CAN2_Init
    main.o(i.main) refers to usart.o(i.MX_USART1_UART_Init) for MX_USART1_UART_Init
    main.o(i.main) refers to tim.o(i.MX_TIM2_Init) for MX_TIM2_Init
    main.o(i.main) refers to usart.o(i.MX_UART5_Init) for MX_UART5_Init
    main.o(i.main) refers to tim.o(i.MX_TIM10_Init) for MX_TIM10_Init
    main.o(i.main) refers to tim.o(i.MX_TIM13_Init) for MX_TIM13_Init
    main.o(i.main) refers to tim.o(i.MX_TIM9_Init) for MX_TIM9_Init
    main.o(i.main) refers to tim.o(i.MX_TIM14_Init) for MX_TIM14_Init
    main.o(i.main) refers to usart.o(i.MX_UART4_Init) for MX_UART4_Init
    main.o(i.main) refers to i2c.o(i.MX_I2C2_Init) for MX_I2C2_Init
    main.o(i.main) refers to user_can_init.o(i.User_Open_Can1) for User_Open_Can1
    main.o(i.main) refers to user_can_init.o(i.User_Open_Can2) for User_Open_Can2
    main.o(i.main) refers to stm32f4xx_hal_tim.o(i.HAL_TIM_Base_Start_IT) for HAL_TIM_Base_Start_IT
    main.o(i.main) refers to stm32f4xx_hal_uart.o(i.HAL_UART_Receive_IT) for HAL_UART_Receive_IT
    main.o(i.main) refers to haoying_u8.o(i.HaoYing_U8_Init) for HaoYing_U8_Init
[...]
    xSuspendedTaskList                       0x20000944   Data          20  tasks.o(.bss)
    .bss                                     0x20000958   Section      280  timers.o(.bss)
    xStaticTimerQueue                        0x20000958   Data          80  timers.o(.bss)
    ucStaticTimerQueueStorage                0x200009a8   Data         160  timers.o(.bss)
    xActiveTimerList1                        0x20000a48   Data          20  timers.o(.bss)
    xActiveTimerList2                        0x20000a5c   Data          20  timers.o(.bss)
    .bss                                     0x20000a70   Section     1720  cmsis_os2.o(.bss)
    Idle_TCB                                 0x20000a70   Data          92  cmsis_os2.o(.bss)
    Idle_Stack                               0x20000acc   Data         512  cmsis_os2.o(.bss)
    Timer_TCB                                0x20000ccc   Data          92  cmsis_os2.o(.bss)
    Timer_Stack                              0x20000d28   Data        1024  cmsis_os2.o(.bss)
    .bss                                     0x20001128   Section    15360  heap_4.o(.bss)
    ucHeap                                   0x20001128   Data       15360  heap_4.o(.bss)
    .bss                                     0x20004d28   Section       72  chassis.o(.bss)
    .bss                                     0x20004d70   Section       19  communication.o(.bss)
    .bss                                     0x20004d84   Section       40  air_joy.o(.bss)
    PPM_buf                                  0x20004d84   Data          20  air_joy.o(.bss)
    .bss                                     0x20004dac   Section       72  action.o(.bss)
    posture                                  0x20004ddc   Data          24  action.o(.bss)
    .bss                                     0x20004df4   Section     1200  board_elmo.o(.bss)
    STACK                                    0x200052a8   Section     1024  startup_stm32f407xx.o(STACK)

    Global Symbols

    Symbol Name                              Value     Ov Type        Size  Object(Section)

    BuildAttributes$$THM_ISAv4$E$P$D$K$B$S$7EM$VFPi3$EXTD16$VFPS$VFMA$PE$A:L22UL41UL21$X:L11$S22US41US21$IEEE1$IW$USESV6$~STKCKD$USESV7$~SHL$OTIME$ROPI$IEEEX$EBA8$MICROLIB$REQ8$PRES8$EABIv2 0x00000000   Number         0  anon$$obj.o ABSOLUTE
    __ARM_use_no_argv                        0x00000000   Number         0  main.o ABSOLUTE
    __cpp_initialize__aeabi_                  - Undefined Weak Reference
    __cxa_finalize                            - Undefined Weak Reference
    _clock_init                               - Undefined Weak Reference
    _microlib_exit                            - Undefined Weak Reference
    __Vectors_Size                           0x00000188   Number         0  startup_stm32f407xx.o ABSOLUTE
    __Vectors                                0x08000000   Data           4  startup_stm32f407xx.o(RESET)
    __Vectors_End                            0x08000188   Data           0  startup_stm32f407xx.o(RESET)
    __main                                   0x08000189   Thumb Code     0  entry.o(.ARM.Collect$$$$00000000)
    _main_stk                                0x08000189   Thumb Code     0  entry2.o(.ARM.Collect$$$$00000001)
    _main_scatterload                        0x0800018d   Thumb Code     0  entry5.o(.ARM.Collect$$$$00000004)
    __main_after_scatterload                 0x08000191   Thumb Code     0  entry5.o(.ARM.Collect$$$$00000004)
    _main_clock                              0x08000191   Thumb Code     0  entry7b.o(.ARM.Collect$$$$00000008)
    _main_cpp_init                           0x08000191   Thumb Code     0  entry8b.o(.ARM.Collect$$$$0000000A)
    _main_init                               0x08000191   Thumb Code     0  entry9a.o(.ARM.Collect$$$$0000000B)
    __rt_final_cpp                           0x08000199   Thumb Code     0  entry10a.o(.ARM.Collect$$$$0000000D)
    __rt_final_exit                          0x08000199   Thumb Code     0  entry11a.o(.ARM.Collect$$$$0000000F)
    SVC_Handler                              0x0800019d   Thumb Code    28  port.o(.emb_text)
    __asm___6_port_c_39a90d8d__prvStartFirstTask 0x080001bd   Thumb Code    36  port.o(.emb_text)
    __asm___6_port_c_39a90d8d__prvEnableVFP  0x080001e5   Thumb Code    16  port.o(.emb_text)
    PendSV_Handler                           0x080001f9   Thumb Code    88  port.o(.emb_text)
    vPortGetIPSR                             0x08000255   Thumb Code     6  port.o(.emb_text)
    Reset_Handler                            0x0800025d   Thumb Code     8  startup_stm32f407xx.o(.text)
    ADC_IRQHandler                           0x08000277   Thumb Code     0  startup_stm32f407xx.o(.text)
    DCMI_IRQHandler                          0x08000277   Thumb Code     0  startup_stm32f407xx.o(.text)
    DMA1_Stream0_IRQHandler                  0x08000277   Thumb Code     0  startup_stm32f407xx.o(.text)
    DMA1_Stream1_IRQHandler                  0x08000277   Thumb Code     0  startup_stm32f407xx.o(.text)
    DMA1_Stream2_IRQHandler                  0x08000277   Thumb Code     0  startup_stm32f407xx.o(.text)
    DMA1_Stream3_IRQHandler                  0x08000277   Thumb Code     0  startup_stm32f407xx.o(.text)
    DMA1_Stream4_IRQHandler                  0x08000277   Thumb Code     0  startup_stm32f407xx.o(.text)
    DMA1_Stream5_IRQHandler                  0x08000277   Thumb Code     0  startup_stm32f407xx.o(.text)
    DMA1_Stream6_IRQHandler                  0x08000277   Thumb Code     0  startup_stm32f407xx.o(.text)
    DMA1_Stream7_IRQHandler                  0x08000277   Thumb Code     0  startup_stm32f407xx.o(.text)
    DMA2_Stream0_IRQHandler                  0x08000277   Thumb Code     0  startup_stm32f407xx.o(.text)
    DMA2_Stream1_IRQHandler                  0x08000277   Thumb Code     0  startup_stm32f407xx.o(.text)
    DMA2_Stream2_IRQHandler                  0x08000277   Thumb Code     0  startup_stm32f407xx.o(.text)
    DMA2_Stream3_IRQHandler                  0x08000277   Thumb Code     0  startup_stm32f407xx.o(.text)
    DMA2_Stream4_IRQHandler                  0x08000277   Thumb Code     0  startup_stm32f407xx.o(.text)
    DMA2_Stream5_IRQHandler                  0x08000277   Thumb Code     0  startup_stm32f407xx.o(.text)
    DMA2_Stream6_IRQHandler                  0x08000277   Thumb Code     0  startup_stm32f407xx.o(.text)
    DMA2_Stream7_IRQHandler                  0x08000277   Thumb Code     0  startup_stm32f407xx.o(.text)
    ETH_IRQHandler                           0x08000277   Thumb Code     0  startup_stm32f407xx.o(.text)
    ETH_WKUP_IRQHandler                      0x08000277   Thumb Code     0  startup_stm32f407xx.o(.text)
    EXTI0_IRQHandler                         0x08000277   Thumb Code     0  startup_stm32f407xx.o(.text)
    EXTI15_10_IRQHandler                     0x08000277   Thumb Code     0  startup_stm32f407xx.o(.text)
    EXTI1_IRQHandler                         0x08000277   Thumb Code     0  startup_stm32f407xx.o(.text)
    EXTI2_IRQHandler                         0x08000277   Thumb Code     0  startup_stm32f407xx.o(.text)
    EXTI3_IRQHandler                         0x08000277   Thumb Code     0  startup_stm32f407xx.o(.text)
    EXTI4_IRQHandler                         0x08000277   Thumb Code     0  startup_stm32f407xx.o(.text)
    FLASH_IRQHandler                         0x08000277   Thumb Code     0  startup_stm32f407xx.o(.text)
    FMC_IRQHandler                           0x08000277   Thumb Code     0  startup_stm32f407xx.o(.text)
    FPU_IRQHandler                           0x08000277   Thumb Code     0  startup_stm32f407xx.o(.text)
    HASH_RNG_IRQHandler                      0x08000277   Thumb Code     0  startup_stm32f407xx.o(.text)
    I2C1_ER_IRQHandler                       0x08000277   Thumb Code     0  startup_stm32f407xx.o(.text)
    I2C1_EV_IRQHandler                       0x08000277   Thumb Code     0  startup_stm32f407xx.o(.text)
    I2C2_ER_IRQHandler                       0x08000277   Thumb Code     0  startup_stm32f407xx.o(.text)
    I2C2_EV_IRQHandler                       0x08000277   Thumb Code     0  startup_stm32f407xx.o(.text)
    I2C3_ER_IRQHandler                       0x08000277   Thumb Code     0  startup_stm32f407xx.o(.text)
    I2C3_EV_IRQHandler                       0x08000277   Thumb Code     0  startup_stm32f407xx.o(.text)
    OTG_FS_IRQHandler                        0x08000277   Thumb Code     0  startup_stm32f407xx.o(.text)
    OTG_FS_WKUP_IRQHandler                   0x08000277   Thumb Code     0  startup_stm32f407xx.o(.text)
    OTG_HS_EP1_IN_IRQHandler                 0x08000277   Thumb Code     0  startup_stm32f407xx.o(.text)
    OTG_HS_EP1_OUT_IRQHandler                0x08000277   Thumb Code     0  startup_stm32f407xx.o(.text)
    OTG_HS_IRQHandler                        0x08000277   Thumb Code     0  startup_stm32f407xx.o(.text)
    OTG_HS_WKUP_IRQHandler                   0x08000277   Thumb Code     0  startup_stm32f407xx.o(.text)
    PVD_IRQHandler                           0x08000277   Thumb Code     0  startup_stm32f407xx.o(.text)
    RCC_IRQHandler                           0x08000277   Thumb Code     0  startup_stm32f407xx.o(.text)
    RTC_Alarm_IRQHandler                     0x08000277   Thumb Code     0  startup_stm32f407xx.o(.text)
    RTC_WKUP_IRQHandler                      0x08000277   Thumb Code     0  startup_stm32f407xx.o(.text)
    SDIO_IRQHandler                          0x08000277   Thumb Code     0  startup_stm32f407xx.o(.text)
    SPI1_IRQHandler                          0x08000277   Thumb Code     0  startup_stm32f407xx.o(.text)
    SPI2_IRQHandler                          0x08000277   Thumb Code     0  startup_stm32f407xx.o(.text)
    SPI3_IRQHandler                          0x08000277   Thumb Code     0  startup_stm32f407xx.o(.text)
    TAMP_STAMP_IRQHandler                    0x08000277   Thumb Code     0  startup_stm32f407xx.o(.text)
    TIM1_BRK_TIM9_IRQHandler                 0x08000277   Thumb Code     0  startup_stm32f407xx.o(.text)
    TIM1_CC_IRQHandler                       0x08000277   Thumb Code     0  startup_stm32f407xx.o(.text)
    TIM1_TRG_COM_TIM11_IRQHandler            0x08000277   Thumb Code     0  startup_stm32f407xx.o(.text)
    TIM1_UP_TIM10_IRQHandler                 0x08000277   Thumb Code     0  startup_stm32f407xx.o(.text)
    TIM4_IRQHandler                          0x08000277   Thumb Code     0  startup_stm32f407xx.o(.text)
    TIM5_IRQHandler                          0x08000277   Thumb Code     0  startup_stm32f407xx.o(.text)
    TIM6_DAC_IRQHandler                      0x08000277   Thumb Code     0  startup_stm32f407xx.o(.text)
    TIM7_IRQHandler                          0x08000277   Thumb Code     0  startup_stm32f407xx.o(.text)
    TIM8_BRK_TIM12_IRQHandler                0x08000277   Thumb Code     0  startup_stm32f407xx.o(.text)
    TIM8_CC_IRQHandler                       0x08000277   Thumb Code     0  startup_stm32f407xx.o(.text)
    TIM8_TRG_COM_TIM14_IRQHandler            0x08000277   Thumb Code     0  startup_stm32f407xx.o(.text)
    TIM8_UP_TIM13_IRQHandler                 0x08000277   Thumb Code     0  startup_stm32f407xx.o(.text)
    USART2_IRQHandler                        0x08000277   Thumb Code     0  startup_stm32f407xx.o(.text)
    USART3_IRQHandler                        0x08000277   Thumb Code     0  startup_stm32f407xx.o(.text)
    USART6_IRQHandler                        0x08000277   Thumb Code     0  startup_stm32f407xx.o(.text)
    WWDG_IRQHandler                          0x08000277   Thumb Code     0  startup_stm32f407xx.o(.text)
    __aeabi_uldivmod                         0x08000281   Thumb Code    98  uldiv.o(.text)
    __aeabi_memcpy                           0x080002e3   Thumb Code    36  memcpya.o(.text)
    __aeabi_memcpy4                          0x080002e3   Thumb Code     0  memcpya.o(.text)
    __aeabi_memcpy8                          0x080002e3   Thumb Code     0  memcpya.o(.text)
    __aeabi_memset                           0x08000307   Thumb Code    14  memseta.o(.text)
    __aeabi_memset4                          0x08000307   Thumb Code     0  memseta.o(.text)
    __aeabi_memset8                          0x08000307   Thumb Code     0  memseta.o(.text)
    __aeabi_memclr                           0x08000315   Thumb Code     4  memseta.o(.text)
    __aeabi_memclr4                          0x08000315   Thumb Code     0  memseta.o(.text)
    __aeabi_memclr8                          0x08000315   Thumb Code     0  memseta.o(.text)
    memset                                   0x08000319   Thumb Code    18  memseta.o(.text)
    __aeabi_f2d                              0x0800032b   Thumb Code    38  f2d.o(.text)
    __aeabi_d2f                              0x08000351   Thumb Code    56  d2f.o(.text)
    __aeabi_llsl                             0x08000389   Thumb Code    30  llshl.o(.text)
    _ll_shift_l                              0x08000389   Thumb Code     0  llshl.o(.text)
    __aeabi_llsr                             0x080003a7   Thumb Code    32  llushr.o(.text)
    _ll_ushift_r                             0x080003a7   Thumb Code     0  llushr.o(.text)
    __I$use$fp                               0x080003c7   Thumb Code     0  iusefp.o(.text)
    _float_round                             0x080003c7   Thumb Code    18  fepilogue.o(.text)
    _float_epilogue                          0x080003d9   Thumb Code    92  fepilogue.o(.text)
    __scatterload                            0x08000435   Thumb Code    28  init.o(.text)
    __scatterload_rt2                        0x08000435   Thumb Code     0  init.o(.text)
    __aeabi_dadd                             0x08000459   Thumb Code   322  dadd.o(.text)
    __aeabi_dsub                             0x0800059b   Thumb Code     6  dadd.o(.text)
    __aeabi_drsub                            0x080005a1   Thumb Code     6  dadd.o(.text)
    __aeabi_dmul                             0x080005a7   Thumb Code   228  dmul.o(.text)
    __aeabi_ddiv                             0x0800068b   Thumb Code   222  ddiv.o(.text)
    __aeabi_i2d                              0x08000769   Thumb Code    34  dflti.o(.text)
    __aeabi_ui2d                             0x0800078b   Thumb Code    26  dfltui.o(.text)
    __aeabi_d2iz                             0x080007a5   Thumb Code    62  dfixi.o(.text)
    __aeabi_lasr                             0x080007e3   Thumb Code    36  llsshr.o(.text)
    _ll_sshift_r                             0x080007e3   Thumb Code     0  llsshr.o(.text)
    _double_round                            0x08000807   Thumb Code    30  depilogue.o(.text)
    _double_epilogue                         0x08000825   Thumb Code   156  depilogue.o(.text)
    __decompress                             0x080008c1   Thumb Code     0  __dczerorl.o(.text)
    __decompress0                            0x080008c1   Thumb Code    58  __dczerorl.o(.text)
    BOARD_RM_HOMEING_MODE                    0x080008fd   Thumb Code    62  board_elmo.o(i.BOARD_RM_HOMEING_MODE)
    BOARD_RM_MOTOR_INIT                      0x08000941   Thumb Code    60  board_elmo.o(i.BOARD_RM_MOTOR_INIT)
    BOARD_RM_MOTOR_OFF                       0x08000981   Thumb Code    30  board_elmo.o(i.BOARD_RM_MOTOR_OFF)
    BOARD_RM_MOTOR_ON                        0x080009a5   Thumb Code    30  board_elmo.o(i.BOARD_RM_MOTOR_ON)
    BOARD_RM_POSITION_CONTROL                0x080009c9   Thumb Code    60  board_elmo.o(i.BOARD_RM_POSITION_CONTROL)
    BOARD_RM_SPEED_CONTROL                   0x08000a09   Thumb Code    60  board_elmo.o(i.BOARD_RM_SPEED_CONTROL)
    BOARD_RM_VEL_PID                         0x08000a49   Thumb Code   114  board_elmo.o(i.BOARD_RM_VEL_PID)
    BOARD_RM_VEL_TPLAN                       0x08000ac5   Thumb Code   216  board_elmo.o(i.BOARD_RM_VEL_TPLAN)
    BOARD_VESC_SPEED_CONTROL                 0x08000ba9   Thumb Code    54  board_elmo.o(i.BOARD_VESC_SPEED_CONTROL)
    BusFault_Handler                         0x08000be9   Thumb Code     2  stm32f4xx_it.o(i.BusFault_Handler)
    CAN1_RX0_IRQHandler                      0x08000bed   Thumb Code     6  stm32f4xx_it.o(i.CAN1_RX0_IRQHandler)
    CAN1_RX1_IRQHandler                      0x08000bf9   Thumb Code     6  stm32f4xx_it.o(i.CAN1_RX1_IRQHandler)
    CAN1_SCE_IRQHandler                      0x08000c05   Thumb Code     6  stm32f4xx_it.o(i.CAN1_SCE_IRQHandler)
    CAN1_TX_IRQHandler                       0x08000c11   Thumb Code     6  stm32f4xx_it.o(i.CAN1_TX_IRQHandler)
    CAN2_RX0_IRQHandler                      0x08000c1d   Thumb Code     6  stm32f4xx_it.o(i.CAN2_RX0_IRQHandler)
    CAN2_RX1_IRQHandler                      0x08000c29   Thumb Code     6  stm32f4xx_it.o(i.CAN2_RX1_IRQHandler)
    CAN2_SCE_IRQHandler                      0x08000c35   Thumb Code     6  stm32f4xx_it.o(i.CAN2_SCE_IRQHandler)
    CAN2_TX_IRQHandler                       0x08000c41   Thumb Code     6  stm32f4xx_it.o(i.CAN2_TX_IRQHandler)
    DebugMon_Handler                         0x08000c4d   Thumb Code     2  stm32f4xx_it.o(i.DebugMon_Handler)
    EXTI9_5_IRQHandler                       0x08000c4f   Thumb Code     6  stm32f4xx_it.o(i.EXTI9_5_IRQHandler)
    Error_Handler                            0x08000c55   Thumb Code     4  main.o(i.Error_Handler)
    Free_Control                             0x08000c59   Thumb Code   274  air_joy.o(i.Free_Control)
    HAL_CAN_ActivateNotification             0x08000d81   Thumb Code    36  stm32f4xx_hal_can.o(i.HAL_CAN_ActivateNotification)
    HAL_CAN_AddTxMessage                     0x08000da5   Thumb Code   200  stm32f4xx_hal_can.o(i.HAL_CAN_AddTxMessage)
    HAL_CAN_ConfigFilter                     0x08000e6d   Thumb Code   262  stm32f4xx_hal_can.o(i.HAL_CAN_ConfigFilter)
    HAL_CAN_ErrorCallback                    0x08000f79   Thumb Code     2  stm32f4xx_hal_can.o(i.HAL_CAN_ErrorCallback)
    HAL_CAN_GetRxMessage                     0x08000f7b   Thumb Code   232  stm32f4xx_hal_can.o(i.HAL_CAN_GetRxMessage)
    HAL_CAN_GetTxMailboxesFreeLevel          0x08001063   Thumb Code    44  stm32f4xx_hal_can.o(i.HAL_CAN_GetTxMailboxesFreeLevel)
    HAL_CAN_IRQHandler                       0x0800108f   Thumb Code   508  stm32f4xx_hal_can.o(i.HAL_CAN_IRQHandler)
    HAL_CAN_Init                             0x0800128b   Thumb Code   282  stm32f4xx_hal_can.o(i.HAL_CAN_Init)
    HAL_CAN_MspInit                          0x080013a5   Thumb Code   324  can.o(i.HAL_CAN_MspInit)
    HAL_CAN_RxFifo0FullCallback              0x08001501   Thumb Code     2  stm32f4xx_hal_can.o(i.HAL_CAN_RxFifo0FullCallback)
    HAL_CAN_RxFifo0MsgPendingCallback        0x08001505   Thumb Code    48  user_can_init.o(i.HAL_CAN_RxFifo0MsgPendingCallback)
    HAL_CAN_RxFifo1FullCallback              0x0800153d   Thumb Code     2  stm32f4xx_hal_can.o(i.HAL_CAN_RxFifo1FullCallback)
    HAL_CAN_RxFifo1MsgPendingCallback        0x0800153f   Thumb Code     2  stm32f4xx_hal_can.o(i.HAL_CAN_RxFifo1MsgPendingCallback)
    HAL_CAN_SleepCallback                    0x08001541   Thumb Code     2  stm32f4xx_hal_can.o(i.HAL_CAN_SleepCallback)
    HAL_CAN_Start                            0x08001543   Thumb Code    86  stm32f4xx_hal_can.o(i.HAL_CAN_Start)
    HAL_CAN_TxMailbox0AbortCallback          0x08001599   Thumb Code     2  stm32f4xx_hal_can.o(i.HAL_CAN_TxMailbox0AbortCallback)
    HAL_CAN_TxMailbox0CompleteCallback       0x0800159b   Thumb Code     2  stm32f4xx_hal_can.o(i.HAL_CAN_TxMailbox0CompleteCallback)
    HAL_CAN_TxMailbox1AbortCallback          0x0800159d   Thumb Code     2  stm32f4xx_hal_can.o(i.HAL_CAN_TxMailbox1AbortCallback)
    HAL_CAN_TxMailbox1CompleteCallback       0x0800159f   Thumb Code     2  stm32f4xx_hal_can.o(i.HAL_CAN_TxMailbox1CompleteCallback)
    HAL_CAN_TxMailbox2AbortCallback          0x080015a1   Thumb Code     2  stm32f4xx_hal_can.o(i.HAL_CAN_TxMailbox2AbortCallback)
    HAL_CAN_TxMailbox2CompleteCallback       0x080015a3   Thumb Code     2  stm32f4xx_hal_can.o(i.HAL_CAN_TxMailbox2CompleteCallback)
    HAL_CAN_WakeUpFromRxMsgCallback          0x080015a5   Thumb Code     2  stm32f4xx_hal_can.o(i.HAL_CAN_WakeUpFromRxMsgCallback)
    HAL_DMA_Abort                            0x080015a7   Thumb Code   146  stm32f4xx_hal_dma.o(i.HAL_DMA_Abort)
    HAL_DMA_Abort_IT                         0x08001639   Thumb Code    36  stm32f4xx_hal_dma.o(i.HAL_DMA_Abort_IT)
    HAL_DMA_GetError                         0x0800165d   Thumb Code     4  stm32f4xx_hal_dma.o(i.HAL_DMA_GetError)
    HAL_Delay                                0x08001661   Thumb Code    32  stm32f4xx_hal.o(i.HAL_Delay)
    HAL_GPIO_DeInit                          0x08001685   Thumb Code   246  stm32f4xx_hal_gpio.o(i.HAL_GPIO_DeInit)
    HAL_GPIO_EXTI_Callback                   0x080017a5   Thumb Code   124  air_joy.o(i.HAL_GPIO_EXTI_Callback)
    HAL_GPIO_EXTI_IRQHandler                 0x08001829   Thumb Code    18  stm32f4xx_hal_gpio.o(i.HAL_GPIO_EXTI_IRQHandler)
    HAL_GPIO_Init                            0x08001841   Thumb Code   418  stm32f4xx_hal_gpio.o(i.HAL_GPIO_Init)
    HAL_GPIO_WritePin                        0x08001a11   Thumb Code    10  stm32f4xx_hal_gpio.o(i.HAL_GPIO_WritePin)
    HAL_GetTick                              0x08001a1d   Thumb Code     6  stm32f4xx_hal.o(i.HAL_GetTick)
    HAL_I2C_Init                             0x08001a29   Thumb Code   376  stm32f4xx_hal_i2c.o(i.HAL_I2C_Init)
    HAL_I2C_MspInit                          0x08001bb1   Thumb Code    94  i2c.o(i.HAL_I2C_MspInit)
    HAL_IncTick                              0x08001c1d   Thumb Code    12  stm32f4xx_hal.o(i.HAL_IncTick)
    HAL_Init                                 0x08001c2d   Thumb Code    48  stm32f4xx_hal.o(i.HAL_Init)
    HAL_InitTick                             0x08001c61   Thumb Code   132  stm32f4xx_hal_timebase_tim.o(i.HAL_InitTick)
    HAL_MspInit                              0x08001cf9   Thumb Code    52  stm32f4xx_hal_msp.o(i.HAL_MspInit)
    HAL_NVIC_DisableIRQ                      0x08001d31   Thumb Code    34  stm32f4xx_hal_cortex.o(i.HAL_NVIC_DisableIRQ)
    HAL_NVIC_EnableIRQ                       0x08001d53   Thumb Code    26  stm32f4xx_hal_cortex.o(i.HAL_NVIC_EnableIRQ)
    HAL_NVIC_SetPriority                     0x08001d6d   Thumb Code    60  stm32f4xx_hal_cortex.o(i.HAL_NVIC_SetPriority)
    HAL_NVIC_SetPriorityGrouping             0x08001dad   Thumb Code    26  stm32f4xx_hal_cortex.o(i.HAL_NVIC_SetPriorityGrouping)
    HAL_RCC_ClockConfig                      0x08001dd1   Thumb Code   288  stm32f4xx_hal_rcc.o(i.HAL_RCC_ClockConfig)
    HAL_RCC_GetClockConfig                   0x08001f05   Thumb Code    54  stm32f4xx_hal_rcc.o(i.HAL_RCC_GetClockConfig)
    HAL_RCC_GetPCLK1Freq                     0x08001f45   Thumb Code    20  stm32f4xx_hal_rcc.o(i.HAL_RCC_GetPCLK1Freq)
    HAL_RCC_GetPCLK2Freq                     0x08001f65   Thumb Code    20  stm32f4xx_hal_rcc.o(i.HAL_RCC_GetPCLK2Freq)
    HAL_RCC_GetSysClockFreq                  0x08001f85   Thumb Code    88  stm32f4xx_hal_rcc.o(i.HAL_RCC_GetSysClockFreq)
    HAL_RCC_OscConfig                        0x08001fe5   Thumb Code   836  stm32f4xx_hal_rcc.o(i.HAL_RCC_OscConfig)
    HAL_TIMEx_BreakCallback                  0x0800233d   Thumb Code     2  stm32f4xx_hal_tim_ex.o(i.HAL_TIMEx_BreakCallback)
    HAL_TIMEx_CommutCallback                 0x0800233f   Thumb Code     2  stm32f4xx_hal_tim_ex.o(i.HAL_TIMEx_CommutCallback)
    HAL_TIMEx_MasterConfigSynchronization    0x08002341   Thumb Code   116  stm32f4xx_hal_tim_ex.o(i.HAL_TIMEx_MasterConfigSynchronization)
    HAL_TIM_Base_Init                        0x080023d1   Thumb Code    90  stm32f4xx_hal_tim.o(i.HAL_TIM_Base_Init)
    HAL_TIM_Base_MspInit                     0x0800242d   Thumb Code   140  tim.o(i.HAL_TIM_Base_MspInit)
    HAL_TIM_Base_Start_IT                    0x080024cd   Thumb Code   100  stm32f4xx_hal_tim.o(i.HAL_TIM_Base_Start_IT)
    HAL_TIM_ConfigClockSource                0x0800254d   Thumb Code   220  stm32f4xx_hal_tim.o(i.HAL_TIM_ConfigClockSource)
    HAL_TIM_IC_CaptureCallback               0x08002629   Thumb Code     2  stm32f4xx_hal_tim.o(i.HAL_TIM_IC_CaptureCallback)
    HAL_TIM_IRQHandler                       0x0800262b   Thumb Code   358  stm32f4xx_hal_tim.o(i.HAL_TIM_IRQHandler)
    HAL_TIM_MspPostInit                      0x08002791   Thumb Code   158  tim.o(i.HAL_TIM_MspPostInit)
    HAL_TIM_OC_DelayElapsedCallback          0x0800284d   Thumb Code     2  stm32f4xx_hal_tim.o(i.HAL_TIM_OC_DelayElapsedCallback)
    HAL_TIM_PWM_ConfigChannel                0x0800284f   Thumb Code   204  stm32f4xx_hal_tim.o(i.HAL_TIM_PWM_ConfigChannel)
    HAL_TIM_PWM_Init                         0x0800291b   Thumb Code    90  stm32f4xx_hal_tim.o(i.HAL_TIM_PWM_Init)
    HAL_TIM_PWM_MspInit                      0x08002975   Thumb Code     2  stm32f4xx_hal_tim.o(i.HAL_TIM_PWM_MspInit)
    HAL_TIM_PWM_PulseFinishedCallback        0x08002977   Thumb Code     2  stm32f4xx_hal_tim.o(i.HAL_TIM_PWM_PulseFinishedCallback)
    HAL_TIM_PWM_Start                        0x08002979   Thumb Code   178  stm32f4xx_hal_tim.o(i.HAL_TIM_PWM_Start)
    HAL_TIM_PeriodElapsedCallback            0x08002a49   Thumb Code    98  main.o(i.HAL_TIM_PeriodElapsedCallback)
    HAL_TIM_TriggerCallback                  0x08002ac1   Thumb Code     2  stm32f4xx_hal_tim.o(i.HAL_TIM_TriggerCallback)
    HAL_UARTEx_RxEventCallback               0x08002ac3   Thumb Code     2  stm32f4xx_hal_uart.o(i.HAL_UARTEx_RxEventCallback)
    HAL_UART_AbortReceive                    0x08002ac5   Thumb Code   148  stm32f4xx_hal_uart.o(i.HAL_UART_AbortReceive)
    HAL_UART_ErrorCallback                   0x08002b59   Thumb Code     2  stm32f4xx_hal_uart.o(i.HAL_UART_ErrorCallback)
    HAL_UART_IRQHandler                      0x08002b5d   Thumb Code   610  stm32f4xx_hal_uart.o(i.HAL_UART_IRQHandler)
    HAL_UART_Init                            0x08002dc5   Thumb Code    98  stm32f4xx_hal_uart.o(i.HAL_UART_Init)
    HAL_UART_MspDeInit                       0x08002e29   Thumb Code   106  usart.o(i.HAL_UART_MspDeInit)
    HAL_UART_MspInit                         0x08002eb1   Thumb Code   304  usart.o(i.HAL_UART_MspInit)
    HAL_UART_Receive_IT                      0x08002ffd   Thumb Code    42  stm32f4xx_hal_uart.o(i.HAL_UART_Receive_IT)
    HAL_UART_RxCpltCallback                  0x08003029   Thumb Code    68  communication.o(i.HAL_UART_RxCpltCallback)
    HAL_UART_TxCpltCallback                  0x08003081   Thumb Code     2  stm32f4xx_hal_uart.o(i.HAL_UART_TxCpltCallback)
    HaoYing_U8_Init                          0x08003085   Thumb Code    60  haoying_u8.o(i.HaoYing_U8_Init)
    HardFault_Handler                        0x080030cd   Thumb Code     2  stm32f4xx_it.o(i.HardFault_Handler)
    MX_CAN1_Init                             0x080030d1   Thumb Code    62  can.o(i.MX_CAN1_Init)
    MX_CAN2_Init                             0x08003119   Thumb Code    62  can.o(i.MX_CAN2_Init)
    MX_FREERTOS_Init                         0x08003161   Thumb Code    70  freertos.o(i.MX_FREERTOS_Init)
    MX_GPIO_Init                             0x080031c1   Thumb Code   172  gpio.o(i.MX_GPIO_Init)
    MX_I2C2_Init                             0x08003275   Thumb Code    50  i2c.o(i.MX_I2C2_Init)
    MX_TIM10_Init                            0x080032b5   Thumb Code    96  tim.o(i.MX_TIM10_Init)
    MX_TIM13_Init                            0x0800331d   Thumb Code    96  tim.o(i.MX_TIM13_Init)
    MX_TIM14_Init                            0x08003385   Thumb Code    96  tim.o(i.MX_TIM14_Init)
    MX_TIM2_Init                             0x080033ed   Thumb Code    98  tim.o(i.MX_TIM2_Init)
    MX_TIM9_Init                             0x08003455   Thumb Code   124  tim.o(i.MX_TIM9_Init)
    MX_UART4_Init                            0x080034d9   Thumb Code    48  usart.o(i.MX_UART4_Init)
    MX_UART5_Init                            0x08003511   Thumb Code    48  usart.o(i.MX_UART5_Init)
    MX_USART1_UART_Init                      0x08003549   Thumb Code    48  usart.o(i.MX_USART1_UART_Init)
    MemManage_Handler                        0x08003581   Thumb Code     2  stm32f4xx_it.o(i.MemManage_Handler)
    Motor_Control_Function                   0x08003585   Thumb Code    44  freertos.o(i.Motor_Control_Function)
    NMI_Handler                              0x080035b5   Thumb Code     2  stm32f4xx_it.o(i.NMI_Handler)
    Pid_Init_All                             0x080035b9   Thumb Code   216  config.o(i.Pid_Init_All)
    RM_Motor_Init                            0x08003699   Thumb Code   108  config.o(i.RM_Motor_Init)
    RM_SPPED_TEST                            0x08003709   Thumb Code    54  board_elmo.o(i.RM_SPPED_TEST)
    ROS_32_Serial_Function                   0x08003749   Thumb Code     8  freertos.o(i.ROS_32_Serial_Function)
    Robot_Control_Mode                       0x08003751   Thumb Code   322  fsm.o(i.Robot_Control_Mode)
    Robot_Wheels_Adjust                      0x08003901   Thumb Code    14  chassis.o(i.Robot_Wheels_Adjust)
    Robot_Wheels_RPM_calculate               0x08003911   Thumb Code   314  chassis.o(i.Robot_Wheels_RPM_calculate)
    Robot_stop                               0x08003a71   Thumb Code    36  fsm.o(i.Robot_stop)
    STM32_READ_FROM_ROS_FLOAT                0x08003a99   Thumb Code   316  communication.o(i.STM32_READ_FROM_ROS_FLOAT)
    StartDefaultTask                         0x08003c0d   Thumb Code    38  freertos.o(i.StartDefaultTask)
    SysTick_Handler                          0x08003c39   Thumb Code    26  cmsis_os2.o(i.SysTick_Handler)
    SystemClock_Config                       0x08003c55   Thumb Code   138  main.o(i.SystemClock_Config)
    SystemInit                               0x08003ce9   Thumb Code    12  system_stm32f4xx.o(i.SystemInit)
    TIM2_IRQHandler                          0x08003cf9   Thumb Code     6  stm32f4xx_it.o(i.TIM2_IRQHandler)
    TIM3_IRQHandler                          0x08003d05   Thumb Code     6  stm32f4xx_it.o(i.TIM3_IRQHandler)
    TIM_Base_SetConfig                       0x08003d11   Thumb Code   156  stm32f4xx_hal_tim.o(i.TIM_Base_SetConfig)
    TIM_CCxChannelCmd                        0x08003dd9   Thumb Code    26  stm32f4xx_hal_tim.o(i.TIM_CCxChannelCmd)
    TIM_ETR_SetConfig                        0x08003df3   Thumb Code    20  stm32f4xx_hal_tim.o(i.TIM_ETR_SetConfig)
    TIM_OC2_SetConfig                        0x08003e79   Thumb Code    98  stm32f4xx_hal_tim.o(i.TIM_OC2_SetConfig)
    U8_and_VESC_Function                     0x08003fe3   Thumb Code    12  freertos.o(i.U8_and_VESC_Function)
    UART4_IRQHandler                         0x08003ff1   Thumb Code     6  stm32f4xx_it.o(i.UART4_IRQHandler)
    UART5_IRQHandler                         0x08003ffd   Thumb Code     6  stm32f4xx_it.o(i.UART5_IRQHandler)
    UART_Start_Receive_IT                    0x08004235   Thumb Code    58  stm32f4xx_hal_uart.o(i.UART_Start_Receive_IT)
    USART1_IRQHandler                        0x08004271   Thumb Code     6  stm32f4xx_it.o(i.USART1_IRQHandler)
    Update_Action_gl_position                0x0800427d   Thumb Code   114  action.o(i.Update_Action_gl_position)
    UsageFault_Handler                       0x080042f9   Thumb Code     2  stm32f4xx_it.o(i.UsageFault_Handler)
    User_Open_Can1                           0x080042fd   Thumb Code    90  user_can_init.o(i.User_Open_Can1)
    User_Open_Can2                           0x0800435d   Thumb Code    92  user_can_init.o(i.User_Open_Can2)
    __ARM_fpclassify                         0x080043bd   Thumb Code    48  fpclassify.o(i.__ARM_fpclassify)
    __hardfp_cos                             0x08004411   Thumb Code   180  cos.o(i.__hardfp_cos)
    __hardfp_sin                             0x080044d9   Thumb Code   180  sin.o(i.__hardfp_sin)
    __ieee754_rem_pio2                       0x080045a1   Thumb Code   938  rred.o(i.__ieee754_rem_pio2)
    __kernel_cos                             0x080049d9   Thumb Code   322  cos_i.o(i.__kernel_cos)
    __kernel_poly                            0x08004b49   Thumb Code   248  poly.o(i.__kernel_poly)
    __kernel_sin                             0x08004c41   Thumb Code   280  sin_i.o(i.__kernel_sin)
    __mathlib_dbl_infnan                     0x08004d71   Thumb Code    20  dunder.o(i.__mathlib_dbl_infnan)
    __mathlib_dbl_invalid                    0x08004d89   Thumb Code    24  dunder.o(i.__mathlib_dbl_invalid)
    __mathlib_dbl_underflow                  0x08004da9   Thumb Code    24  dunder.o(i.__mathlib_dbl_underflow)
    __scatterload_copy                       0x08004dc9   Thumb Code    14  handlers.o(i.__scatterload_copy)
    __scatterload_null                       0x08004dd7   Thumb Code     2  handlers.o(i.__scatterload_null)
    __scatterload_zeroinit                   0x08004dd9   Thumb Code    14  handlers.o(i.__scatterload_zeroinit)
    __set_errno                              0x08004de9   Thumb Code     6  errno.o(i.__set_errno)
    action_data_analyse                      0x08004df5   Thumb Code   112  action.o(i.action_data_analyse)
    baffle_control                           0x08004e71   Thumb Code   120  body_controllers.o(i.baffle_control)
    ball_filter                              0x08004ef1   Thumb Code   274  body_controllers.o(i.ball_filter)
    board_id_choose                          0x08005011   Thumb Code    42  board_elmo.o(i.board_id_choose)
    buffer_append_float16                    0x0800503b   Thumb Code    42  user_can_init.o(i.buffer_append_float16)
    buffer_append_int16                      0x08005065   Thumb Code    22  user_can_init.o(i.buffer_append_int16)
    buffer_append_int32                      0x0800507b   Thumb Code    42  user_can_init.o(i.buffer_append_int32)
    buffer_append_uint16                     0x080050a5   Thumb Code    22  user_can_init.o(i.buffer_append_uint16)
    buffer_get_float16                       0x080050bb   Thumb Code    40  user_can_init.o(i.buffer_get_float16)
    buffer_get_float32                       0x080050e3   Thumb Code    40  user_can_init.o(i.buffer_get_float32)
    buffer_get_int16                         0x0800510b   Thumb Code    16  user_can_init.o(i.buffer_get_int16)
    buffer_get_int32                         0x0800511b   Thumb Code    24  user_can_init.o(i.buffer_get_int32)
    buffer_get_uint16                        0x08005133   Thumb Code    14  user_can_init.o(i.buffer_get_uint16)
    buffer_get_uint32                        0x08005141   Thumb Code    24  user_can_init.o(i.buffer_get_uint32)
    comm_can_transmit_stdid                  0x08005159   Thumb Code    70  user_can_init.o(i.comm_can_transmit_stdid)
    debug_safe_printf                        0x080051a1   Thumb Code     6  freertos.o(i.debug_safe_printf)
    fabs                                     0x080051ad   Thumb Code    24  fabs.o(i.fabs)
    get_rm_board_msg                         0x080051c5   Thumb Code   296  board_elmo.o(i.get_rm_board_msg)
    main                                     0x08005301   Thumb Code   108  main.o(i.main)
    osDelay                                  0x0800537d   Thumb Code    26  cmsis_os2.o(i.osDelay)
    osKernelInitialize                       0x08005399   Thumb Code    32  cmsis_os2.o(i.osKernelInitialize)
    osKernelStart                            0x080053bd   Thumb Code    48  cmsis_os2.o(i.osKernelStart)
    osMutexNew                               0x080053f5   Thumb Code   104  cmsis_os2.o(i.osMutexNew)
    osThreadNew                              0x0800545d   Thumb Code   136  cmsis_os2.o(i.osThreadNew)
    pvPortMalloc                             0x08005c85   Thumb Code   216  heap_4.o(i.pvPortMalloc)
    pxPortInitialiseStack                    0x08005d61   Thumb Code    40  port.o(i.pxPortInitialiseStack)
    rm_motor_control                         0x08005d8d   Thumb Code   180  config.o(i.rm_motor_control)
    serial_get_crc8_value                    0x08005e41   Thumb Code    46  communication.o(i.serial_get_crc8_value)
    u8_speed_set                             0x08005e71   Thumb Code    62  haoying_u8.o(i.u8_speed_set)
    uxListRemove                             0x08005ebd   Thumb Code    38  list.o(i.uxListRemove)
    vApplicationGetIdleTaskMemory            0x08005ee5   Thumb Code    16  cmsis_os2.o(i.vApplicationGetIdleTaskMemory)
    vApplicationGetTimerTaskMemory           0x08005ef9   Thumb Code    18  cmsis_os2.o(i.vApplicationGetTimerTaskMemory)
    vListInitialise                          0x08005f11   Thumb Code    22  list.o(i.vListInitialise)
    vListInitialiseItem                      0x08005f27   Thumb Code     6  list.o(i.vListInitialiseItem)
    vListInsert                              0x08005f2d   Thumb Code    48  list.o(i.vListInsert)
    vListInsertEnd                           0x08005f5d   Thumb Code    24  list.o(i.vListInsertEnd)
    vPortEnterCritical                       0x08005f75   Thumb Code    54  port.o(i.vPortEnterCritical)
    vPortExitCritical                        0x08005fb5   Thumb Code    34  port.o(i.vPortExitCritical)
    vPortFree                                0x08005fdd   Thumb Code    94  heap_4.o(i.vPortFree)
    vPortSetupTimerInterrupt                 0x08006041   Thumb Code    32  port.o(i.vPortSetupTimerInterrupt)
    vPortValidateInterruptPriority           0x08006065   Thumb Code    74  port.o(i.vPortValidateInterruptPriority)
    vQueueAddToRegistry                      0x080060b9   Thumb Code    32  queue.o(i.vQueueAddToRegistry)
    vQueueWaitForMessageRestricted           0x080060dd   Thumb Code    68  queue.o(i.vQueueWaitForMessageRestricted)
    vTaskDelay                               0x08006121   Thumb Code    66  tasks.o(i.vTaskDelay)
    vTaskInternalSetTimeOutState             0x0800616d   Thumb Code    12  tasks.o(i.vTaskInternalSetTimeOutState)
    vTaskMissedYield                         0x0800617d   Thumb Code     8  tasks.o(i.vTaskMissedYield)
    vTaskPlaceOnEventList                    0x08006189   Thumb Code    44  tasks.o(i.vTaskPlaceOnEventList)
    vTaskPlaceOnEventListRestricted          0x080061b9   Thumb Code    52  tasks.o(i.vTaskPlaceOnEventListRestricted)
    vTaskStartScheduler                      0x080061f1   Thumb Code   116  tasks.o(i.vTaskStartScheduler)
    vTaskSuspendAll                          0x08006275   Thumb Code    10  tasks.o(i.vTaskSuspendAll)
    vTaskSwitchContext                       0x08006285   Thumb Code    90  tasks.o(i.vTaskSwitchContext)
    xPortStartScheduler                      0x080062e9   Thumb Code   224  port.o(i.xPortStartScheduler)
    xPortSysTickHandler                      0x080063dd   Thumb Code    38  port.o(i.xPortSysTickHandler)
    xQueueCreateMutex                        0x08006409   Thumb Code    22  queue.o(i.xQueueCreateMutex)
    xQueueCreateMutexStatic                  0x0800641f   Thumb Code    26  queue.o(i.xQueueCreateMutexStatic)
    xQueueGenericCreate                      0x08006439   Thumb Code    66  queue.o(i.xQueueGenericCreate)
    xQueueGenericCreateStatic                0x0800647b   Thumb Code   102  queue.o(i.xQueueGenericCreateStatic)
    xQueueGenericReset                       0x080064e1   Thumb Code   132  queue.o(i.xQueueGenericReset)
    xQueueGenericSend                        0x08006569   Thumb Code   350  queue.o(i.xQueueGenericSend)
    xQueueGenericSendFromISR                 0x080066cd   Thumb Code   190  queue.o(i.xQueueGenericSendFromISR)
    xQueueReceive                            0x0800678d   Thumb Code   308  queue.o(i.xQueueReceive)
    xTaskCheckForTimeOut                     0x080068c5   Thumb Code   112  tasks.o(i.xTaskCheckForTimeOut)
    xTaskCreate                              0x08006939   Thumb Code    90  tasks.o(i.xTaskCreate)
    xTaskCreateStatic                        0x08006993   Thumb Code    90  tasks.o(i.xTaskCreateStatic)
    xTaskGetSchedulerState                   0x080069ed   Thumb Code    22  tasks.o(i.xTaskGetSchedulerState)
    xTaskGetTickCount                        0x08006a09   Thumb Code     6  tasks.o(i.xTaskGetTickCount)
    xTaskIncrementTick                       0x08006a15   Thumb Code   192  tasks.o(i.xTaskIncrementTick)
    xTaskPriorityDisinherit                  0x08006add   Thumb Code   116  tasks.o(i.xTaskPriorityDisinherit)
    xTaskRemoveFromEventList                 0x08006b59   Thumb Code    98  tasks.o(i.xTaskRemoveFromEventList)
    xTaskResumeAll                           0x08006bc9   Thumb Code   180  tasks.o(i.xTaskResumeAll)
    xTimerCreateTimerTask                    0x08006c89   Thumb Code    78  timers.o(i.xTimerCreateTimerTask)
    xTimerGenericCommand                     0x08006ce9   Thumb Code    94  timers.o(i.xTimerGenericCommand)
    defaultTask_attributes                   0x08006d4c   Data          36  freertos.o(.constdata)
    ROS_32_Serial_attributes                 0x08006d70   Data          36  freertos.o(.constdata)
    Motor_Control_attributes                 0x08006d94   Data          36  freertos.o(.constdata)
    U8_and_VESC_attributes                   0x08006db8   Data          36  freertos.o(.constdata)
    safe_printf_attributes                   0x08006ddc   Data          16  freertos.o(.constdata)
    AHBPrescTable                            0x08006dec   Data          16  system_stm32f4xx.o(.constdata)
    APBPrescTable                            0x08006dfc   Data           8  system_stm32f4xx.o(.constdata)
    Region$$Table$$Base                      0x08006f6c   Number         0  anon$$obj.o(Region$$Table)
    Region$$Table$$Limit                     0x08006f8c   Number         0  anon$$obj.o(Region$$Table)
    defaultTaskHandle                        0x20000004   Data           4  freertos.o(.data)
    ROS_32_SerialHandle                      0x20000008   Data           4  freertos.o(.data)
    Motor_ControlHandle                      0x2000000c   Data           4  freertos.o(.data)
    U8_and_VESCHandle                        0x20000010   Data           4  freertos.o(.data)
    safe_printfHandle                        0x20000014   Data           4  freertos.o(.data)
    uwTickFreq                               0x2000001c   Data           1  stm32f4xx_hal.o(.data)
    uwTickPrio                               0x20000020   Data           4  stm32f4xx_hal.o(.data)
    uwTick                                   0x20000024   Data           4  stm32f4xx_hal.o(.data)
    SystemCoreClock                          0x20000028   Data           4  system_stm32f4xx.o(.data)
    pxCurrentTCB                             0x2000002c   Data           4  tasks.o(.data)
    testRece4                                0x200000ac   Data           1  communication.o(.data)
    USART_Receiver1                          0x200000ad   Data           1  communication.o(.data)
    Stm32ToRos_RPM1                          0x200000b8   Data           2  communication.o(.data)
    Stm32ToRos_RPM2                          0x200000ba   Data           2  communication.o(.data)
    Stm32ToRos_RPM3                          0x200000bc   Data           2  communication.o(.data)
    Stm32ToRos_RPM4                          0x200000be   Data           2  communication.o(.data)
    RosToStm32_CHASSIS_X                     0x200000c4   Data           4  communication.o(.data)
    RosToStm32_CHASSIS_Y                     0x200000c8   Data           4  communication.o(.data)
    RosToStm32_CHASSIS_W                     0x200000cc   Data           4  communication.o(.data)
    Stm32ToRos_RealAngl1                     0x200000d0   Data           4  communication.o(.data)
    Stm32ToRos_RealAngl2                     0x200000d4   Data           4  communication.o(.data)
    Stm32ToRos_RealAngl3                     0x200000d8   Data           4  communication.o(.data)
    Stm32ToRos_RealAngl4                     0x200000dc   Data           4  communication.o(.data)
    test_id                                  0x200000e0   Data           2  user_can_init.o(.data)
    RxData                                   0x200000e2   Data           8  user_can_init.o(.data)
    Time_Sys                                 0x200000ec   Data           8  air_joy.o(.data)
    Microsecond_Cnt                          0x200000f4   Data           2  air_joy.o(.data)
    ppm_update_flag                          0x200000f8   Data           1  air_joy.o(.data)
    now_ppm_time_send                        0x20000100   Data           4  air_joy.o(.data)
    TIME_ISR_CNT                             0x20000104   Data           4  air_joy.o(.data)
    LAST_TIME_ISR_CNT                        0x20000110   Data           4  air_joy.o(.data)
    test_con_id                              0x20000128   Data           2  board_elmo.o(.data)
    hcan1                                    0x20000134   Data          40  can.o(.bss)
    hcan2                                    0x2000015c   Data          40  can.o(.bss)
    hi2c2                                    0x20000184   Data          84  i2c.o(.bss)
    htim2                                    0x200001d8   Data          72  tim.o(.bss)
    htim9                                    0x20000220   Data          72  tim.o(.bss)
    htim10                                   0x20000268   Data          72  tim.o(.bss)
    htim13                                   0x200002b0   Data          72  tim.o(.bss)
    htim14                                   0x200002f8   Data          72  tim.o(.bss)
    huart4                                   0x20000340   Data          68  usart.o(.bss)
    huart5                                   0x20000384   Data          68  usart.o(.bss)
    huart1                                   0x200003c8   Data          68  usart.o(.bss)
    htim3                                    0x2000040c   Data          72  stm32f4xx_hal_timebase_tim.o(.bss)
    xQueueRegistry                           0x20000454   Data          64  queue.o(.bss)
    ROBOT_CHASSI                             0x20004d28   Data          72  chassis.o(.bss)
    receivesend_buff                         0x20004d70   Data          19  communication.o(.bss)
    PPM_Databuf                              0x20004d98   Data          20  air_joy.o(.bss)
    ACTION_GL_POS_DATA                       0x20004dac   Data          48  action.o(.bss)
    RM_BOARD_MSG_1                           0x20004df4   Data         384  board_elmo.o(.bss)
    RM_BOARD_MSG_2                           0x20004f74   Data         384  board_elmo.o(.bss)
    VESC_BOARD_MSG_1                         0x200050f4   Data         216  board_elmo.o(.bss)
    VESC_BOARD_MSG_2                         0x200051cc   Data         216  board_elmo.o(.bss)
    __initial_sp                             0x200056a8   Data           0  startup_stm32f407xx.o(STACK)



==============================================================================

Memory Map of the image

  Image Entry point : 0x08000189

  Load Region LR_IROM1 (Base: 0x08000000, Size: 0x000070c0, Max: 0x00100000, ABSOLUTE, COMPRESSED[0x00006fa4])

    Execution Region ER_IROM1 (Exec base: 0x08000000, Load base: 0x08000000, Size: 0x00006f8c, Max: 0x00100000, ABSOLUTE)

    Exec Addr    Load Addr    Size         Type   Attr      Idx    E Section Name        Object

    0x08000000   0x08000000   0x00000188   Data   RO            3    RESET               startup_stm32f407xx.o
    0x08000188   0x08000188   0x00000000   Code   RO         6568  * .ARM.Collect$$$$00000000  mc_w.l(entry.o)
    0x08000188   0x08000188   0x00000004   Code   RO         6613    .ARM.Collect$$$$00000001  mc_w.l(entry2.o)
    0x0800018c   0x0800018c   0x00000004   Code   RO         6616    .ARM.Collect$$$$00000004  mc_w.l(entry5.o)
    0x08000190   0x08000190   0x00000000   Code   RO         6618    .ARM.Collect$$$$00000008  mc_w.l(entry7b.o)
    0x08000190   0x08000190   0x00000000   Code   RO         6620    .ARM.Collect$$$$0000000A  mc_w.l(entry8b.o)
    0x08000190   0x08000190   0x00000008   Code   RO         6621    .ARM.Collect$$$$0000000B  mc_w.l(entry9a.o)
    0x08000198   0x08000198   0x00000000   Code   RO         6623    .ARM.Collect$$$$0000000D  mc_w.l(entry10a.o)
    0x08000198   0x08000198   0x00000000   Code   RO         6625    .ARM.Collect$$$$0000000F  mc_w.l(entry11a.o)
    0x08000198   0x08000198   0x00000004   Code   RO         6614    .ARM.Collect$$$$00002712  mc_w.l(entry2.o)
    0x0800019c   0x0800019c   0x000000be   Code   RO         5848    .emb_text           port.o
    0x0800025a   0x0800025a   0x00000002   PAD
    0x0800025c   0x0800025c   0x00000024   Code   RO            4    .text               startup_stm32f407xx.o
    0x08000280   0x08000280   0x00000062   Code   RO         6571    .text               mc_w.l(uldiv.o)
    0x080002e2   0x080002e2   0x00000024   Code   RO         6573    .text               mc_w.l(memcpya.o)
    0x08000306   0x08000306   0x00000024   Code   RO         6577    .text               mc_w.l(memseta.o)
    0x0800032a   0x0800032a   0x00000026   Code   RO         6581    .text               mf_w.l(f2d.o)
    0x08000350   0x08000350   0x00000038   Code   RO         6583    .text               mf_w.l(d2f.o)
    0x08000388   0x08000388   0x0000001e   Code   RO         6627    .text               mc_w.l(llshl.o)
    0x080003a6   0x080003a6   0x00000020   Code   RO         6629    .text               mc_w.l(llushr.o)
    0x080003c6   0x080003c6   0x00000000   Code   RO         6638    .text               mc_w.l(iusefp.o)
    0x080003c6   0x080003c6   0x0000006e   Code   RO         6639    .text               mf_w.l(fepilogue.o)
    0x08000434   0x08000434   0x00000024   Code   RO         6653    .text               mc_w.l(init.o)
    0x08000458   0x08000458   0x0000014e   Code   RO         6655    .text               mf_w.l(dadd.o)
    0x080005a6   0x080005a6   0x000000e4   Code   RO         6657    .text               mf_w.l(dmul.o)
    0x0800068a   0x0800068a   0x000000de   Code   RO         6659    .text               mf_w.l(ddiv.o)
    0x08000768   0x08000768   0x00000022   Code   RO         6661    .text               mf_w.l(dflti.o)
    0x0800078a   0x0800078a   0x0000001a   Code   RO         6663    .text               mf_w.l(dfltui.o)
    0x080007a4   0x080007a4   0x0000003e   Code   RO         6665    .text               mf_w.l(dfixi.o)
    0x080007e2   0x080007e2   0x00000024   Code   RO         6667    .text               mc_w.l(llsshr.o)
    0x08000806   0x08000806   0x000000ba   Code   RO         6669    .text               mf_w.l(depilogue.o)
    0x080008c0   0x080008c0   0x0000003a   Code   RO         6679    .text               mc_w.l(__dczerorl.o)
    0x080008fa   0x080008fa   0x00000002   PAD
    0x080008fc   0x080008fc   0x00000044   Code   RO         6380    i.BOARD_RM_HOMEING_MODE  board_elmo.o
    0x08000940   0x08000940   0x00000040   Code   RO         6381    i.BOARD_RM_MOTOR_INIT  board_elmo.o
    0x08000980   0x08000980   0x00000024   Code   RO         6382    i.BOARD_RM_MOTOR_OFF  board_elmo.o
    0x080009a4   0x080009a4   0x00000024   Code   RO         6383    i.BOARD_RM_MOTOR_ON  board_elmo.o
    0x080009c8   0x080009c8   0x00000040   Code   RO         6384    i.BOARD_RM_POSITION_CONTROL  board_elmo.o
    0x08000a08   0x08000a08   0x00000040   Code   RO         6386    i.BOARD_RM_SPEED_CONTROL  board_elmo.o
    0x08000a48   0x08000a48   0x0000007c   Code   RO         6387    i.BOARD_RM_VEL_PID  board_elmo.o
    0x08000ac4   0x08000ac4   0x000000e4   Code   RO         6388    i.BOARD_RM_VEL_TPLAN  board_elmo.o
    0x08000ba8   0x08000ba8   0x00000040   Code   RO         6392    i.BOARD_VESC_SPEED_CONTROL  board_elmo.o
    0x08000be8   0x08000be8   0x00000002   Code   RO          773    i.BusFault_Handler  stm32f4xx_it.o
    0x08000bea   0x08000bea   0x00000002   PAD
    0x08000bec   0x08000bec   0x0000000c   Code   RO          774    i.CAN1_RX0_IRQHandler  stm32f4xx_it.o
    0x08000bf8   0x08000bf8   0x0000000c   Code   RO          775    i.CAN1_RX1_IRQHandler  stm32f4xx_it.o
    0x08000c04   0x08000c04   0x0000000c   Code   RO          776    i.CAN1_SCE_IRQHandler  stm32f4xx_it.o
    0x08000c10   0x08000c10   0x0000000c   Code   RO          777    i.CAN1_TX_IRQHandler  stm32f4xx_it.o
    0x08000c1c   0x08000c1c   0x0000000c   Code   RO          778    i.CAN2_RX0_IRQHandler  stm32f4xx_it.o
    0x08000c28   0x08000c28   0x0000000c   Code   RO          779    i.CAN2_RX1_IRQHandler  stm32f4xx_it.o
    0x08000c34   0x08000c34   0x0000000c   Code   RO          780    i.CAN2_SCE_IRQHandler  stm32f4xx_it.o
    0x08000c40   0x08000c40   0x0000000c   Code   RO          781    i.CAN2_TX_IRQHandler  stm32f4xx_it.o
    0x08000c4c   0x08000c4c   0x00000002   Code   RO          782    i.DebugMon_Handler  stm32f4xx_it.o
    0x08000c4e   0x08000c4e   0x00000006   Code   RO          783    i.EXTI9_5_IRQHandler  stm32f4xx_it.o
    0x08000c54   0x08000c54   0x00000004   Code   RO           13    i.Error_Handler     main.o
    0x08000c58   0x08000c58   0x00000128   Code   RO         6226    i.Free_Control      air_joy.o
    0x08000d80   0x08000d80   0x00000024   Code   RO          979    i.HAL_CAN_ActivateNotification  stm32f4xx_hal_can.o
    0x08000da4   0x08000da4   0x000000c8   Code   RO          980    i.HAL_CAN_AddTxMessage  stm32f4xx_hal_can.o
    0x08000e6c   0x08000e6c   0x0000010c   Code   RO          981    i.HAL_CAN_ConfigFilter  stm32f4xx_hal_can.o
    0x08000f78   0x08000f78   0x00000002   Code   RO          984    i.HAL_CAN_ErrorCallback  stm32f4xx_hal_can.o
    0x08000f7a   0x08000f7a   0x000000e8   Code   RO          987    i.HAL_CAN_GetRxMessage  stm32f4xx_hal_can.o
    0x08001062   0x08001062   0x0000002c   Code   RO          989    i.HAL_CAN_GetTxMailboxesFreeLevel  stm32f4xx_hal_can.o
    0x0800108e   0x0800108e   0x000001fc   Code   RO          991    i.HAL_CAN_IRQHandler  stm32f4xx_hal_can.o
    0x0800128a   0x0800128a   0x0000011a   Code   RO          992    i.HAL_CAN_Init      stm32f4xx_hal_can.o
    0x080013a4   0x080013a4   0x0000015c   Code   RO          545    i.HAL_CAN_MspInit   can.o
    0x08001500   0x08001500   0x00000002   Code   RO          999    i.HAL_CAN_RxFifo0FullCallback  stm32f4xx_hal_can.o
    0x08001502   0x08001502   0x00000002   PAD
    0x08001504   0x08001504   0x00000038   Code   RO         6069    i.HAL_CAN_RxFifo0MsgPendingCallback  user_can_init.o
    0x0800153c   0x0800153c   0x00000002   Code   RO         1001    i.HAL_CAN_RxFifo1FullCallback  stm32f4xx_hal_can.o
    0x0800153e   0x0800153e   0x00000002   Code   RO         1002    i.HAL_CAN_RxFifo1MsgPendingCallback  stm32f4xx_hal_can.o
    0x08001540   0x08001540   0x00000002   Code   RO         1003    i.HAL_CAN_SleepCallback  stm32f4xx_hal_can.o
    0x08001542   0x08001542   0x00000056   Code   RO         1004    i.HAL_CAN_Start     stm32f4xx_hal_can.o
    0x08001598   0x08001598   0x00000002   Code   RO         1006    i.HAL_CAN_TxMailbox0AbortCallback  stm32f4xx_hal_can.o
    0x0800159a   0x0800159a   0x00000002   Code   RO         1007    i.HAL_CAN_TxMailbox0CompleteCallback  stm32f4xx_hal_can.o
    0x0800159c   0x0800159c   0x00000002   Code   RO         1008    i.HAL_CAN_TxMailbox1AbortCallback  stm32f4xx_hal_can.o
    0x0800159e   0x0800159e   0x00000002   Code   RO         1009    i.HAL_CAN_TxMailbox1CompleteCallback  stm32f4xx_hal_can.o
    0x080015a0   0x080015a0   0x00000002   Code   RO         1010    i.HAL_CAN_TxMailbox2AbortCallback  stm32f4xx_hal_can.o
    0x080015a2   0x080015a2   0x00000002   Code   RO         1011    i.HAL_CAN_TxMailbox2CompleteCallback  stm32f4xx_hal_can.o
    0x080015a4   0x080015a4   0x00000002   Code   RO         1013    i.HAL_CAN_WakeUpFromRxMsgCallback  stm32f4xx_hal_can.o
    0x080015a6   0x080015a6   0x00000092   Code   RO         1674    i.HAL_DMA_Abort     stm32f4xx_hal_dma.o
    0x08001638   0x08001638   0x00000024   Code   RO         1675    i.HAL_DMA_Abort_IT  stm32f4xx_hal_dma.o
    0x0800165c   0x0800165c   0x00000004   Code   RO         1677    i.HAL_DMA_GetError  stm32f4xx_hal_dma.o
    0x08001660   0x08001660   0x00000024   Code   RO         2093    i.HAL_Delay         stm32f4xx_hal.o
    0x08001684   0x08001684   0x00000120   Code   RO         1564    i.HAL_GPIO_DeInit   stm32f4xx_hal_gpio.o
    0x080017a4   0x080017a4   0x00000084   Code   RO         6227    i.HAL_GPIO_EXTI_Callback  air_joy.o
    0x08001828   0x08001828   0x00000018   Code   RO         1566    i.HAL_GPIO_EXTI_IRQHandler  stm32f4xx_hal_gpio.o
    0x08001840   0x08001840   0x000001d0   Code   RO         1567    i.HAL_GPIO_Init     stm32f4xx_hal_gpio.o
    0x08001a10   0x08001a10   0x0000000a   Code   RO         1571    i.HAL_GPIO_WritePin  stm32f4xx_hal_gpio.o
    0x08001a1a   0x08001a1a   0x00000002   PAD
    0x08001a1c   0x08001a1c   0x0000000c   Code   RO         2099    i.HAL_GetTick       stm32f4xx_hal.o
    0x08001a28   0x08001a28   0x00000188   Code   RO         2355    i.HAL_I2C_Init      stm32f4xx_hal_i2c.o
    0x08001bb0   0x08001bb0   0x0000006c   Code   RO          594    i.HAL_I2C_MspInit   i2c.o
    0x08001c1c   0x08001c1c   0x00000010   Code   RO         2105    i.HAL_IncTick       stm32f4xx_hal.o
    0x08001c2c   0x08001c2c   0x00000034   Code   RO         2106    i.HAL_Init          stm32f4xx_hal.o
    0x08001c60   0x08001c60   0x00000098   Code   RO          939    i.HAL_InitTick      stm32f4xx_hal_timebase_tim.o
    0x08001cf8   0x08001cf8   0x00000038   Code   RO          915    i.HAL_MspInit       stm32f4xx_hal_msp.o
    0x08001d30   0x08001d30   0x00000022   Code   RO         1955    i.HAL_NVIC_DisableIRQ  stm32f4xx_hal_cortex.o
    0x08001d52   0x08001d52   0x0000001a   Code   RO         1956    i.HAL_NVIC_EnableIRQ  stm32f4xx_hal_cortex.o
    0x08001d6c   0x08001d6c   0x00000040   Code   RO         1962    i.HAL_NVIC_SetPriority  stm32f4xx_hal_cortex.o
    0x08001dac   0x08001dac   0x00000024   Code   RO         1963    i.HAL_NVIC_SetPriorityGrouping  stm32f4xx_hal_cortex.o
    0x08001dd0   0x08001dd0   0x00000134   Code   RO         1213    i.HAL_RCC_ClockConfig  stm32f4xx_hal_rcc.o
    0x08001f04   0x08001f04   0x00000040   Code   RO         1217    i.HAL_RCC_GetClockConfig  stm32f4xx_hal_rcc.o
    0x08001f44   0x08001f44   0x00000020   Code   RO         1220    i.HAL_RCC_GetPCLK1Freq  stm32f4xx_hal_rcc.o
    0x08001f64   0x08001f64   0x00000020   Code   RO         1221    i.HAL_RCC_GetPCLK2Freq  stm32f4xx_hal_rcc.o
    0x08001f84   0x08001f84   0x00000060   Code   RO         1222    i.HAL_RCC_GetSysClockFreq  stm32f4xx_hal_rcc.o
    0x08001fe4   0x08001fe4   0x00000358   Code   RO         1225    i.HAL_RCC_OscConfig  stm32f4xx_hal_rcc.o
    0x0800233c   0x0800233c   0x00000002   Code   RO         3500    i.HAL_TIMEx_BreakCallback  stm32f4xx_hal_tim_ex.o
    0x0800233e   0x0800233e   0x00000002   Code   RO         3501    i.HAL_TIMEx_CommutCallback  stm32f4xx_hal_tim_ex.o
    0x08002340   0x08002340   0x00000090   Code   RO         3519    i.HAL_TIMEx_MasterConfigSynchronization  stm32f4xx_hal_tim_ex.o
    0x080023d0   0x080023d0   0x0000005a   Code   RO         2796    i.HAL_TIM_Base_Init  stm32f4xx_hal_tim.o
    0x0800242a   0x0800242a   0x00000002   PAD
    0x0800242c   0x0800242c   0x000000a0   Code   RO          636    i.HAL_TIM_Base_MspInit  tim.o
    0x080024cc   0x080024cc   0x00000080   Code   RO         2801    i.HAL_TIM_Base_Start_IT  stm32f4xx_hal_tim.o
    0x0800254c   0x0800254c   0x000000dc   Code   RO         2805    i.HAL_TIM_ConfigClockSource  stm32f4xx_hal_tim.o
    0x08002628   0x08002628   0x00000002   Code   RO         2830    i.HAL_TIM_IC_CaptureCallback  stm32f4xx_hal_tim.o
    0x0800262a   0x0800262a   0x00000166   Code   RO         2844    i.HAL_TIM_IRQHandler  stm32f4xx_hal_tim.o
    0x08002790   0x08002790   0x000000bc   Code   RO          637    i.HAL_TIM_MspPostInit  tim.o
    0x0800284c   0x0800284c   0x00000002   Code   RO         2847    i.HAL_TIM_OC_DelayElapsedCallback  stm32f4xx_hal_tim.o
    0x0800284e   0x0800284e   0x000000cc   Code   RO         2868    i.HAL_TIM_PWM_ConfigChannel  stm32f4xx_hal_tim.o
    0x0800291a   0x0800291a   0x0000005a   Code   RO         2871    i.HAL_TIM_PWM_Init  stm32f4xx_hal_tim.o
    0x08002974   0x08002974   0x00000002   Code   RO         2873    i.HAL_TIM_PWM_MspInit  stm32f4xx_hal_tim.o
    0x08002976   0x08002976   0x00000002   Code   RO         2874    i.HAL_TIM_PWM_PulseFinishedCallback  stm32f4xx_hal_tim.o
    0x08002978   0x08002978   0x000000d0   Code   RO         2876    i.HAL_TIM_PWM_Start  stm32f4xx_hal_tim.o
    0x08002a48   0x08002a48   0x00000078   Code   RO           14    i.HAL_TIM_PeriodElapsedCallback  main.o
    0x08002ac0   0x08002ac0   0x00000002   Code   RO         2887    i.HAL_TIM_TriggerCallback  stm32f4xx_hal_tim.o
    0x08002ac2   0x08002ac2   0x00000002   Code   RO         3778    i.HAL_UARTEx_RxEventCallback  stm32f4xx_hal_uart.o
    0x08002ac4   0x08002ac4   0x00000094   Code   RO         3781    i.HAL_UART_AbortReceive  stm32f4xx_hal_uart.o
    0x08002b58   0x08002b58   0x00000002   Code   RO         3792    i.HAL_UART_ErrorCallback  stm32f4xx_hal_uart.o
    0x08002b5a   0x08002b5a   0x00000002   PAD
    0x08002b5c   0x08002b5c   0x00000268   Code   RO         3795    i.HAL_UART_IRQHandler  stm32f4xx_hal_uart.o
    0x08002dc4   0x08002dc4   0x00000062   Code   RO         3796    i.HAL_UART_Init     stm32f4xx_hal_uart.o
    0x08002e26   0x08002e26   0x00000002   PAD
    0x08002e28   0x08002e28   0x00000088   Code   RO          707    i.HAL_UART_MspDeInit  usart.o
    0x08002eb0   0x08002eb0   0x0000014c   Code   RO          708    i.HAL_UART_MspInit  usart.o
    0x08002ffc   0x08002ffc   0x0000002a   Code   RO         3801    i.HAL_UART_Receive_IT  stm32f4xx_hal_uart.o
    0x08003026   0x08003026   0x00000002   PAD
    0x08003028   0x08003028   0x00000058   Code   RO         5964    i.HAL_UART_RxCpltCallback  communication.o
    0x08003080   0x08003080   0x00000002   Code   RO         3807    i.HAL_UART_TxCpltCallback  stm32f4xx_hal_uart.o
    0x08003082   0x08003082   0x00000002   PAD
    0x08003084   0x08003084   0x00000048   Code   RO         6304    i.HaoYing_U8_Init   haoying_u8.o
    0x080030cc   0x080030cc   0x00000002   Code   RO          784    i.HardFault_Handler  stm32f4xx_it.o
    0x080030ce   0x080030ce   0x00000002   PAD
    0x080030d0   0x080030d0   0x00000048   Code   RO          546    i.MX_CAN1_Init      can.o
    0x08003118   0x08003118   0x00000048   Code   RO          547    i.MX_CAN2_Init      can.o
    0x08003160   0x08003160   0x00000060   Code   RO          295    i.MX_FREERTOS_Init  freertos.o
    0x080031c0   0x080031c0   0x000000b4   Code   RO          271    i.MX_GPIO_Init      gpio.o
    0x08003274   0x08003274   0x00000040   Code   RO          595    i.MX_I2C2_Init      i2c.o
    0x080032b4   0x080032b4   0x00000068   Code   RO          638    i.MX_TIM10_Init     tim.o
    0x0800331c   0x0800331c   0x00000068   Code   RO          639    i.MX_TIM13_Init     tim.o
    0x08003384   0x08003384   0x00000068   Code   RO          640    i.MX_TIM14_Init     tim.o
    0x080033ec   0x080033ec   0x00000068   Code   RO          641    i.MX_TIM2_Init      tim.o
    0x08003454   0x08003454   0x00000084   Code   RO          642    i.MX_TIM9_Init      tim.o
    0x080034d8   0x080034d8   0x00000038   Code   RO          709    i.MX_UART4_Init     usart.o
    0x08003510   0x08003510   0x00000038   Code   RO          710    i.MX_UART5_Init     usart.o
    0x08003548   0x08003548   0x00000038   Code   RO          711    i.MX_USART1_UART_Init  usart.o
    0x08003580   0x08003580   0x00000002   Code   RO          785    i.MemManage_Handler  stm32f4xx_it.o
    0x08003582   0x08003582   0x00000002   PAD
    0x08003584   0x08003584   0x00000030   Code   RO          296    i.Motor_Control_Function  freertos.o
    0x080035b4   0x080035b4   0x00000002   Code   RO          786    i.NMI_Handler       stm32f4xx_it.o
    0x080035b6   0x080035b6   0x00000002   PAD
    0x080035b8   0x080035b8   0x000000e0   Code   RO         6501    i.Pid_Init_All      config.o
    0x08003698   0x08003698   0x00000070   Code   RO         6502    i.RM_Motor_Init     config.o
    0x08003708   0x08003708   0x00000040   Code   RO         6393    i.RM_SPPED_TEST     board_elmo.o
    0x08003748   0x08003748   0x00000008   Code   RO          297    i.ROS_32_Serial_Function  freertos.o
    0x08003750   0x08003750   0x000001b0   Code   RO         6191    i.Robot_Control_Mode  fsm.o
    0x08003900   0x08003900   0x0000000e   Code   RO         5928    i.Robot_Wheels_Adjust  chassis.o
    0x0800390e   0x0800390e   0x00000002   PAD
    0x08003910   0x08003910   0x00000160   Code   RO         5929    i.Robot_Wheels_RPM_calculate  chassis.o
    0x08003a70   0x08003a70   0x00000028   Code   RO         6192    i.Robot_stop        fsm.o
    0x08003a98   0x08003a98   0x00000174   Code   RO         5965    i.STM32_READ_FROM_ROS_FLOAT  communication.o
    0x08003c0c   0x08003c0c   0x0000002c   Code   RO          298    i.StartDefaultTask  freertos.o
    0x08003c38   0x08003c38   0x0000001a   Code   RO         5276    i.SysTick_Handler   cmsis_os2.o
    0x08003c52   0x08003c52   0x00000002   PAD
    0x08003c54   0x08003c54   0x00000094   Code   RO           15    i.SystemClock_Config  main.o
    0x08003ce8   0x08003ce8   0x00000010   Code   RO         4125    i.SystemInit        system_stm32f4xx.o
    0x08003cf8   0x08003cf8   0x0000000c   Code   RO          787    i.TIM2_IRQHandler   stm32f4xx_it.o
    0x08003d04   0x08003d04   0x0000000c   Code   RO          788    i.TIM3_IRQHandler   stm32f4xx_it.o
    0x08003d10   0x08003d10   0x000000c8   Code   RO         2889    i.TIM_Base_SetConfig  stm32f4xx_hal_tim.o
    0x08003dd8   0x08003dd8   0x0000001a   Code   RO         2890    i.TIM_CCxChannelCmd  stm32f4xx_hal_tim.o
    0x08003df2   0x08003df2   0x00000014   Code   RO         2900    i.TIM_ETR_SetConfig  stm32f4xx_hal_tim.o
    0x08003e06   0x08003e06   0x00000010   Code   RO         2901    i.TIM_ITRx_SetConfig  stm32f4xx_hal_tim.o
    0x08003e16   0x08003e16   0x00000002   PAD
    0x08003e18   0x08003e18   0x00000060   Code   RO         2902    i.TIM_OC1_SetConfig  stm32f4xx_hal_tim.o
    0x08003e78   0x08003e78   0x0000006c   Code   RO         2903    i.TIM_OC2_SetConfig  stm32f4xx_hal_tim.o
    0x08003ee4   0x08003ee4   0x00000068   Code   RO         2904    i.TIM_OC3_SetConfig  stm32f4xx_hal_tim.o
    0x08003f4c   0x08003f4c   0x00000050   Code   RO         2905    i.TIM_OC4_SetConfig  stm32f4xx_hal_tim.o
    0x08003f9c   0x08003f9c   0x00000022   Code   RO         2907    i.TIM_TI1_ConfigInputStage  stm32f4xx_hal_tim.o
    0x08003fbe   0x08003fbe   0x00000024   Code   RO         2909    i.TIM_TI2_ConfigInputStage  stm32f4xx_hal_tim.o
    0x08003fe2   0x08003fe2   0x0000000c   Code   RO          299    i.U8_and_VESC_Function  freertos.o
    0x08003fee   0x08003fee   0x00000002   PAD
    0x08003ff0   0x08003ff0   0x0000000c   Code   RO          789    i.UART4_IRQHandler  stm32f4xx_it.o
    0x08003ffc   0x08003ffc   0x0000000c   Code   RO          790    i.UART5_IRQHandler  stm32f4xx_it.o
    0x08004008   0x08004008   0x00000010   Code   RO         3809    i.UART_DMAAbortOnError  stm32f4xx_hal_uart.o
    0x08004018   0x08004018   0x0000004e   Code   RO         3819    i.UART_EndRxTransfer  stm32f4xx_hal_uart.o
    0x08004066   0x08004066   0x000000c0   Code   RO         3821    i.UART_Receive_IT   stm32f4xx_hal_uart.o
    0x08004126   0x08004126   0x00000002   PAD
    0x08004128   0x08004128   0x0000010c   Code   RO         3822    i.UART_SetConfig    stm32f4xx_hal_uart.o
    0x08004234   0x08004234   0x0000003a   Code   RO         3824    i.UART_Start_Receive_IT  stm32f4xx_hal_uart.o
    0x0800426e   0x0800426e   0x00000002   PAD
    0x08004270   0x08004270   0x0000000c   Code   RO          791    i.USART1_IRQHandler  stm32f4xx_it.o
    0x0800427c   0x0800427c   0x0000007c   Code   RO         6337    i.Update_Action_gl_position  action.o
    0x080042f8   0x080042f8   0x00000002   Code   RO          792    i.UsageFault_Handler  stm32f4xx_it.o
    0x080042fa   0x080042fa   0x00000002   PAD
    0x080042fc   0x080042fc   0x00000060   Code   RO         6070    i.User_Open_Can1    user_can_init.o
    0x0800435c   0x0800435c   0x00000060   Code   RO         6071    i.User_Open_Can2    user_can_init.o
    0x080043bc   0x080043bc   0x00000030   Code   RO         6649    i.__ARM_fpclassify  m_wm.l(fpclassify.o)
    0x080043ec   0x080043ec   0x00000020   Code   RO         1969    i.__NVIC_SetPriority  stm32f4xx_hal_cortex.o
    0x0800440c   0x0800440c   0x00000004   PAD
    0x08004410   0x08004410   0x000000c8   Code   RO         6544    i.__hardfp_cos      m_wm.l(cos.o)
    0x080044d8   0x080044d8   0x000000c8   Code   RO         6556    i.__hardfp_sin      m_wm.l(sin.o)
    0x080045a0   0x080045a0   0x00000438   Code   RO         6602    i.__ieee754_rem_pio2  m_wm.l(rred.o)
    0x080049d8   0x080049d8   0x00000170   Code   RO         6585    i.__kernel_cos      m_wm.l(cos_i.o)
    0x08004b48   0x08004b48   0x000000f8   Code   RO         6651    i.__kernel_poly     m_wm.l(poly.o)
    0x08004c40   0x08004c40   0x00000130   Code   RO         6607    i.__kernel_sin      m_wm.l(sin_i.o)
    0x08004d70   0x08004d70   0x00000014   Code   RO         6589    i.__mathlib_dbl_infnan  m_wm.l(dunder.o)
    0x08004d84   0x08004d84   0x00000004   PAD
    0x08004d88   0x08004d88   0x00000020   Code   RO         6591    i.__mathlib_dbl_invalid  m_wm.l(dunder.o)
    0x08004da8   0x08004da8   0x00000020   Code   RO         6594    i.__mathlib_dbl_underflow  m_wm.l(dunder.o)
    0x08004dc8   0x08004dc8   0x0000000e   Code   RO         6673    i.__scatterload_copy  mc_w.l(handlers.o)
    0x08004dd6   0x08004dd6   0x00000002   Code   RO         6674    i.__scatterload_null  mc_w.l(handlers.o)
    0x08004dd8   0x08004dd8   0x0000000e   Code   RO         6675    i.__scatterload_zeroinit  mc_w.l(handlers.o)
    0x08004de6   0x08004de6   0x00000002   PAD
    0x08004de8   0x08004de8   0x0000000c   Code   RO         6633    i.__set_errno       mc_w.l(errno.o)
    0x08004df4   0x08004df4   0x0000007c   Code   RO         6338    i.action_data_analyse  action.o
    0x08004e70   0x08004e70   0x00000080   Code   RO         6269    i.baffle_control    body_controllers.o
    0x08004ef0   0x08004ef0   0x00000120   Code   RO         6270    i.ball_filter       body_controllers.o
    0x08005010   0x08005010   0x0000002a   Code   RO         6394    i.board_id_choose   board_elmo.o
    0x0800503a   0x0800503a   0x0000002a   Code   RO         6072    i.buffer_append_float16  user_can_init.o
    0x08005064   0x08005064   0x00000016   Code   RO         6074    i.buffer_append_int16  user_can_init.o
    0x0800507a   0x0800507a   0x0000002a   Code   RO         6075    i.buffer_append_int32  user_can_init.o
    0x080050a4   0x080050a4   0x00000016   Code   RO         6076    i.buffer_append_uint16  user_can_init.o
    0x080050ba   0x080050ba   0x00000028   Code   RO         6078    i.buffer_get_float16  user_can_init.o
    0x080050e2   0x080050e2   0x00000028   Code   RO         6079    i.buffer_get_float32  user_can_init.o
    0x0800510a   0x0800510a   0x00000010   Code   RO         6080    i.buffer_get_int16  user_can_init.o
    0x0800511a   0x0800511a   0x00000018   Code   RO         6081    i.buffer_get_int32  user_can_init.o
    0x08005132   0x08005132   0x0000000e   Code   RO         6082    i.buffer_get_uint16  user_can_init.o
    0x08005140   0x08005140   0x00000018   Code   RO         6083    i.buffer_get_uint32  user_can_init.o
    0x08005158   0x08005158   0x00000046   Code   RO         6085    i.comm_can_transmit_stdid  user_can_init.o
    0x0800519e   0x0800519e   0x00000002   PAD
    0x080051a0   0x080051a0   0x0000000c   Code   RO          300    i.debug_safe_printf  freertos.o
    0x080051ac   0x080051ac   0x00000018   Code   RO         6645    i.fabs              m_wm.l(fabs.o)
    0x080051c4   0x080051c4   0x0000013c   Code   RO         6395    i.get_rm_board_msg  board_elmo.o
    0x08005300   0x08005300   0x0000007c   Code   RO           16    i.main              main.o
    0x0800537c   0x0800537c   0x0000001a   Code   RO         5278    i.osDelay           cmsis_os2.o
    0x08005396   0x08005396   0x00000002   PAD
    0x08005398   0x08005398   0x00000024   Code   RO         5292    i.osKernelInitialize  cmsis_os2.o
    0x080053bc   0x080053bc   0x00000038   Code   RO         5295    i.osKernelStart     cmsis_os2.o
    0x080053f4   0x080053f4   0x00000068   Code   RO         5318    i.osMutexNew        cmsis_os2.o
    0x0800545c   0x0800545c   0x00000088   Code   RO         5337    i.osThreadNew       cmsis_os2.o
    0x080054e4   0x080054e4   0x0000005c   Code   RO         4737    i.prvAddCurrentTaskToDelayedList  tasks.o
    0x08005540   0x08005540   0x000000d0   Code   RO         4738    i.prvAddNewTaskToReadyList  tasks.o
    0x08005610   0x08005610   0x00000058   Code   RO         5102    i.prvCheckForValidListAndQueue  timers.o
    0x08005668   0x08005668   0x00000026   Code   RO         4334    i.prvCopyDataFromQueue  queue.o
    0x0800568e   0x0800568e   0x0000006c   Code   RO         4335    i.prvCopyDataToQueue  queue.o
    0x080056fa   0x080056fa   0x00000034   Code   RO         4739    i.prvDeleteTCB      tasks.o
    0x0800572e   0x0800572e   0x00000002   PAD
    0x08005730   0x08005730   0x0000004c   Code   RO         5793    i.prvHeapInit       heap_4.o
    0x0800577c   0x0800577c   0x0000005c   Code   RO         4740    i.prvIdleTask       tasks.o
    0x080057d8   0x080057d8   0x00000016   Code   RO         4336    i.prvInitialiseMutex  queue.o
    0x080057ee   0x080057ee   0x00000020   Code   RO         4337    i.prvInitialiseNewQueue  queue.o
    0x0800580e   0x0800580e   0x000000aa   Code   RO         4741    i.prvInitialiseNewTask  tasks.o
    0x080058b8   0x080058b8   0x0000004c   Code   RO         5794    i.prvInsertBlockIntoFreeList  heap_4.o
    0x08005904   0x08005904   0x00000038   Code   RO         5104    i.prvInsertTimerInActiveList  timers.o
    0x0800593c   0x0800593c   0x0000001a   Code   RO         4338    i.prvIsQueueEmpty   queue.o
    0x08005956   0x08005956   0x00000002   PAD
    0x08005958   0x08005958   0x000000fc   Code   RO         5105    i.prvProcessReceivedCommands  timers.o
    0x08005a54   0x08005a54   0x000000c0   Code   RO         5106    i.prvProcessTimerOrBlockTask  timers.o
    0x08005b14   0x08005b14   0x00000020   Code   RO         4743    i.prvResetNextTaskUnblockTime  tasks.o
    0x08005b34   0x08005b34   0x00000028   Code   RO         5107    i.prvSampleTimeNow  timers.o
    0x08005b5c   0x08005b5c   0x0000006c   Code   RO         5108    i.prvSwitchTimerLists  timers.o
    0x08005bc8   0x08005bc8   0x00000028   Code   RO         5849    i.prvTaskExitError  port.o
    0x08005bf0   0x08005bf0   0x00000028   Code   RO         5109    i.prvTimerTask      timers.o
    0x08005c18   0x08005c18   0x0000006a   Code   RO         4339    i.prvUnlockQueue    queue.o
    0x08005c82   0x08005c82   0x00000002   PAD
    0x08005c84   0x08005c84   0x000000dc   Code   RO         5795    i.pvPortMalloc      heap_4.o
    0x08005d60   0x08005d60   0x0000002c   Code   RO         5850    i.pxPortInitialiseStack  port.o
    0x08005d8c   0x08005d8c   0x000000b4   Code   RO         6504    i.rm_motor_control  config.o
    0x08005e40   0x08005e40   0x0000002e   Code   RO         5969    i.serial_get_crc8_value  communication.o
    0x08005e6e   0x08005e6e   0x00000002   PAD
    0x08005e70   0x08005e70   0x0000004c   Code   RO         6305    i.u8_speed_set      haoying_u8.o
    0x08005ebc   0x08005ebc   0x00000026   Code   RO         4294    i.uxListRemove      list.o
    0x08005ee2   0x08005ee2   0x00000002   PAD
    0x08005ee4   0x08005ee4   0x00000014   Code   RO         5349    i.vApplicationGetIdleTaskMemory  cmsis_os2.o
    0x08005ef8   0x08005ef8   0x00000018   Code   RO         5350    i.vApplicationGetTimerTaskMemory  cmsis_os2.o
    0x08005f10   0x08005f10   0x00000016   Code   RO         4295    i.vListInitialise   list.o
    0x08005f26   0x08005f26   0x00000006   Code   RO         4296    i.vListInitialiseItem  list.o
    0x08005f2c   0x08005f2c   0x00000030   Code   RO         4297    i.vListInsert       list.o
    0x08005f5c   0x08005f5c   0x00000018   Code   RO         4298    i.vListInsertEnd    list.o
    0x08005f74   0x08005f74   0x00000040   Code   RO         5852    i.vPortEnterCritical  port.o
    0x08005fb4   0x08005fb4   0x00000028   Code   RO         5853    i.vPortExitCritical  port.o
    0x08005fdc   0x08005fdc   0x00000064   Code   RO         5796    i.vPortFree         heap_4.o
    0x08006040   0x08006040   0x00000024   Code   RO         5854    i.vPortSetupTimerInterrupt  port.o
    0x08006064   0x08006064   0x00000054   Code   RO         5855    i.vPortValidateInterruptPriority  port.o
    0x080060b8   0x080060b8   0x00000024   Code   RO         4345    i.vQueueAddToRegistry  queue.o
    0x080060dc   0x080060dc   0x00000044   Code   RO         4349    i.vQueueWaitForMessageRestricted  queue.o
    0x08006120   0x08006120   0x0000004c   Code   RO         4756    i.vTaskDelay        tasks.o
    0x0800616c   0x0800616c   0x00000010   Code   RO         4761    i.vTaskInternalSetTimeOutState  tasks.o
    0x0800617c   0x0800617c   0x0000000c   Code   RO         4762    i.vTaskMissedYield  tasks.o
    0x08006188   0x08006188   0x00000030   Code   RO         4764    i.vTaskPlaceOnEventList  tasks.o
    0x080061b8   0x080061b8   0x00000038   Code   RO         4765    i.vTaskPlaceOnEventListRestricted  tasks.o
    0x080061f0   0x080061f0   0x00000084   Code   RO         4773    i.vTaskStartScheduler  tasks.o
    0x08006274   0x08006274   0x00000010   Code   RO         4775    i.vTaskSuspendAll   tasks.o
    0x08006284   0x08006284   0x00000064   Code   RO         4776    i.vTaskSwitchContext  tasks.o
    0x080062e8   0x080062e8   0x000000f4   Code   RO         5856    i.xPortStartScheduler  port.o
    0x080063dc   0x080063dc   0x0000002c   Code   RO         5857    i.xPortSysTickHandler  port.o
    0x08006408   0x08006408   0x00000016   Code   RO         4352    i.xQueueCreateMutex  queue.o
    0x0800641e   0x0800641e   0x0000001a   Code   RO         4353    i.xQueueCreateMutexStatic  queue.o
    0x08006438   0x08006438   0x00000042   Code   RO         4354    i.xQueueGenericCreate  queue.o
    0x0800647a   0x0800647a   0x00000066   Code   RO         4355    i.xQueueGenericCreateStatic  queue.o
    0x080064e0   0x080064e0   0x00000088   Code   RO         4356    i.xQueueGenericReset  queue.o
    0x08006568   0x08006568   0x00000164   Code   RO         4357    i.xQueueGenericSend  queue.o
    0x080066cc   0x080066cc   0x000000be   Code   RO         4358    i.xQueueGenericSendFromISR  queue.o
    0x0800678a   0x0800678a   0x00000002   PAD
    0x0800678c   0x0800678c   0x00000138   Code   RO         4367    i.xQueueReceive     queue.o
    0x080068c4   0x080068c4   0x00000074   Code   RO         4778    i.xTaskCheckForTimeOut  tasks.o
    0x08006938   0x08006938   0x0000005a   Code   RO         4779    i.xTaskCreate       tasks.o
    0x08006992   0x08006992   0x0000005a   Code   RO         4780    i.xTaskCreateStatic  tasks.o
    0x080069ec   0x080069ec   0x0000001c   Code   RO         4784    i.xTaskGetSchedulerState  tasks.o
    0x08006a08   0x08006a08   0x0000000c   Code   RO         4785    i.xTaskGetTickCount  tasks.o
    0x08006a14   0x08006a14   0x000000c8   Code   RO         4787    i.xTaskIncrementTick  tasks.o
    0x08006adc   0x08006adc   0x0000007c   Code   RO         4790    i.xTaskPriorityDisinherit  tasks.o
    0x08006b58   0x08006b58   0x00000070   Code   RO         4792    i.xTaskRemoveFromEventList  tasks.o
    0x08006bc8   0x08006bc8   0x000000c0   Code   RO         4793    i.xTaskResumeAll    tasks.o
    0x08006c88   0x08006c88   0x00000060   Code   RO         5118    i.xTimerCreateTimerTask  timers.o
    0x08006ce8   0x08006ce8   0x00000064   Code   RO         5119    i.xTimerGenericCommand  timers.o
    0x08006d4c   0x08006d4c   0x000000a0   Data   RO          301    .constdata          freertos.o
    0x08006dec   0x08006dec   0x00000010   Data   RO         4126    .constdata          system_stm32f4xx.o
    0x08006dfc   0x08006dfc   0x00000008   Data   RO         4127    .constdata          system_stm32f4xx.o
    0x08006e04   0x08006e04   0x00000004   PAD
    0x08006e08   0x08006e08   0x00000030   Data   RO         6586    .constdata          m_wm.l(cos_i.o)
    0x08006e38   0x08006e38   0x000000c8   Data   RO         6604    .constdata          m_wm.l(rred.o)
    0x08006f00   0x08006f00   0x00000028   Data   RO         6608    .constdata          m_wm.l(sin_i.o)
    0x08006f28   0x08006f28   0x00000042   Data   RO          302    .conststring        freertos.o
    0x08006f6a   0x08006f6a   0x00000002   PAD
    0x08006f6c   0x08006f6c   0x00000020   Data   RO         6671    Region$$Table       anon$$obj.o


    Execution Region RW_IRAM2 (Exec base: 0x10000000, Load base: 0x08006fa4, Size: 0x00000000, Max: 0x00010000, ABSOLUTE)

    **** No section assigned to this execution region ****


    Execution Region RW_IRAM1 (Exec base: 0x20000000, Load base: 0x08006f8c, Size: 0x000056a8, Max: 0x00020000, ABSOLUTE, COMPRESSED[0x00000018])

    Exec Addr    Load Addr    Size         Type   Attr      Idx    E Section Name        Object

    0x20000000   COMPRESSED   0x00000018   Data   RW          303    .data               freertos.o
    0x20000018   COMPRESSED   0x00000004   Data   RW          549    .data               can.o
    0x2000001c   COMPRESSED   0x0000000c   Data   RW         2113    .data               stm32f4xx_hal.o
    0x20000028   COMPRESSED   0x00000004   Data   RW         4128    .data               system_stm32f4xx.o
    0x2000002c   COMPRESSED   0x0000003c   Data   RW         4796    .data               tasks.o
    0x20000068   COMPRESSED   0x00000014   Data   RW         5127    .data               timers.o
    0x2000007c   COMPRESSED   0x00000004   Data   RW         5352    .data               cmsis_os2.o
    0x20000080   COMPRESSED   0x00000020   Data   RW         5802    .data               heap_4.o
    0x200000a0   COMPRESSED   0x0000000c   Data   RW         5858    .data               port.o
    0x200000ac   COMPRESSED   0x00000034   Data   RW         5973    .data               communication.o
    0x200000e0   COMPRESSED   0x0000000a   Data   RW         6086    .data               user_can_init.o
    0x200000ea   COMPRESSED   0x00000002   Data   RW         6193    .data               fsm.o
    0x200000ec   COMPRESSED   0x00000008   Data   RW         6229    .data               air_joy.o
    0x200000f4   COMPRESSED   0x00000002   Data   RW         6230    .data               air_joy.o
    0x200000f6   COMPRESSED   0x00000002   PAD
    0x200000f8   COMPRESSED   0x00000018   Data   RW         6231    .data               air_joy.o
    0x20000110   COMPRESSED   0x00000004   Data   RW         6232    .data               air_joy.o
    0x20000114   COMPRESSED   0x0000000c   Data   RW         6271    .data               body_controllers.o
    0x20000120   COMPRESSED   0x00000003   Data   RW         6346    .data               action.o
    0x20000123   COMPRESSED   0x00000001   PAD
    0x20000124   COMPRESSED   0x00000006   Data   RW         6397    .data               board_elmo.o
    0x2000012a   COMPRESSED   0x00000002   PAD
    0x2000012c   COMPRESSED   0x00000004   Data   RW         6505    .data               config.o
    0x20000130   COMPRESSED   0x00000004   Data   RW         6634    .data               mc_w.l(errno.o)
    0x20000134        -       0x00000050   Zero   RW          548    .bss                can.o
    0x20000184        -       0x00000054   Zero   RW          596    .bss                i2c.o
    0x200001d8        -       0x00000168   Zero   RW          643    .bss                tim.o
    0x20000340        -       0x000000cc   Zero   RW          714    .bss                usart.o
    0x2000040c        -       0x00000048   Zero   RW          942    .bss                stm32f4xx_hal_timebase_tim.o
    0x20000454        -       0x00000040   Zero   RW         4371    .bss                queue.o
    0x20000494        -       0x000004c4   Zero   RW         4795    .bss                tasks.o
    0x20000958        -       0x00000118   Zero   RW         5126    .bss                timers.o
    0x20000a70        -       0x000006b8   Zero   RW         5351    .bss                cmsis_os2.o
    0x20001128        -       0x00003c00   Zero   RW         5801    .bss                heap_4.o
    0x20004d28        -       0x00000048   Zero   RW         5930    .bss                chassis.o
    0x20004d70        -       0x00000013   Zero   RW         5970    .bss                communication.o
    0x20004d83   COMPRESSED   0x00000001   PAD
    0x20004d84        -       0x00000028   Zero   RW         6228    .bss                air_joy.o
    0x20004dac        -       0x00000048   Zero   RW         6339    .bss                action.o
    0x20004df4        -       0x000004b0   Zero   RW         6396    .bss                board_elmo.o
    0x200052a4   COMPRESSED   0x00000004   PAD
    0x200052a8        -       0x00000400   Zero   RW            1    STACK               startup_stm32f407xx.o


==============================================================================

Image component sizes


      Code (inc. data)   RO Data    RW Data    ZI Data      Debug   Object Name

       248         28          0          3         72       2156   action.o
       428         30          0         38         40       2216   air_joy.o
      1170         92          0          6       1200      10746   board_elmo.o
       416         28          0         12          0       2111   body_controllers.o
       492         44          0          4         80       2506   can.o
       366         38          0          0         72       2462   chassis.o
       428         22          0          4       1720      65896   cmsis_os2.o
       506         76          0         52         19       4930   communication.o
       516         24          0          4          0       2310   config.o
         0          0          0          0          0      19408   event_groups.o
       220         42        226         24          0       8081   freertos.o
       472        114          0          2          0       1746   fsm.o
       180          8          0          0          0       1031   gpio.o
       148         26          0          0          0       1473   haoying_u8.o
       472         24          0         32      15360       4899   heap_4.o
       172         28          0          0         84       1645   i2c.o
       138          0          0          0          0       3498   list.o
       396         48          0          0          0     720034   main.o
       786         80          0         12          0      11409   port.o
      1646         18          0          0         64      20240   queue.o
        36          8        392          0       1024        828   startup_stm32f407xx.o
       116         18          0         12          0       8662   stm32f4xx_hal.o
      1680          6          0          0          0      15153   stm32f4xx_hal_can.o
       192         14          0          0          0      33772   stm32f4xx_hal_cortex.o
       186          0          0          0          0       2654   stm32f4xx_hal_dma.o
       786         94          0          0          0       3881   stm32f4xx_hal_gpio.o
       392         16          0          0          0       3103   stm32f4xx_hal_i2c.o
        56          4          0          0          0        850   stm32f4xx_hal_msp.o
      1388         82          0          0          0       5981   stm32f4xx_hal_rcc.o
      2028        138          0          0          0      17350   stm32f4xx_hal_tim.o
       148         28          0          0          0       2505   stm32f4xx_hal_tim_ex.o
       152         20          0          0         72       1455   stm32f4xx_hal_timebase_tim.o
      1522         16          0          0          0      10056   stm32f4xx_hal_uart.o
       174         78          0          0          0       9182   stm32f4xx_it.o
         0          0          0          0          0        392   stream_buffer.o
        16          4         24          4          0       1103   system_stm32f4xx.o
      2066        160          0         60       1220      26752   tasks.o
       896         88          0          0        360       5226   tim.o
       972         82          0         20        280      32011   timers.o
       636         82          0          0        204       3753   usart.o
       604         18          0         10          0       9454   user_can_init.o

    ----------------------------------------------------------------------
     23304       1726        680        304      21876    1082920   Object Totals
         0          0         32          0          0          0   (incl. Generated)
        58          0          6          5          5          0   (incl. Padding)

    ----------------------------------------------------------------------

      Code (inc. data)   RO Data    RW Data    ZI Data      Debug   Library Member Name

       200         20          0          0          0        164   cos.o
       368         46         48          0          0        200   cos_i.o
        84         16          0          0          0        372   dunder.o
        24          0          0          0          0        124   fabs.o
        48          0          0          0          0        124   fpclassify.o
       248          0          0          0          0        152   poly.o
      1080        142        200          0          0        188   rred.o
       200         20          0          0          0        164   sin.o
       304         24         40          0          0        208   sin_i.o
        58          0          0          0          0          0   __dczerorl.o
         0          0          0          0          0          0   entry.o
         0          0          0          0          0          0   entry10a.o
         0          0          0          0          0          0   entry11a.o
         8          4          0          0          0          0   entry2.o
         4          0          0          0          0          0   entry5.o
         0          0          0          0          0          0   entry7b.o
         0          0          0          0          0          0   entry8b.o
         8          4          0          0          0          0   entry9a.o
        12          6          0          4          0         68   errno.o
        30          0          0          0          0          0   handlers.o
        36          8          0          0          0         68   init.o
         0          0          0          0          0          0   iusefp.o
        30          0          0          0          0         68   llshl.o
        36          0          0          0          0         68   llsshr.o
        32          0          0          0          0         68   llushr.o
        36          0          0          0          0         68   memcpya.o
        36          0          0          0          0        108   memseta.o
        98          0          0          0          0         92   uldiv.o
        56          0          0          0          0         88   d2f.o
       334          0          0          0          0        148   dadd.o
       222          0          0          0          0        100   ddiv.o
       186          0          0          0          0        176   depilogue.o
        62          0          0          0          0         80   dfixi.o
        34          0          0          0          0         76   dflti.o
        26          0          0          0          0         76   dfltui.o
       228          0          0          0          0         96   dmul.o
        38          0          0          0          0         68   f2d.o
       110          0          0          0          0        168   fepilogue.o

    ----------------------------------------------------------------------
      4284        290        288          4          0       3380   Library Totals
         8          0          0          0          0          0   (incl. Padding)

    ----------------------------------------------------------------------

      Code (inc. data)   RO Data    RW Data    ZI Data      Debug   Library Name

      2556        268        288          0          0       1696   m_wm.l
       424         22          0          4          0        608   mc_w.l
      1296          0          0          0          0       1076   mf_w.l

    ----------------------------------------------------------------------
      4284        290        288          4          0       3380   Library Totals

    ----------------------------------------------------------------------

==============================================================================


      Code (inc. data)   RO Data    RW Data    ZI Data      Debug   

     27588       2016        968        308      21876    1061004   Grand Totals
     27588       2016        968         24      21876    1061004   ELF Image Totals (compressed)
     27588       2016        968         24          0          0   ROM Totals

==============================================================================

    Total RO  Size (Code + RO Data)                28556 (  27.89kB)
    Total RW  Size (RW Data + ZI Data)             22184 (  21.66kB)
    Total ROM Size (Code + RO Data + RW Data)      28580 (  27.91kB)

==============================================================================

