Component: ARM Compiler 5.06 update 5 (build 528) Tool: armlink [4d35e2]

==============================================================================

Section Cross References

    startup_stm32f405xx.o(STACK) refers (Special) to heapauxi.o(.text) for __use_two_region_memory
    startup_stm32f405xx.o(HEAP) refers (Special) to heapauxi.o(.text) for __use_two_region_memory
    startup_stm32f405xx.o(RESET) refers (Special) to heapauxi.o(.text) for __use_two_region_memory
    startup_stm32f405xx.o(RESET) refers to startup_stm32f405xx.o(STACK) for __initial_sp
    startup_stm32f405xx.o(RESET) refers to startup_stm32f405xx.o(.text) for Reset_Handler
    startup_stm32f405xx.o(RESET) refers to stm32f4xx_it.o(i.NMI_Handler) for NMI_Handler
    startup_stm32f405xx.o(RESET) refers to stm32f4xx_it.o(i.HardFault_Handler) for HardFault_Handler
    startup_stm32f405xx.o(RESET) refers to stm32f4xx_it.o(i.MemManage_Handler) for MemManage_Handler
    startup_stm32f405xx.o(RESET) refers to stm32f4xx_it.o(i.BusFault_Handler) for BusFault_Handler
    startup_stm32f405xx.o(RESET) refers to stm32f4xx_it.o(i.UsageFault_Handler) for UsageFault_Handler
    startup_stm32f405xx.o(RESET) refers to port.o(.emb_text) for SVC_Handler
    startup_stm32f405xx.o(RESET) refers to stm32f4xx_it.o(i.DebugMon_Handler) for DebugMon_Handler
    startup_stm32f405xx.o(RESET) refers to cmsis_os2.o(i.SysTick_Handler) for SysTick_Handler
    startup_stm32f405xx.o(RESET) refers to stm32f4xx_it.o(i.CAN1_TX_IRQHandler) for CAN1_TX_IRQHandler
    startup_stm32f405xx.o(RESET) refers to stm32f4xx_it.o(i.CAN1_RX0_IRQHandler) for CAN1_RX0_IRQHandler
    startup_stm32f405xx.o(RESET) refers to stm32f4xx_it.o(i.TIM2_IRQHandler) for TIM2_IRQHandler
    startup_stm32f405xx.o(RESET) refers to stm32f4xx_it.o(i.TIM3_IRQHandler) for TIM3_IRQHandler
    startup_stm32f405xx.o(RESET) refers to stm32f4xx_it.o(i.USART1_IRQHandler) for USART1_IRQHandler
    startup_stm32f405xx.o(RESET) refers to stm32f4xx_it.o(i.USART2_IRQHandler) for USART2_IRQHandler
    startup_stm32f405xx.o(RESET) refers to stm32f4xx_it.o(i.CAN2_TX_IRQHandler) for CAN2_TX_IRQHandler
    startup_stm32f405xx.o(RESET) refers to stm32f4xx_it.o(i.CAN2_RX0_IRQHandler) for CAN2_RX0_IRQHandler
    startup_stm32f405xx.o(.text) refers (Special) to heapauxi.o(.text) for __use_two_region_memory
    startup_stm32f405xx.o(.text) refers to system_stm32f4xx.o(i.SystemInit) for SystemInit
    startup_stm32f405xx.o(.text) refers to __main.o(!!!main) for __main
    startup_stm32f405xx.o(.text) refers to startup_stm32f405xx.o(HEAP) for Heap_Mem
    startup_stm32f405xx.o(.text) refers to startup_stm32f405xx.o(STACK) for Stack_Mem
    main.o(i.HAL_TIM_PeriodElapsedCallback) refers to stm32f4xx_hal.o(i.HAL_IncTick) for HAL_IncTick
    main.o(i.HAL_TIM_PeriodElapsedCallback) refers to tim.o(.bss) for htim2
    main.o(i.HAL_TIM_PeriodElapsedCallback) refers to key_led.o(.data) for LED_SHOW
    main.o(i.HAL_TIM_PeriodElapsedCallback) refers to control.o(.bss) for CONTROL
    main.o(i.HAL_TIM_PeriodElapsedCallback) refers to main.o(.data) for send_can
    main.o(i.SystemClock_Config) refers to rt_memclr_w.o(.text) for __aeabi_memclr4
    main.o(i.SystemClock_Config) refers to stm32f4xx_hal_rcc.o(i.HAL_RCC_OscConfig) for HAL_RCC_OscConfig
    main.o(i.SystemClock_Config) refers to main.o(i.Error_Handler) for Error_Handler
    main.o(i.SystemClock_Config) refers to stm32f4xx_hal_rcc.o(i.HAL_RCC_ClockConfig) for HAL_RCC_ClockConfig
    main.o(i.main) refers to stm32f4xx_hal.o(i.HAL_Init) for HAL_Init
    main.o(i.main) refers to main.o(i.SystemClock_Config) for SystemClock_Config
    main.o(i.main) refers to gpio.o(i.MX_GPIO_Init) for MX_GPIO_Init
    main.o(i.main) refers to can.o(i.MX_CAN1_Init) for MX_CAN1_Init
    main.o(i.main) refers to can.o(i.MX_CAN2_Init) for MX_CAN2_Init
    main.o(i.main) refers to tim.o(i.MX_TIM2_Init) for MX_TIM2_Init
    main.o(i.main) refers to usart.o(i.MX_USART1_UART_Init) for MX_USART1_UART_Init
    main.o(i.main) refers to usart.o(i.MX_USART2_UART_Init) for MX_USART2_UART_Init
    main.o(i.main) refers to stm32f4xx_hal_tim.o(i.HAL_TIM_Base_Start_IT) for HAL_TIM_Base_Start_IT
    main.o(i.main) refers to user_can_init.o(i.User_Open_Can1) for User_Open_Can1
    main.o(i.main) refers to config.o(i.VESC_Init) for VESC_Init
    main.o(i.main) refers to config.o(i.Pid_Init_All) for Pid_Init_All
    main.o(i.main) refers to cmsis_os2.o(i.osKernelInitialize) for osKernelInitialize
    main.o(i.main) refers to freertos.o(i.MX_FREERTOS_Init) for MX_FREERTOS_Init
    main.o(i.main) refers to cmsis_os2.o(i.osKernelStart) for osKernelStart
    main.o(i.main) refers to tim.o(.bss) for htim2
    gpio.o(i.MX_GPIO_Init) refers to rt_memclr_w.o(.text) for __aeabi_memclr4
    gpio.o(i.MX_GPIO_Init) refers to stm32f4xx_hal_gpio.o(i.HAL_GPIO_WritePin) for HAL_GPIO_WritePin
[...]
    .bss                                     0x2000028c   Section     1952  rm_motor.o(.bss)
    .bss                                     0x20000a2c   Section      216  vesc_can.o(.bss)
    .bss                                     0x20000b04   Section       64  queue.o(.bss)
    .bss                                     0x20000b44   Section     1220  tasks.o(.bss)
    pxReadyTasksLists                        0x20000b44   Data        1120  tasks.o(.bss)
    xDelayedTaskList1                        0x20000fa4   Data          20  tasks.o(.bss)
    xDelayedTaskList2                        0x20000fb8   Data          20  tasks.o(.bss)
    xPendingReadyList                        0x20000fcc   Data          20  tasks.o(.bss)
    xTasksWaitingTermination                 0x20000fe0   Data          20  tasks.o(.bss)
    xSuspendedTaskList                       0x20000ff4   Data          20  tasks.o(.bss)
    .bss                                     0x20001008   Section      280  timers.o(.bss)
    xActiveTimerList1                        0x20001008   Data          20  timers.o(.bss)
    xActiveTimerList2                        0x2000101c   Data          20  timers.o(.bss)
    xStaticTimerQueue                        0x20001030   Data          80  timers.o(.bss)
    ucStaticTimerQueueStorage                0x20001080   Data         160  timers.o(.bss)
    .bss                                     0x20001120   Section     1720  cmsis_os2.o(.bss)
    Idle_TCB                                 0x20001120   Data          92  cmsis_os2.o(.bss)
    Idle_Stack                               0x2000117c   Data         512  cmsis_os2.o(.bss)
    Timer_TCB                                0x2000137c   Data          92  cmsis_os2.o(.bss)
    Timer_Stack                              0x200013d8   Data        1024  cmsis_os2.o(.bss)
    .bss                                     0x200017d8   Section    15360  heap_4.o(.bss)
    ucHeap                                   0x200017d8   Data       15360  heap_4.o(.bss)
    .bss                                     0x200053d8   Section       96  libspace.o(.bss)
    HEAP                                     0x20005438   Section      512  startup_stm32f405xx.o(HEAP)
    Heap_Mem                                 0x20005438   Data         512  startup_stm32f405xx.o(HEAP)
    STACK                                    0x20005638   Section     1024  startup_stm32f405xx.o(STACK)
    Stack_Mem                                0x20005638   Data        1024  startup_stm32f405xx.o(STACK)
    __initial_sp                             0x20005a38   Data           0  startup_stm32f405xx.o(STACK)

    Global Symbols

    Symbol Name                              Value     Ov Type        Size  Object(Section)

    BuildAttributes$$THM_ISAv4$E$P$D$K$B$S$7EM$VFPi3$EXTD16$VFPS$VFMA$PE$A:L22UL41UL21$X:L11$S22US41US21$IEEE1$IW$USESV6$~STKCKD$USESV7$~SHL$OTIME$ROPI$IEEEJ$EBA8$UX$STANDARDLIB$REQ8$PRES8$EABIv2 0x00000000   Number         0  anon$$obj.o ABSOLUTE
    __ARM_use_no_argv                        0x00000000   Number         0  main.o ABSOLUTE
    __ARM_exceptions_init                     - Undefined Weak Reference
    __alloca_initialize                       - Undefined Weak Reference
    __arm_preinit_                            - Undefined Weak Reference
    __cpp_initialize__aeabi_                  - Undefined Weak Reference
    __cxa_finalize                            - Undefined Weak Reference
    __rt_locale                               - Undefined Weak Reference
    __sigvec_lookup                           - Undefined Weak Reference
    _atexit_init                              - Undefined Weak Reference
    _call_atexit_fns                          - Undefined Weak Reference
    _clock_init                               - Undefined Weak Reference
    _fp_trap_init                             - Undefined Weak Reference
    _fp_trap_shutdown                         - Undefined Weak Reference
    _get_lc_collate                           - Undefined Weak Reference
    _get_lc_ctype                             - Undefined Weak Reference
    _get_lc_monetary                          - Undefined Weak Reference
    _get_lc_numeric                           - Undefined Weak Reference
    _get_lc_time                              - Undefined Weak Reference
    _getenv_init                              - Undefined Weak Reference
    _handle_redirection                       - Undefined Weak Reference
    _init_alloc                               - Undefined Weak Reference
    _init_user_alloc                          - Undefined Weak Reference
    _initio                                   - Undefined Weak Reference
    _rand_init                                - Undefined Weak Reference
    _signal_finish                            - Undefined Weak Reference
    _signal_init                              - Undefined Weak Reference
    _terminate_alloc                          - Undefined Weak Reference
    _terminate_user_alloc                     - Undefined Weak Reference
    _terminateio                              - Undefined Weak Reference
    __Vectors_Size                           0x00000188   Number         0  startup_stm32f405xx.o ABSOLUTE
    __Vectors                                0x08000000   Data           4  startup_stm32f405xx.o(RESET)
    __Vectors_End                            0x08000188   Data           0  startup_stm32f405xx.o(RESET)
    __main                                   0x08000189   Thumb Code     8  __main.o(!!!main)
    __scatterload                            0x08000191   Thumb Code     0  __scatter.o(!!!scatter)
    __scatterload_rt2                        0x08000191   Thumb Code    44  __scatter.o(!!!scatter)
    __scatterload_rt2_thumb_only             0x08000191   Thumb Code     0  __scatter.o(!!!scatter)
    __scatterload_null                       0x0800019f   Thumb Code     0  __scatter.o(!!!scatter)
    __scatterload_copy                       0x080001c5   Thumb Code    26  __scatter_copy.o(!!handler_copy)
    __scatterload_zeroinit                   0x080001e1   Thumb Code    28  __scatter_zi.o(!!handler_zi)
    __rt_lib_init                            0x080001fd   Thumb Code     0  libinit.o(.ARM.Collect$$libinit$$00000000)
    __rt_lib_init_fp_1                       0x080001ff   Thumb Code     0  libinit2.o(.ARM.Collect$$libinit$$00000001)
    __rt_lib_init_alloca_1                   0x08000203   Thumb Code     0  libinit2.o(.ARM.Collect$$libinit$$0000002E)
    __rt_lib_init_argv_1                     0x08000203   Thumb Code     0  libinit2.o(.ARM.Collect$$libinit$$0000002C)
    __rt_lib_init_atexit_1                   0x08000203   Thumb Code     0  libinit2.o(.ARM.Collect$$libinit$$0000001B)
    __rt_lib_init_clock_1                    0x08000203   Thumb Code     0  libinit2.o(.ARM.Collect$$libinit$$00000021)
    __rt_lib_init_cpp_1                      0x08000203   Thumb Code     0  libinit2.o(.ARM.Collect$$libinit$$00000032)
    __rt_lib_init_exceptions_1               0x08000203   Thumb Code     0  libinit2.o(.ARM.Collect$$libinit$$00000030)
    __rt_lib_init_fp_trap_1                  0x08000203   Thumb Code     0  libinit2.o(.ARM.Collect$$libinit$$0000001F)
    __rt_lib_init_getenv_1                   0x08000203   Thumb Code     0  libinit2.o(.ARM.Collect$$libinit$$00000023)
    __rt_lib_init_heap_1                     0x08000203   Thumb Code     0  libinit2.o(.ARM.Collect$$libinit$$0000000A)
    __rt_lib_init_lc_collate_1               0x08000203   Thumb Code     0  libinit2.o(.ARM.Collect$$libinit$$00000011)
    __rt_lib_init_lc_ctype_1                 0x08000203   Thumb Code     0  libinit2.o(.ARM.Collect$$libinit$$00000013)
    __rt_lib_init_lc_monetary_1              0x08000203   Thumb Code     0  libinit2.o(.ARM.Collect$$libinit$$00000015)
    __rt_lib_init_lc_numeric_1               0x08000203   Thumb Code     0  libinit2.o(.ARM.Collect$$libinit$$00000017)
    __rt_lib_init_lc_time_1                  0x08000203   Thumb Code     0  libinit2.o(.ARM.Collect$$libinit$$00000019)
    __rt_lib_init_preinit_1                  0x08000203   Thumb Code     0  libinit2.o(.ARM.Collect$$libinit$$00000004)
    __rt_lib_init_rand_1                     0x08000203   Thumb Code     0  libinit2.o(.ARM.Collect$$libinit$$0000000E)
    __rt_lib_init_return                     0x08000203   Thumb Code     0  libinit2.o(.ARM.Collect$$libinit$$00000033)
    __rt_lib_init_signal_1                   0x08000203   Thumb Code     0  libinit2.o(.ARM.Collect$$libinit$$0000001D)
    __rt_lib_init_stdio_1                    0x08000203   Thumb Code     0  libinit2.o(.ARM.Collect$$libinit$$00000025)
    __rt_lib_init_user_alloc_1               0x08000203   Thumb Code     0  libinit2.o(.ARM.Collect$$libinit$$0000000C)
    __rt_lib_shutdown                        0x08000205   Thumb Code     0  libshutdown.o(.ARM.Collect$$libshutdown$$00000000)
    __rt_lib_shutdown_cpp_1                  0x08000207   Thumb Code     0  libshutdown2.o(.ARM.Collect$$libshutdown$$00000002)
    __rt_lib_shutdown_fp_trap_1              0x08000207   Thumb Code     0  libshutdown2.o(.ARM.Collect$$libshutdown$$00000007)
    __rt_lib_shutdown_heap_1                 0x08000207   Thumb Code     0  libshutdown2.o(.ARM.Collect$$libshutdown$$0000000F)
    __rt_lib_shutdown_return                 0x08000207   Thumb Code     0  libshutdown2.o(.ARM.Collect$$libshutdown$$00000010)
    __rt_lib_shutdown_signal_1               0x08000207   Thumb Code     0  libshutdown2.o(.ARM.Collect$$libshutdown$$0000000A)
    __rt_lib_shutdown_stdio_1                0x08000207   Thumb Code     0  libshutdown2.o(.ARM.Collect$$libshutdown$$00000004)
    __rt_lib_shutdown_user_alloc_1           0x08000207   Thumb Code     0  libshutdown2.o(.ARM.Collect$$libshutdown$$0000000C)
    __rt_entry                               0x08000209   Thumb Code     0  __rtentry.o(.ARM.Collect$$rtentry$$00000000)
    __rt_entry_presh_1                       0x08000209   Thumb Code     0  __rtentry2.o(.ARM.Collect$$rtentry$$00000002)
    __rt_entry_sh                            0x08000209   Thumb Code     0  __rtentry4.o(.ARM.Collect$$rtentry$$00000004)
    __rt_entry_li                            0x0800020f   Thumb Code     0  __rtentry2.o(.ARM.Collect$$rtentry$$0000000A)
    __rt_entry_postsh_1                      0x0800020f   Thumb Code     0  __rtentry2.o(.ARM.Collect$$rtentry$$00000009)
    __rt_entry_main                          0x08000213   Thumb Code     0  __rtentry2.o(.ARM.Collect$$rtentry$$0000000D)
    __rt_entry_postli_1                      0x08000213   Thumb Code     0  __rtentry2.o(.ARM.Collect$$rtentry$$0000000C)
    __rt_exit                                0x0800021b   Thumb Code     0  rtexit.o(.ARM.Collect$$rtexit$$00000000)
    __rt_exit_ls                             0x0800021d   Thumb Code     0  rtexit2.o(.ARM.Collect$$rtexit$$00000003)
    __rt_exit_prels_1                        0x0800021d   Thumb Code     0  rtexit2.o(.ARM.Collect$$rtexit$$00000002)
    __rt_exit_exit                           0x08000221   Thumb Code     0  rtexit2.o(.ARM.Collect$$rtexit$$00000004)
    SVC_Handler                              0x08000229   Thumb Code    28  port.o(.emb_text)
    __asm___6_port_c_39a90d8d__prvStartFirstTask 0x08000249   Thumb Code    36  port.o(.emb_text)
    __asm___6_port_c_39a90d8d__prvEnableVFP  0x08000271   Thumb Code    16  port.o(.emb_text)
    PendSV_Handler                           0x08000285   Thumb Code    88  port.o(.emb_text)
    vPortGetIPSR                             0x080002e1   Thumb Code     6  port.o(.emb_text)
    Reset_Handler                            0x080002e9   Thumb Code     8  startup_stm32f405xx.o(.text)
    ADC_IRQHandler                           0x08000303   Thumb Code     0  startup_stm32f405xx.o(.text)
    CAN1_RX1_IRQHandler                      0x08000303   Thumb Code     0  startup_stm32f405xx.o(.text)
    CAN1_SCE_IRQHandler                      0x08000303   Thumb Code     0  startup_stm32f405xx.o(.text)
    CAN2_RX1_IRQHandler                      0x08000303   Thumb Code     0  startup_stm32f405xx.o(.text)
    CAN2_SCE_IRQHandler                      0x08000303   Thumb Code     0  startup_stm32f405xx.o(.text)
    DMA1_Stream0_IRQHandler                  0x08000303   Thumb Code     0  startup_stm32f405xx.o(.text)
    DMA1_Stream1_IRQHandler                  0x08000303   Thumb Code     0  startup_stm32f405xx.o(.text)
    DMA1_Stream2_IRQHandler                  0x08000303   Thumb Code     0  startup_stm32f405xx.o(.text)
    DMA1_Stream3_IRQHandler                  0x08000303   Thumb Code     0  startup_stm32f405xx.o(.text)
    DMA1_Stream4_IRQHandler                  0x08000303   Thumb Code     0  startup_stm32f405xx.o(.text)
    DMA1_Stream5_IRQHandler                  0x08000303   Thumb Code     0  startup_stm32f405xx.o(.text)
    DMA1_Stream6_IRQHandler                  0x08000303   Thumb Code     0  startup_stm32f405xx.o(.text)
    DMA1_Stream7_IRQHandler                  0x08000303   Thumb Code     0  startup_stm32f405xx.o(.text)
    DMA2_Stream0_IRQHandler                  0x08000303   Thumb Code     0  startup_stm32f405xx.o(.text)
    DMA2_Stream1_IRQHandler                  0x08000303   Thumb Code     0  startup_stm32f405xx.o(.text)
    DMA2_Stream2_IRQHandler                  0x08000303   Thumb Code     0  startup_stm32f405xx.o(.text)
    DMA2_Stream3_IRQHandler                  0x08000303   Thumb Code     0  startup_stm32f405xx.o(.text)
    DMA2_Stream4_IRQHandler                  0x08000303   Thumb Code     0  startup_stm32f405xx.o(.text)
    DMA2_Stream5_IRQHandler                  0x08000303   Thumb Code     0  startup_stm32f405xx.o(.text)
    DMA2_Stream6_IRQHandler                  0x08000303   Thumb Code     0  startup_stm32f405xx.o(.text)
    DMA2_Stream7_IRQHandler                  0x08000303   Thumb Code     0  startup_stm32f405xx.o(.text)
    EXTI0_IRQHandler                         0x08000303   Thumb Code     0  startup_stm32f405xx.o(.text)
    EXTI15_10_IRQHandler                     0x08000303   Thumb Code     0  startup_stm32f405xx.o(.text)
    EXTI1_IRQHandler                         0x08000303   Thumb Code     0  startup_stm32f405xx.o(.text)
    EXTI2_IRQHandler                         0x08000303   Thumb Code     0  startup_stm32f405xx.o(.text)
    EXTI3_IRQHandler                         0x08000303   Thumb Code     0  startup_stm32f405xx.o(.text)
    EXTI4_IRQHandler                         0x08000303   Thumb Code     0  startup_stm32f405xx.o(.text)
    EXTI9_5_IRQHandler                       0x08000303   Thumb Code     0  startup_stm32f405xx.o(.text)
    FLASH_IRQHandler                         0x08000303   Thumb Code     0  startup_stm32f405xx.o(.text)
    FMC_IRQHandler                           0x08000303   Thumb Code     0  startup_stm32f405xx.o(.text)
    FPU_IRQHandler                           0x08000303   Thumb Code     0  startup_stm32f405xx.o(.text)
    HASH_RNG_IRQHandler                      0x08000303   Thumb Code     0  startup_stm32f405xx.o(.text)
    I2C1_ER_IRQHandler                       0x08000303   Thumb Code     0  startup_stm32f405xx.o(.text)
    I2C1_EV_IRQHandler                       0x08000303   Thumb Code     0  startup_stm32f405xx.o(.text)
    I2C2_ER_IRQHandler                       0x08000303   Thumb Code     0  startup_stm32f405xx.o(.text)
    I2C2_EV_IRQHandler                       0x08000303   Thumb Code     0  startup_stm32f405xx.o(.text)
    I2C3_ER_IRQHandler                       0x08000303   Thumb Code     0  startup_stm32f405xx.o(.text)
    I2C3_EV_IRQHandler                       0x08000303   Thumb Code     0  startup_stm32f405xx.o(.text)
    OTG_FS_IRQHandler                        0x08000303   Thumb Code     0  startup_stm32f405xx.o(.text)
    OTG_FS_WKUP_IRQHandler                   0x08000303   Thumb Code     0  startup_stm32f405xx.o(.text)
    OTG_HS_EP1_IN_IRQHandler                 0x08000303   Thumb Code     0  startup_stm32f405xx.o(.text)
    OTG_HS_EP1_OUT_IRQHandler                0x08000303   Thumb Code     0  startup_stm32f405xx.o(.text)
    OTG_HS_IRQHandler                        0x08000303   Thumb Code     0  startup_stm32f405xx.o(.text)
    OTG_HS_WKUP_IRQHandler                   0x08000303   Thumb Code     0  startup_stm32f405xx.o(.text)
    PVD_IRQHandler                           0x08000303   Thumb Code     0  startup_stm32f405xx.o(.text)
    RCC_IRQHandler                           0x08000303   Thumb Code     0  startup_stm32f405xx.o(.text)
    RTC_Alarm_IRQHandler                     0x08000303   Thumb Code     0  startup_stm32f405xx.o(.text)
    RTC_WKUP_IRQHandler                      0x08000303   Thumb Code     0  startup_stm32f405xx.o(.text)
    SDIO_IRQHandler                          0x08000303   Thumb Code     0  startup_stm32f405xx.o(.text)
    SPI1_IRQHandler                          0x08000303   Thumb Code     0  startup_stm32f405xx.o(.text)
    SPI2_IRQHandler                          0x08000303   Thumb Code     0  startup_stm32f405xx.o(.text)
    SPI3_IRQHandler                          0x08000303   Thumb Code     0  startup_stm32f405xx.o(.text)
    TAMP_STAMP_IRQHandler                    0x08000303   Thumb Code     0  startup_stm32f405xx.o(.text)
    TIM1_BRK_TIM9_IRQHandler                 0x08000303   Thumb Code     0  startup_stm32f405xx.o(.text)
    TIM1_CC_IRQHandler                       0x08000303   Thumb Code     0  startup_stm32f405xx.o(.text)
    TIM1_TRG_COM_TIM11_IRQHandler            0x08000303   Thumb Code     0  startup_stm32f405xx.o(.text)
    TIM1_UP_TIM10_IRQHandler                 0x08000303   Thumb Code     0  startup_stm32f405xx.o(.text)
    TIM4_IRQHandler                          0x08000303   Thumb Code     0  startup_stm32f405xx.o(.text)
    TIM5_IRQHandler                          0x08000303   Thumb Code     0  startup_stm32f405xx.o(.text)
    TIM6_DAC_IRQHandler                      0x08000303   Thumb Code     0  startup_stm32f405xx.o(.text)
    TIM7_IRQHandler                          0x08000303   Thumb Code     0  startup_stm32f405xx.o(.text)
    TIM8_BRK_TIM12_IRQHandler                0x08000303   Thumb Code     0  startup_stm32f405xx.o(.text)
    TIM8_CC_IRQHandler                       0x08000303   Thumb Code     0  startup_stm32f405xx.o(.text)
    TIM8_TRG_COM_TIM14_IRQHandler            0x08000303   Thumb Code     0  startup_stm32f405xx.o(.text)
    TIM8_UP_TIM13_IRQHandler                 0x08000303   Thumb Code     0  startup_stm32f405xx.o(.text)
    UART4_IRQHandler                         0x08000303   Thumb Code     0  startup_stm32f405xx.o(.text)
    UART5_IRQHandler                         0x08000303   Thumb Code     0  startup_stm32f405xx.o(.text)
    USART3_IRQHandler                        0x08000303   Thumb Code     0  startup_stm32f405xx.o(.text)
    USART6_IRQHandler                        0x08000303   Thumb Code     0  startup_stm32f405xx.o(.text)
    WWDG_IRQHandler                          0x08000303   Thumb Code     0  startup_stm32f405xx.o(.text)
    __user_initial_stackheap                 0x08000305   Thumb Code     0  startup_stm32f405xx.o(.text)
    __aeabi_uldivmod                         0x08000329   Thumb Code     0  lludivv7m.o(.text)
    _ll_udiv                                 0x08000329   Thumb Code   238  lludivv7m.o(.text)
    __aeabi_memcpy                           0x08000417   Thumb Code     0  rt_memcpy_v6.o(.text)
    __rt_memcpy                              0x08000417   Thumb Code   138  rt_memcpy_v6.o(.text)
    _memcpy_lastbytes                        0x0800047d   Thumb Code     0  rt_memcpy_v6.o(.text)
    __aeabi_memset                           0x080004a1   Thumb Code    16  aeabi_memset.o(.text)
    __aeabi_memclr4                          0x080004b1   Thumb Code     0  rt_memclr_w.o(.text)
    __aeabi_memclr8                          0x080004b1   Thumb Code     0  rt_memclr_w.o(.text)
    __rt_memclr_w                            0x080004b1   Thumb Code    78  rt_memclr_w.o(.text)
    _memset_w                                0x080004b5   Thumb Code     0  rt_memclr_w.o(.text)
    __use_two_region_memory                  0x080004ff   Thumb Code     2  heapauxi.o(.text)
    __rt_heap_escrow$2region                 0x08000501   Thumb Code     2  heapauxi.o(.text)
    __rt_heap_expand$2region                 0x08000503   Thumb Code     2  heapauxi.o(.text)
    __read_errno                             0x08000505   Thumb Code    10  _rserrno.o(.text)
    __set_errno                              0x0800050f   Thumb Code    12  _rserrno.o(.text)
    __aeabi_memcpy4                          0x0800051b   Thumb Code     0  rt_memcpy_w.o(.text)
    __aeabi_memcpy8                          0x0800051b   Thumb Code     0  rt_memcpy_w.o(.text)
    __rt_memcpy_w                            0x0800051b   Thumb Code   100  rt_memcpy_w.o(.text)
    _memcpy_lastbytes_aligned                0x08000563   Thumb Code     0  rt_memcpy_w.o(.text)
    __aeabi_memclr                           0x0800057f   Thumb Code     0  rt_memclr.o(.text)
    __rt_memclr                              0x0800057f   Thumb Code    68  rt_memclr.o(.text)
    _memset                                  0x08000583   Thumb Code     0  rt_memclr.o(.text)
    __aeabi_errno_addr                       0x080005c5   Thumb Code     8  rt_errno_addr_intlibspace.o(.text)
    __errno$intlibspace                      0x080005c5   Thumb Code     0  rt_errno_addr_intlibspace.o(.text)
    __rt_errno_addr$intlibspace              0x080005c5   Thumb Code     0  rt_errno_addr_intlibspace.o(.text)
    __user_libspace                          0x080005cd   Thumb Code     8  libspace.o(.text)
    __user_perproc_libspace                  0x080005cd   Thumb Code     0  libspace.o(.text)
    __user_perthread_libspace                0x080005cd   Thumb Code     0  libspace.o(.text)
    __user_setup_stackheap                   0x080005d5   Thumb Code    74  sys_stackheap_outer.o(.text)
    exit                                     0x0800061f   Thumb Code    18  exit.o(.text)
    _sys_exit                                0x08000631   Thumb Code     8  sys_exit.o(.text)
    __I$use$semihosting                      0x0800063d   Thumb Code     0  use_no_semi.o(.text)
    __use_no_semihosting_swi                 0x0800063d   Thumb Code     2  use_no_semi.o(.text)
    __semihosting_library_function           0x0800063f   Thumb Code     0  indicate_semi.o(.text)
    Board_Id_Set                             0x08000641   Thumb Code    86  key_led.o(i.Board_Id_Set)
    BusFault_Handler                         0x080006a1   Thumb Code     4  stm32f4xx_it.o(i.BusFault_Handler)
    CAN1_RX0_IRQHandler                      0x080006a5   Thumb Code    10  stm32f4xx_it.o(i.CAN1_RX0_IRQHandler)
    CAN1_TX_IRQHandler                       0x080006b5   Thumb Code    10  stm32f4xx_it.o(i.CAN1_TX_IRQHandler)
    CAN2_RX0_IRQHandler                      0x080006c5   Thumb Code    10  stm32f4xx_it.o(i.CAN2_RX0_IRQHandler)
    CAN2_TX_IRQHandler                       0x080006d5   Thumb Code    10  stm32f4xx_it.o(i.CAN2_TX_IRQHandler)
    DebugMon_Handler                         0x080006e5   Thumb Code     2  stm32f4xx_it.o(i.DebugMon_Handler)
    Error_Handler                            0x080006e7   Thumb Code     6  main.o(i.Error_Handler)
    HAL_CAN_ActivateNotification             0x080006ed   Thumb Code    42  stm32f4xx_hal_can.o(i.HAL_CAN_ActivateNotification)
    HAL_CAN_AddTxMessage                     0x08000717   Thumb Code   342  stm32f4xx_hal_can.o(i.HAL_CAN_AddTxMessage)
    HAL_CAN_ConfigFilter                     0x0800086d   Thumb Code   286  stm32f4xx_hal_can.o(i.HAL_CAN_ConfigFilter)
    HAL_CAN_ErrorCallback                    0x08000991   Thumb Code     2  stm32f4xx_hal_can.o(i.HAL_CAN_ErrorCallback)
    HAL_CAN_GetRxMessage                     0x08000993   Thumb Code   378  stm32f4xx_hal_can.o(i.HAL_CAN_GetRxMessage)
    HAL_CAN_GetTxMailboxesFreeLevel          0x08000b0d   Thumb Code    54  stm32f4xx_hal_can.o(i.HAL_CAN_GetTxMailboxesFreeLevel)
    HAL_CAN_IRQHandler                       0x08000b43   Thumb Code   590  stm32f4xx_hal_can.o(i.HAL_CAN_IRQHandler)
    HAL_CAN_Init                             0x08000d91   Thumb Code   372  stm32f4xx_hal_can.o(i.HAL_CAN_Init)
    HAL_CAN_MspInit                          0x08000f05   Thumb Code   364  can.o(i.HAL_CAN_MspInit)
    HAL_CAN_RxFifo0FullCallback              0x08001089   Thumb Code     2  stm32f4xx_hal_can.o(i.HAL_CAN_RxFifo0FullCallback)
    HAL_CAN_RxFifo0MsgPendingCallback        0x0800108d   Thumb Code   212  user_can_init.o(i.HAL_CAN_RxFifo0MsgPendingCallback)
    HAL_CAN_RxFifo1FullCallback              0x08001181   Thumb Code     2  stm32f4xx_hal_can.o(i.HAL_CAN_RxFifo1FullCallback)
    HAL_CAN_RxFifo1MsgPendingCallback        0x08001183   Thumb Code     2  stm32f4xx_hal_can.o(i.HAL_CAN_RxFifo1MsgPendingCallback)
    HAL_CAN_SleepCallback                    0x08001185   Thumb Code     2  stm32f4xx_hal_can.o(i.HAL_CAN_SleepCallback)
    HAL_CAN_Start                            0x08001187   Thumb Code    94  stm32f4xx_hal_can.o(i.HAL_CAN_Start)
    HAL_CAN_TxMailbox0AbortCallback          0x080011e5   Thumb Code     2  stm32f4xx_hal_can.o(i.HAL_CAN_TxMailbox0AbortCallback)
    HAL_CAN_TxMailbox0CompleteCallback       0x080011e7   Thumb Code     2  stm32f4xx_hal_can.o(i.HAL_CAN_TxMailbox0CompleteCallback)
    HAL_CAN_TxMailbox1AbortCallback          0x080011e9   Thumb Code     2  stm32f4xx_hal_can.o(i.HAL_CAN_TxMailbox1AbortCallback)
    HAL_CAN_TxMailbox1CompleteCallback       0x080011eb   Thumb Code     2  stm32f4xx_hal_can.o(i.HAL_CAN_TxMailbox1CompleteCallback)
    HAL_CAN_TxMailbox2AbortCallback          0x080011ed   Thumb Code     2  stm32f4xx_hal_can.o(i.HAL_CAN_TxMailbox2AbortCallback)
    HAL_CAN_TxMailbox2CompleteCallback       0x080011ef   Thumb Code     2  stm32f4xx_hal_can.o(i.HAL_CAN_TxMailbox2CompleteCallback)
    HAL_CAN_WakeUpFromRxMsgCallback          0x080011f1   Thumb Code     2  stm32f4xx_hal_can.o(i.HAL_CAN_WakeUpFromRxMsgCallback)
    HAL_DMA_Abort                            0x080011f3   Thumb Code   172  stm32f4xx_hal_dma.o(i.HAL_DMA_Abort)
    HAL_DMA_Abort_IT                         0x0800129f   Thumb Code    40  stm32f4xx_hal_dma.o(i.HAL_DMA_Abort_IT)
    HAL_Delay                                0x080012c9   Thumb Code    36  stm32f4xx_hal.o(i.HAL_Delay)
    HAL_GPIO_Init                            0x080012f1   Thumb Code   454  stm32f4xx_hal_gpio.o(i.HAL_GPIO_Init)
    HAL_GPIO_WritePin                        0x080014e5   Thumb Code    12  stm32f4xx_hal_gpio.o(i.HAL_GPIO_WritePin)
    HAL_GetTick                              0x080014f1   Thumb Code     6  stm32f4xx_hal.o(i.HAL_GetTick)
    HAL_IncTick                              0x080014fd   Thumb Code    16  stm32f4xx_hal.o(i.HAL_IncTick)
    HAL_Init                                 0x08001515   Thumb Code    54  stm32f4xx_hal.o(i.HAL_Init)
    HAL_InitTick                             0x08001551   Thumb Code   160  stm32f4xx_hal_timebase_tim.o(i.HAL_InitTick)
    HAL_MspInit                              0x08001605   Thumb Code    78  stm32f4xx_hal_msp.o(i.HAL_MspInit)
    HAL_NVIC_EnableIRQ                       0x08001659   Thumb Code    32  stm32f4xx_hal_cortex.o(i.HAL_NVIC_EnableIRQ)
    HAL_NVIC_SetPriority                     0x08001679   Thumb Code   124  stm32f4xx_hal_cortex.o(i.HAL_NVIC_SetPriority)
    HAL_NVIC_SetPriorityGrouping             0x080016f5   Thumb Code    32  stm32f4xx_hal_cortex.o(i.HAL_NVIC_SetPriorityGrouping)
    HAL_RCC_ClockConfig                      0x0800171d   Thumb Code   368  stm32f4xx_hal_rcc.o(i.HAL_RCC_ClockConfig)
    HAL_RCC_GetClockConfig                   0x080018a1   Thumb Code    58  stm32f4xx_hal_rcc.o(i.HAL_RCC_GetClockConfig)
    HAL_RCC_GetHCLKFreq                      0x080018e5   Thumb Code     6  stm32f4xx_hal_rcc.o(i.HAL_RCC_GetHCLKFreq)
    HAL_RCC_GetPCLK1Freq                     0x080018f1   Thumb Code    22  stm32f4xx_hal_rcc.o(i.HAL_RCC_GetPCLK1Freq)
    HAL_RCC_GetPCLK2Freq                     0x08001911   Thumb Code    22  stm32f4xx_hal_rcc.o(i.HAL_RCC_GetPCLK2Freq)
    HAL_RCC_GetSysClockFreq                  0x08001931   Thumb Code   162  stm32f4xx_hal_rcc.o(i.HAL_RCC_GetSysClockFreq)
    HAL_RCC_OscConfig                        0x080019e1   Thumb Code  1172  stm32f4xx_hal_rcc.o(i.HAL_RCC_OscConfig)
    HAL_TIMEx_BreakCallback                  0x08001e7d   Thumb Code     2  stm32f4xx_hal_tim_ex.o(i.HAL_TIMEx_BreakCallback)
    HAL_TIMEx_CommutCallback                 0x08001e7f   Thumb Code     2  stm32f4xx_hal_tim_ex.o(i.HAL_TIMEx_CommutCallback)
    HAL_TIMEx_MasterConfigSynchronization    0x08001e81   Thumb Code   150  stm32f4xx_hal_tim_ex.o(i.HAL_TIMEx_MasterConfigSynchronization)
    HAL_TIM_Base_Init                        0x08001f35   Thumb Code   102  stm32f4xx_hal_tim.o(i.HAL_TIM_Base_Init)
    HAL_TIM_Base_MspInit                     0x08001f9d   Thumb Code    62  tim.o(i.HAL_TIM_Base_MspInit)
    HAL_TIM_Base_Start_IT                    0x08001fe1   Thumb Code   138  stm32f4xx_hal_tim.o(i.HAL_TIM_Base_Start_IT)
    HAL_TIM_ConfigClockSource                0x08002089   Thumb Code   268  stm32f4xx_hal_tim.o(i.HAL_TIM_ConfigClockSource)
    HAL_TIM_IC_CaptureCallback               0x08002195   Thumb Code     2  stm32f4xx_hal_tim.o(i.HAL_TIM_IC_CaptureCallback)
    HAL_TIM_IRQHandler                       0x08002197   Thumb Code   406  stm32f4xx_hal_tim.o(i.HAL_TIM_IRQHandler)
    HAL_TIM_OC_DelayElapsedCallback          0x0800232d   Thumb Code     2  stm32f4xx_hal_tim.o(i.HAL_TIM_OC_DelayElapsedCallback)
    HAL_TIM_PWM_PulseFinishedCallback        0x0800232f   Thumb Code     2  stm32f4xx_hal_tim.o(i.HAL_TIM_PWM_PulseFinishedCallback)
    HAL_TIM_PeriodElapsedCallback            0x08002331   Thumb Code    48  main.o(i.HAL_TIM_PeriodElapsedCallback)
    HAL_TIM_TriggerCallback                  0x08002375   Thumb Code     2  stm32f4xx_hal_tim.o(i.HAL_TIM_TriggerCallback)
    HAL_UARTEx_RxEventCallback               0x08002377   Thumb Code     2  stm32f4xx_hal_uart.o(i.HAL_UARTEx_RxEventCallback)
    HAL_UART_ErrorCallback                   0x08002379   Thumb Code     2  stm32f4xx_hal_uart.o(i.HAL_UART_ErrorCallback)
    HAL_UART_IRQHandler                      0x0800237d   Thumb Code   732  stm32f4xx_hal_uart.o(i.HAL_UART_IRQHandler)
    HAL_UART_Init                            0x0800265d   Thumb Code   114  stm32f4xx_hal_uart.o(i.HAL_UART_Init)
    HAL_UART_MspInit                         0x080026d1   Thumb Code   266  usart.o(i.HAL_UART_MspInit)
    HAL_UART_RxCpltCallback                  0x080027ed   Thumb Code     2  stm32f4xx_hal_uart.o(i.HAL_UART_RxCpltCallback)
    HAL_UART_TxCpltCallback                  0x080027ef   Thumb Code     2  stm32f4xx_hal_uart.o(i.HAL_UART_TxCpltCallback)
    HardFault_Handler                        0x080027f1   Thumb Code     4  stm32f4xx_it.o(i.HardFault_Handler)
    Homeing_Mode                             0x080027f5   Thumb Code   124  rm_motor.o(i.Homeing_Mode)
    M3508_Send_Currents                      0x08002875   Thumb Code   268  rm_motor.o(i.M3508_Send_Currents)
    MX_CAN1_Init                             0x0800298d   Thumb Code    62  can.o(i.MX_CAN1_Init)
    MX_CAN2_Init                             0x080029d5   Thumb Code    62  can.o(i.MX_CAN2_Init)
    MX_FREERTOS_Init                         0x08002a1d   Thumb Code    32  freertos.o(i.MX_FREERTOS_Init)
    MX_GPIO_Init                             0x08002a55   Thumb Code   192  gpio.o(i.MX_GPIO_Init)
    MX_TIM2_Init                             0x08002b21   Thumb Code   104  tim.o(i.MX_TIM2_Init)
    MX_USART1_UART_Init                      0x08002b8d   Thumb Code    46  usart.o(i.MX_USART1_UART_Init)
    MX_USART2_UART_Init                      0x08002bc5   Thumb Code    46  usart.o(i.MX_USART2_UART_Init)
    Max_Value_Limit                          0x08002bfd   Thumb Code    38  rm_motor.o(i.Max_Value_Limit)
    MemManage_Handler                        0x08002c23   Thumb Code     4  stm32f4xx_it.o(i.MemManage_Handler)
    Motor_Control                            0x08002c29   Thumb Code   966  rm_motor.o(i.Motor_Control)
    NMI_Handler                              0x08003009   Thumb Code     4  stm32f4xx_it.o(i.NMI_Handler)
    PID_Abs_Limit                            0x0800300d   Thumb Code    38  pid.o(i.PID_Abs_Limit)
    PID_Incremental_PID_Calculation          0x08003035   Thumb Code   246  pid.o(i.PID_Incremental_PID_Calculation)
    PID_Parameter_Init                       0x08003131   Thumb Code    62  pid.o(i.PID_Parameter_Init)
    PID_Position_Calculate                   0x08003175   Thumb Code   248  pid.o(i.PID_Position_Calculate)
    Pid_Init_All                             0x08003271   Thumb Code   572  config.o(i.Pid_Init_All)
    Position_Control                         0x080034dd   Thumb Code   114  rm_motor.o(i.Position_Control)
    RM_MOTOR_Angle_Integral                  0x08003555   Thumb Code   522  rm_motor.o(i.RM_MOTOR_Angle_Integral)
    Send_Data_Function                       0x08003779   Thumb Code    54  freertos.o(i.Send_Data_Function)
    Send_Rm_Motor_Msg                        0x080037b9   Thumb Code   248  control.o(i.Send_Rm_Motor_Msg)
    Send_Vesc_Motor_Msg                      0x080038c9   Thumb Code   274  control.o(i.Send_Vesc_Motor_Msg)
    Speed_Control                            0x080039f9   Thumb Code     8  rm_motor.o(i.Speed_Control)
    StartDefaultTask                         0x08003a01   Thumb Code   116  freertos.o(i.StartDefaultTask)
    SysTick_Handler                          0x08003a85   Thumb Code    22  cmsis_os2.o(i.SysTick_Handler)
    SystemClock_Config                       0x08003a9d   Thumb Code   170  main.o(i.SystemClock_Config)
    SystemInit                               0x08003b51   Thumb Code    14  system_stm32f4xx.o(i.SystemInit)
    TIM2_IRQHandler                          0x08003b65   Thumb Code    10  stm32f4xx_it.o(i.TIM2_IRQHandler)
    TIM3_IRQHandler                          0x08003b75   Thumb Code    10  stm32f4xx_it.o(i.TIM3_IRQHandler)
    TIM_Base_SetConfig                       0x08003b85   Thumb Code   170  stm32f4xx_hal_tim.o(i.TIM_Base_SetConfig)
    TIM_ETR_SetConfig                        0x08003c5d   Thumb Code    22  stm32f4xx_hal_tim.o(i.TIM_ETR_SetConfig)
    USART1_IRQHandler                        0x080040f9   Thumb Code    10  stm32f4xx_it.o(i.USART1_IRQHandler)
    USART2_IRQHandler                        0x08004109   Thumb Code    10  stm32f4xx_it.o(i.USART2_IRQHandler)
    UsageFault_Handler                       0x08004119   Thumb Code     4  stm32f4xx_it.o(i.UsageFault_Handler)
    User_Open_Can1                           0x0800411d   Thumb Code    92  user_can_init.o(i.User_Open_Can1)
    User_Open_Can2                           0x0800417d   Thumb Code   146  user_can_init.o(i.User_Open_Can2)
    VESC_Control                             0x08004219   Thumb Code    84  vesc_can.o(i.VESC_Control)
    VESC_Init                                0x0800426d   Thumb Code    90  config.o(i.VESC_Init)
    Velocity_Planning_MODE                   0x080042cd   Thumb Code   782  rm_motor.o(i.Velocity_Planning_MODE)
    __hardfp_sqrt                            0x0800461b   Thumb Code   122  sqrt.o(i.__hardfp_sqrt)
    buffer_append_float16                    0x08004695   Thumb Code    58  user_can_init.o(i.buffer_append_float16)
    buffer_append_float32                    0x080046cf   Thumb Code    54  user_can_init.o(i.buffer_append_float32)
    buffer_append_int16                      0x08004705   Thumb Code    24  user_can_init.o(i.buffer_append_int16)
    buffer_append_int32                      0x0800471d   Thumb Code    46  user_can_init.o(i.buffer_append_int32)
    buffer_append_uint16                     0x0800474b   Thumb Code    22  user_can_init.o(i.buffer_append_uint16)
    buffer_append_uint32                     0x08004761   Thumb Code    46  user_can_init.o(i.buffer_append_uint32)
    buffer_get_float16                       0x0800478f   Thumb Code    58  user_can_init.o(i.buffer_get_float16)
    buffer_get_int16                         0x080047c9   Thumb Code    28  user_can_init.o(i.buffer_get_int16)
    buffer_get_int32                         0x080047e5   Thumb Code    48  user_can_init.o(i.buffer_get_int32)
    buffer_get_uint16                        0x08004815   Thumb Code    26  user_can_init.o(i.buffer_get_uint16)
    buffer_get_uint32                        0x0800482f   Thumb Code    48  user_can_init.o(i.buffer_get_uint32)
    can_get_data                             0x08004861   Thumb Code   658  vesc_can.o(i.can_get_data)
    can_loss                                 0x08004b11   Thumb Code   112  control.o(i.can_loss)
    can_on_off_led                           0x08004b91   Thumb Code   102  key_led.o(i.can_on_off_led)
    comm_can_set_current                     0x08004c01   Thumb Code    66  vesc_can.o(i.comm_can_set_current)
    comm_can_set_duty                        0x08004c4d   Thumb Code    64  vesc_can.o(i.comm_can_set_duty)
    comm_can_set_pos                         0x08004c95   Thumb Code    66  vesc_can.o(i.comm_can_set_pos)
    comm_can_set_rpm                         0x08004ce1   Thumb Code    58  vesc_can.o(i.comm_can_set_rpm)
    comm_can_transmit_extid                  0x08004d21   Thumb Code    80  user_can_init.o(i.comm_can_transmit_extid)
    comm_can_transmit_stdid                  0x08004d75   Thumb Code    76  user_can_init.o(i.comm_can_transmit_stdid)
    get_motor_measure                        0x08004dc1   Thumb Code   408  rm_motor.o(i.get_motor_measure)
    main                                     0x08004f5d   Thumb Code    66  main.o(i.main)
    osDelay                                  0x08004fa5   Thumb Code    30  cmsis_os2.o(i.osDelay)
    osKernelInitialize                       0x08004fc5   Thumb Code    38  cmsis_os2.o(i.osKernelInitialize)
    osKernelStart                            0x08004ff1   Thumb Code    82  cmsis_os2.o(i.osKernelStart)
    osThreadNew                              0x08005051   Thumb Code   184  cmsis_os2.o(i.osThreadNew)
    pvPortMalloc                             0x08005b2d   Thumb Code   306  heap_4.o(i.pvPortMalloc)
    pxPortInitialiseStack                    0x08005c79   Thumb Code    38  port.o(i.pxPortInitialiseStack)
    rm_motor_control_comm                    0x08005ca5   Thumb Code  1604  control.o(i.rm_motor_control_comm)
    uxListRemove                             0x08006309   Thumb Code    40  list.o(i.uxListRemove)
    vApplicationGetIdleTaskMemory            0x08006331   Thumb Code    14  cmsis_os2.o(i.vApplicationGetIdleTaskMemory)
    vApplicationGetTimerTaskMemory           0x08006349   Thumb Code    16  cmsis_os2.o(i.vApplicationGetTimerTaskMemory)
    vListInitialise                          0x08006361   Thumb Code    26  list.o(i.vListInitialise)
    vListInitialiseItem                      0x0800637b   Thumb Code     6  list.o(i.vListInitialiseItem)
    vListInsert                              0x08006381   Thumb Code    52  list.o(i.vListInsert)
    vListInsertEnd                           0x080063b5   Thumb Code    24  list.o(i.vListInsertEnd)
    vPortEnterCritical                       0x080063cd   Thumb Code    76  port.o(i.vPortEnterCritical)
    vPortExitCritical                        0x08006421   Thumb Code    56  port.o(i.vPortExitCritical)
    vPortFree                                0x0800645d   Thumb Code   150  heap_4.o(i.vPortFree)
    vPortSetupTimerInterrupt                 0x08006501   Thumb Code    36  port.o(i.vPortSetupTimerInterrupt)
    vPortValidateInterruptPriority           0x08006529   Thumb Code   106  port.o(i.vPortValidateInterruptPriority)
    vQueueAddToRegistry                      0x080065a1   Thumb Code    38  queue.o(i.vQueueAddToRegistry)
    vQueueWaitForMessageRestricted           0x080065cd   Thumb Code    74  queue.o(i.vQueueWaitForMessageRestricted)
    vTaskDelay                               0x08006619   Thumb Code    82  tasks.o(i.vTaskDelay)
    vTaskInternalSetTimeOutState             0x08006675   Thumb Code    14  tasks.o(i.vTaskInternalSetTimeOutState)
    vTaskMissedYield                         0x0800668d   Thumb Code     8  tasks.o(i.vTaskMissedYield)
    vTaskPlaceOnEventList                    0x08006699   Thumb Code    52  tasks.o(i.vTaskPlaceOnEventList)
    vTaskPlaceOnEventListRestricted          0x080066d1   Thumb Code    60  tasks.o(i.vTaskPlaceOnEventListRestricted)
    vTaskStartScheduler                      0x08006711   Thumb Code   156  tasks.o(i.vTaskStartScheduler)
    vTaskSuspendAll                          0x080067c9   Thumb Code    12  tasks.o(i.vTaskSuspendAll)
    vTaskSwitchContext                       0x080067d9   Thumb Code   122  tasks.o(i.vTaskSwitchContext)
    vesc_motor_control_comm                  0x08006869   Thumb Code   458  control.o(i.vesc_motor_control_comm)
    xPortStartScheduler                      0x08006a55   Thumb Code   330  port.o(i.xPortStartScheduler)
    xPortSysTickHandler                      0x08006bbd   Thumb Code    46  port.o(i.xPortSysTickHandler)
    xQueueGenericCreateStatic                0x08006bf1   Thumb Code   224  queue.o(i.xQueueGenericCreateStatic)
    xQueueGenericReset                       0x08006cd1   Thumb Code   146  queue.o(i.xQueueGenericReset)
    xQueueGenericSend                        0x08006d69   Thumb Code   420  queue.o(i.xQueueGenericSend)
    xQueueGenericSendFromISR                 0x08006f11   Thumb Code   252  queue.o(i.xQueueGenericSendFromISR)
    xQueueReceive                            0x0800700d   Thumb Code   356  queue.o(i.xQueueReceive)
    xTaskCheckForTimeOut                     0x08007175   Thumb Code   132  tasks.o(i.xTaskCheckForTimeOut)
    xTaskCreate                              0x08007201   Thumb Code   100  tasks.o(i.xTaskCreate)
    xTaskCreateStatic                        0x08007265   Thumb Code   186  tasks.o(i.xTaskCreateStatic)
    xTaskGetSchedulerState                   0x08007321   Thumb Code    24  tasks.o(i.xTaskGetSchedulerState)
    xTaskGetTickCount                        0x08007341   Thumb Code     6  tasks.o(i.xTaskGetTickCount)
    xTaskIncrementTick                       0x0800734d   Thumb Code   280  tasks.o(i.xTaskIncrementTick)
    xTaskPriorityDisinherit                  0x08007491   Thumb Code   152  tasks.o(i.xTaskPriorityDisinherit)
    xTaskRemoveFromEventList                 0x08007535   Thumb Code   126  tasks.o(i.xTaskRemoveFromEventList)
    xTaskResumeAll                           0x080075cd   Thumb Code   222  tasks.o(i.xTaskResumeAll)
    xTimerCreateTimerTask                    0x080076d1   Thumb Code   100  timers.o(i.xTimerCreateTimerTask)
    xTimerGenericCommand                     0x08007749   Thumb Code   128  timers.o(i.xTimerGenericCommand)
    __aeabi_d2f                              0x080077cd   Thumb Code     0  d2f.o(x$fpl$d2f)
    _d2f                                     0x080077cd   Thumb Code    98  d2f.o(x$fpl$d2f)
    __aeabi_ddiv                             0x08007831   Thumb Code     0  ddiv.o(x$fpl$ddiv)
    _ddiv                                    0x08007831   Thumb Code   552  ddiv.o(x$fpl$ddiv)
    __aeabi_d2iz                             0x08007ae1   Thumb Code     0  dfix.o(x$fpl$dfix)
    _dfix                                    0x08007ae1   Thumb Code    94  dfix.o(x$fpl$dfix)
    __fpl_dnaninf                            0x08007b3f   Thumb Code   156  dnaninf.o(x$fpl$dnaninf)
    __fpl_dretinf                            0x08007bdb   Thumb Code    12  dretinf.o(x$fpl$dretinf)
    _dsqrt                                   0x08007be9   Thumb Code   404  dsqrt_umaal.o(x$fpl$dsqrt)
    __aeabi_f2d                              0x08007d81   Thumb Code     0  f2d.o(x$fpl$f2d)
    _f2d                                     0x08007d81   Thumb Code    86  f2d.o(x$fpl$f2d)
    __fpl_fnaninf                            0x08007dd7   Thumb Code   140  fnaninf.o(x$fpl$fnaninf)
    _fp_init                                 0x08007e63   Thumb Code    10  fpinit.o(x$fpl$fpinit)
    __fplib_config_fpu_vfp                   0x08007e6b   Thumb Code     0  fpinit.o(x$fpl$fpinit)
    __fplib_config_pureend_doubles           0x08007e6b   Thumb Code     0  fpinit.o(x$fpl$fpinit)
    __fpl_fretinf                            0x08007e6d   Thumb Code    10  fretinf.o(x$fpl$fretinf)
    __I$use$fp                               0x08007e76   Number         0  usenofp.o(x$fpl$usenofp)
    defaultTask_attributes                   0x08007e78   Data          36  freertos.o(.constdata)
    Send_Data_attributes                     0x08007e9c   Data          36  freertos.o(.constdata)
    AHBPrescTable                            0x08007ec0   Data          16  system_stm32f4xx.o(.constdata)
    APBPrescTable                            0x08007ed0   Data           8  system_stm32f4xx.o(.constdata)
    Region$$Table$$Base                      0x08007ef0   Number         0  anon$$obj.o(Region$$Table)
    Region$$Table$$Limit                     0x08007f10   Number         0  anon$$obj.o(Region$$Table)
    send_can                                 0x20000000   Data           2  main.o(.data)
    defaultTaskHandle                        0x20000004   Data           4  freertos.o(.data)
    Send_DataHandle                          0x20000008   Data           4  freertos.o(.data)
    uwTick                                   0x20000018   Data           4  stm32f4xx_hal.o(.data)
    uwTickPrio                               0x2000001c   Data           4  stm32f4xx_hal.o(.data)
    uwTickFreq                               0x20000020   Data           1  stm32f4xx_hal.o(.data)
    SystemCoreClock                          0x20000024   Data           4  system_stm32f4xx.o(.data)
    controller_id                            0x20000028   Data           2  control.o(.data)
    control_mode                             0x2000002a   Data           2  control.o(.data)
    n                                        0x2000002c   Data           2  control.o(.data)
    MOTOR_TYPE                               0x2000002e   Data           2  control.o(.data)
    Deceleration_P                           0x20000044   Data           4  rm_motor.o(.data)
    CAN1_RxData                              0x20000049   Data           8  user_can_init.o(.data)
    CAN2_RxData                              0x20000051   Data           8  user_can_init.o(.data)
    test_id                                  0x20000059   Data           1  user_can_init.o(.data)
    LED_SHOW                                 0x2000005a   Data           4  key_led.o(.data)
    pxCurrentTCB                             0x20000060   Data           4  tasks.o(.data)
    hcan1                                    0x200000e0   Data          40  can.o(.bss)
    hcan2                                    0x20000108   Data          40  can.o(.bss)
    htim2                                    0x20000130   Data          72  tim.o(.bss)
    huart1                                   0x20000178   Data          68  usart.o(.bss)
    huart2                                   0x200001bc   Data          68  usart.o(.bss)
    htim3                                    0x20000200   Data          72  stm32f4xx_hal_timebase_tim.o(.bss)
    CONTROL                                  0x20000248   Data          68  control.o(.bss)
    MOTO_REAL_INFO                           0x2000028c   Data         928  rm_motor.o(.bss)
    MOTOR_PID_RPM                            0x2000062c   Data         512  rm_motor.o(.bss)
    MOTOR_PID_POS                            0x2000082c   Data         512  rm_motor.o(.bss)
    VESC_MOTO_INFO                           0x20000a2c   Data         216  vesc_can.o(.bss)
    xQueueRegistry                           0x20000b04   Data          64  queue.o(.bss)
    __libspace_start                         0x200053d8   Data          96  libspace.o(.bss)
    __temporary_stack_top$libspace           0x20005438   Data           0  libspace.o(.bss)



==============================================================================

Memory Map of the image

  Image Entry point : 0x08000189

  Load Region LR_IROM1 (Base: 0x08000000, Size: 0x00007ff0, Max: 0x00100000, ABSOLUTE)

    Execution Region ER_IROM1 (Exec base: 0x08000000, Load base: 0x08000000, Size: 0x00007f10, Max: 0x00100000, ABSOLUTE)

    Exec Addr    Load Addr    Size         Type   Attr      Idx    E Section Name        Object

    0x08000000   0x08000000   0x00000188   Data   RO            3    RESET               startup_stm32f405xx.o
    0x08000188   0x08000188   0x00000008   Code   RO         5773  * !!!main             c_w.l(__main.o)
    0x08000190   0x08000190   0x00000034   Code   RO         5990    !!!scatter          c_w.l(__scatter.o)
    0x080001c4   0x080001c4   0x0000001a   Code   RO         5992    !!handler_copy      c_w.l(__scatter_copy.o)
    0x080001de   0x080001de   0x00000002   PAD
    0x080001e0   0x080001e0   0x0000001c   Code   RO         5994    !!handler_zi        c_w.l(__scatter_zi.o)
    0x080001fc   0x080001fc   0x00000002   Code   RO         5863    .ARM.Collect$$libinit$$00000000  c_w.l(libinit.o)
    0x080001fe   0x080001fe   0x00000004   Code   RO         5872    .ARM.Collect$$libinit$$00000001  c_w.l(libinit2.o)
    0x08000202   0x08000202   0x00000000   Code   RO         5875    .ARM.Collect$$libinit$$00000004  c_w.l(libinit2.o)
    0x08000202   0x08000202   0x00000000   Code   RO         5878    .ARM.Collect$$libinit$$0000000A  c_w.l(libinit2.o)
    0x08000202   0x08000202   0x00000000   Code   RO         5880    .ARM.Collect$$libinit$$0000000C  c_w.l(libinit2.o)
    0x08000202   0x08000202   0x00000000   Code   RO         5882    .ARM.Collect$$libinit$$0000000E  c_w.l(libinit2.o)
    0x08000202   0x08000202   0x00000000   Code   RO         5885    .ARM.Collect$$libinit$$00000011  c_w.l(libinit2.o)
    0x08000202   0x08000202   0x00000000   Code   RO         5887    .ARM.Collect$$libinit$$00000013  c_w.l(libinit2.o)
    0x08000202   0x08000202   0x00000000   Code   RO         5889    .ARM.Collect$$libinit$$00000015  c_w.l(libinit2.o)
    0x08000202   0x08000202   0x00000000   Code   RO         5891    .ARM.Collect$$libinit$$00000017  c_w.l(libinit2.o)
    0x08000202   0x08000202   0x00000000   Code   RO         5893    .ARM.Collect$$libinit$$00000019  c_w.l(libinit2.o)
    0x08000202   0x08000202   0x00000000   Code   RO         5895    .ARM.Collect$$libinit$$0000001B  c_w.l(libinit2.o)
    0x08000202   0x08000202   0x00000000   Code   RO         5897    .ARM.Collect$$libinit$$0000001D  c_w.l(libinit2.o)
    0x08000202   0x08000202   0x00000000   Code   RO         5899    .ARM.Collect$$libinit$$0000001F  c_w.l(libinit2.o)
    0x08000202   0x08000202   0x00000000   Code   RO         5901    .ARM.Collect$$libinit$$00000021  c_w.l(libinit2.o)
    0x08000202   0x08000202   0x00000000   Code   RO         5903    .ARM.Collect$$libinit$$00000023  c_w.l(libinit2.o)
    0x08000202   0x08000202   0x00000000   Code   RO         5905    .ARM.Collect$$libinit$$00000025  c_w.l(libinit2.o)
    0x08000202   0x08000202   0x00000000   Code   RO         5909    .ARM.Collect$$libinit$$0000002C  c_w.l(libinit2.o)
    0x08000202   0x08000202   0x00000000   Code   RO         5911    .ARM.Collect$$libinit$$0000002E  c_w.l(libinit2.o)
    0x08000202   0x08000202   0x00000000   Code   RO         5913    .ARM.Collect$$libinit$$00000030  c_w.l(libinit2.o)
    0x08000202   0x08000202   0x00000000   Code   RO         5915    .ARM.Collect$$libinit$$00000032  c_w.l(libinit2.o)
    0x08000202   0x08000202   0x00000002   Code   RO         5916    .ARM.Collect$$libinit$$00000033  c_w.l(libinit2.o)
    0x08000204   0x08000204   0x00000002   Code   RO         5947    .ARM.Collect$$libshutdown$$00000000  c_w.l(libshutdown.o)
    0x08000206   0x08000206   0x00000000   Code   RO         5973    .ARM.Collect$$libshutdown$$00000002  c_w.l(libshutdown2.o)
    0x08000206   0x08000206   0x00000000   Code   RO         5975    .ARM.Collect$$libshutdown$$00000004  c_w.l(libshutdown2.o)
    0x08000206   0x08000206   0x00000000   Code   RO         5978    .ARM.Collect$$libshutdown$$00000007  c_w.l(libshutdown2.o)
    0x08000206   0x08000206   0x00000000   Code   RO         5981    .ARM.Collect$$libshutdown$$0000000A  c_w.l(libshutdown2.o)
    0x08000206   0x08000206   0x00000000   Code   RO         5983    .ARM.Collect$$libshutdown$$0000000C  c_w.l(libshutdown2.o)
    0x08000206   0x08000206   0x00000000   Code   RO         5986    .ARM.Collect$$libshutdown$$0000000F  c_w.l(libshutdown2.o)
    0x08000206   0x08000206   0x00000002   Code   RO         5987    .ARM.Collect$$libshutdown$$00000010  c_w.l(libshutdown2.o)
    0x08000208   0x08000208   0x00000000   Code   RO         5799    .ARM.Collect$$rtentry$$00000000  c_w.l(__rtentry.o)
    0x08000208   0x08000208   0x00000000   Code   RO         5824    .ARM.Collect$$rtentry$$00000002  c_w.l(__rtentry2.o)
    0x08000208   0x08000208   0x00000006   Code   RO         5836    .ARM.Collect$$rtentry$$00000004  c_w.l(__rtentry4.o)
    0x0800020e   0x0800020e   0x00000000   Code   RO         5826    .ARM.Collect$$rtentry$$00000009  c_w.l(__rtentry2.o)
    0x0800020e   0x0800020e   0x00000004   Code   RO         5827    .ARM.Collect$$rtentry$$0000000A  c_w.l(__rtentry2.o)
    0x08000212   0x08000212   0x00000000   Code   RO         5829    .ARM.Collect$$rtentry$$0000000C  c_w.l(__rtentry2.o)
    0x08000212   0x08000212   0x00000008   Code   RO         5830    .ARM.Collect$$rtentry$$0000000D  c_w.l(__rtentry2.o)
    0x0800021a   0x0800021a   0x00000002   Code   RO         5864    .ARM.Collect$$rtexit$$00000000  c_w.l(rtexit.o)
    0x0800021c   0x0800021c   0x00000000   Code   RO         5920    .ARM.Collect$$rtexit$$00000002  c_w.l(rtexit2.o)
    0x0800021c   0x0800021c   0x00000004   Code   RO         5921    .ARM.Collect$$rtexit$$00000003  c_w.l(rtexit2.o)
    0x08000220   0x08000220   0x00000006   Code   RO         5922    .ARM.Collect$$rtexit$$00000004  c_w.l(rtexit2.o)
    0x08000226   0x08000226   0x00000002   PAD
    0x08000228   0x08000228   0x000000be   Code   RO         5682    .emb_text           port.o
    0x080002e6   0x080002e6   0x00000002   PAD
    0x080002e8   0x080002e8   0x00000040   Code   RO            4    .text               startup_stm32f405xx.o
    0x08000328   0x08000328   0x000000ee   Code   RO         5761    .text               c_w.l(lludivv7m.o)
    0x08000416   0x08000416   0x0000008a   Code   RO         5763    .text               c_w.l(rt_memcpy_v6.o)
    0x080004a0   0x080004a0   0x00000010   Code   RO         5767    .text               c_w.l(aeabi_memset.o)
    0x080004b0   0x080004b0   0x0000004e   Code   RO         5769    .text               c_w.l(rt_memclr_w.o)
    0x080004fe   0x080004fe   0x00000006   Code   RO         5771    .text               c_w.l(heapauxi.o)
    0x08000504   0x08000504   0x00000016   Code   RO         5804    .text               c_w.l(_rserrno.o)
    0x0800051a   0x0800051a   0x00000064   Code   RO         5806    .text               c_w.l(rt_memcpy_w.o)
    0x0800057e   0x0800057e   0x00000044   Code   RO         5808    .text               c_w.l(rt_memclr.o)
    0x080005c2   0x080005c2   0x00000002   PAD
    0x080005c4   0x080005c4   0x00000008   Code   RO         5843    .text               c_w.l(rt_errno_addr_intlibspace.o)
    0x080005cc   0x080005cc   0x00000008   Code   RO         5847    .text               c_w.l(libspace.o)
    0x080005d4   0x080005d4   0x0000004a   Code   RO         5850    .text               c_w.l(sys_stackheap_outer.o)
    0x0800061e   0x0800061e   0x00000012   Code   RO         5852    .text               c_w.l(exit.o)
    0x08000630   0x08000630   0x0000000c   Code   RO         5917    .text               c_w.l(sys_exit.o)
    0x0800063c   0x0800063c   0x00000002   Code   RO         5936    .text               c_w.l(use_no_semi.o)
    0x0800063e   0x0800063e   0x00000000   Code   RO         5938    .text               c_w.l(indicate_semi.o)
    0x0800063e   0x0800063e   0x00000002   PAD
    0x08000640   0x08000640   0x00000060   Code   RO         3917    i.Board_Id_Set      key_led.o
    0x080006a0   0x080006a0   0x00000004   Code   RO          461    i.BusFault_Handler  stm32f4xx_it.o
    0x080006a4   0x080006a4   0x00000010   Code   RO          462    i.CAN1_RX0_IRQHandler  stm32f4xx_it.o
    0x080006b4   0x080006b4   0x00000010   Code   RO          463    i.CAN1_TX_IRQHandler  stm32f4xx_it.o
    0x080006c4   0x080006c4   0x00000010   Code   RO          464    i.CAN2_RX0_IRQHandler  stm32f4xx_it.o
    0x080006d4   0x080006d4   0x00000010   Code   RO          465    i.CAN2_TX_IRQHandler  stm32f4xx_it.o
    0x080006e4   0x080006e4   0x00000002   Code   RO          466    i.DebugMon_Handler  stm32f4xx_it.o
    0x080006e6   0x080006e6   0x00000006   Code   RO           13    i.Error_Handler     main.o
    0x080006ec   0x080006ec   0x0000002a   Code   RO          631    i.HAL_CAN_ActivateNotification  stm32f4xx_hal_can.o
    0x08000716   0x08000716   0x00000156   Code   RO          632    i.HAL_CAN_AddTxMessage  stm32f4xx_hal_can.o
    0x0800086c   0x0800086c   0x00000124   Code   RO          633    i.HAL_CAN_ConfigFilter  stm32f4xx_hal_can.o
    0x08000990   0x08000990   0x00000002   Code   RO          636    i.HAL_CAN_ErrorCallback  stm32f4xx_hal_can.o
    0x08000992   0x08000992   0x0000017a   Code   RO          639    i.HAL_CAN_GetRxMessage  stm32f4xx_hal_can.o
    0x08000b0c   0x08000b0c   0x00000036   Code   RO          641    i.HAL_CAN_GetTxMailboxesFreeLevel  stm32f4xx_hal_can.o
    0x08000b42   0x08000b42   0x0000024e   Code   RO          643    i.HAL_CAN_IRQHandler  stm32f4xx_hal_can.o
    0x08000d90   0x08000d90   0x00000174   Code   RO          644    i.HAL_CAN_Init      stm32f4xx_hal_can.o
    0x08000f04   0x08000f04   0x00000184   Code   RO          323    i.HAL_CAN_MspInit   can.o
    0x08001088   0x08001088   0x00000002   Code   RO          651    i.HAL_CAN_RxFifo0FullCallback  stm32f4xx_hal_can.o
    0x0800108a   0x0800108a   0x00000002   PAD
    0x0800108c   0x0800108c   0x000000f4   Code   RO         3664    i.HAL_CAN_RxFifo0MsgPendingCallback  user_can_init.o
    0x08001180   0x08001180   0x00000002   Code   RO          653    i.HAL_CAN_RxFifo1FullCallback  stm32f4xx_hal_can.o
    0x08001182   0x08001182   0x00000002   Code   RO          654    i.HAL_CAN_RxFifo1MsgPendingCallback  stm32f4xx_hal_can.o
    0x08001184   0x08001184   0x00000002   Code   RO          655    i.HAL_CAN_SleepCallback  stm32f4xx_hal_can.o
    0x08001186   0x08001186   0x0000005e   Code   RO          656    i.HAL_CAN_Start     stm32f4xx_hal_can.o
    0x080011e4   0x080011e4   0x00000002   Code   RO          658    i.HAL_CAN_TxMailbox0AbortCallback  stm32f4xx_hal_can.o
    0x080011e6   0x080011e6   0x00000002   Code   RO          659    i.HAL_CAN_TxMailbox0CompleteCallback  stm32f4xx_hal_can.o
    0x080011e8   0x080011e8   0x00000002   Code   RO          660    i.HAL_CAN_TxMailbox1AbortCallback  stm32f4xx_hal_can.o
    0x080011ea   0x080011ea   0x00000002   Code   RO          661    i.HAL_CAN_TxMailbox1CompleteCallback  stm32f4xx_hal_can.o
    0x080011ec   0x080011ec   0x00000002   Code   RO          662    i.HAL_CAN_TxMailbox2AbortCallback  stm32f4xx_hal_can.o
    0x080011ee   0x080011ee   0x00000002   Code   RO          663    i.HAL_CAN_TxMailbox2CompleteCallback  stm32f4xx_hal_can.o
    0x080011f0   0x080011f0   0x00000002   Code   RO          665    i.HAL_CAN_WakeUpFromRxMsgCallback  stm32f4xx_hal_can.o
    0x080011f2   0x080011f2   0x000000ac   Code   RO         1371    i.HAL_DMA_Abort     stm32f4xx_hal_dma.o
    0x0800129e   0x0800129e   0x00000028   Code   RO         1372    i.HAL_DMA_Abort_IT  stm32f4xx_hal_dma.o
    0x080012c6   0x080012c6   0x00000002   PAD
    0x080012c8   0x080012c8   0x00000028   Code   RO         1795    i.HAL_Delay         stm32f4xx_hal.o
    0x080012f0   0x080012f0   0x000001f4   Code   RO         1264    i.HAL_GPIO_Init     stm32f4xx_hal_gpio.o
    0x080014e4   0x080014e4   0x0000000c   Code   RO         1268    i.HAL_GPIO_WritePin  stm32f4xx_hal_gpio.o
    0x080014f0   0x080014f0   0x0000000c   Code   RO         1801    i.HAL_GetTick       stm32f4xx_hal.o
    0x080014fc   0x080014fc   0x00000018   Code   RO         1807    i.HAL_IncTick       stm32f4xx_hal.o
    0x08001514   0x08001514   0x0000003c   Code   RO         1808    i.HAL_Init          stm32f4xx_hal.o
    0x08001550   0x08001550   0x000000b4   Code   RO          591    i.HAL_InitTick      stm32f4xx_hal_timebase_tim.o
    0x08001604   0x08001604   0x00000054   Code   RO          567    i.HAL_MspInit       stm32f4xx_hal_msp.o
    0x08001658   0x08001658   0x00000020   Code   RO         1653    i.HAL_NVIC_EnableIRQ  stm32f4xx_hal_cortex.o
    0x08001678   0x08001678   0x0000007c   Code   RO         1659    i.HAL_NVIC_SetPriority  stm32f4xx_hal_cortex.o
    0x080016f4   0x080016f4   0x00000028   Code   RO         1660    i.HAL_NVIC_SetPriorityGrouping  stm32f4xx_hal_cortex.o
    0x0800171c   0x0800171c   0x00000184   Code   RO          865    i.HAL_RCC_ClockConfig  stm32f4xx_hal_rcc.o
    0x080018a0   0x080018a0   0x00000044   Code   RO          869    i.HAL_RCC_GetClockConfig  stm32f4xx_hal_rcc.o
    0x080018e4   0x080018e4   0x0000000c   Code   RO          870    i.HAL_RCC_GetHCLKFreq  stm32f4xx_hal_rcc.o
    0x080018f0   0x080018f0   0x00000020   Code   RO          872    i.HAL_RCC_GetPCLK1Freq  stm32f4xx_hal_rcc.o
    0x08001910   0x08001910   0x00000020   Code   RO          873    i.HAL_RCC_GetPCLK2Freq  stm32f4xx_hal_rcc.o
    0x08001930   0x08001930   0x000000b0   Code   RO          874    i.HAL_RCC_GetSysClockFreq  stm32f4xx_hal_rcc.o
    0x080019e0   0x080019e0   0x0000049c   Code   RO          877    i.HAL_RCC_OscConfig  stm32f4xx_hal_rcc.o
    0x08001e7c   0x08001e7c   0x00000002   Code   RO         2763    i.HAL_TIMEx_BreakCallback  stm32f4xx_hal_tim_ex.o
    0x08001e7e   0x08001e7e   0x00000002   Code   RO         2764    i.HAL_TIMEx_CommutCallback  stm32f4xx_hal_tim_ex.o
    0x08001e80   0x08001e80   0x000000b4   Code   RO         2782    i.HAL_TIMEx_MasterConfigSynchronization  stm32f4xx_hal_tim_ex.o
    0x08001f34   0x08001f34   0x00000066   Code   RO         2048    i.HAL_TIM_Base_Init  stm32f4xx_hal_tim.o
    0x08001f9a   0x08001f9a   0x00000002   PAD
    0x08001f9c   0x08001f9c   0x00000044   Code   RO          372    i.HAL_TIM_Base_MspInit  tim.o
    0x08001fe0   0x08001fe0   0x000000a8   Code   RO         2053    i.HAL_TIM_Base_Start_IT  stm32f4xx_hal_tim.o
    0x08002088   0x08002088   0x0000010c   Code   RO         2057    i.HAL_TIM_ConfigClockSource  stm32f4xx_hal_tim.o
    0x08002194   0x08002194   0x00000002   Code   RO         2082    i.HAL_TIM_IC_CaptureCallback  stm32f4xx_hal_tim.o
    0x08002196   0x08002196   0x00000196   Code   RO         2096    i.HAL_TIM_IRQHandler  stm32f4xx_hal_tim.o
    0x0800232c   0x0800232c   0x00000002   Code   RO         2099    i.HAL_TIM_OC_DelayElapsedCallback  stm32f4xx_hal_tim.o
    0x0800232e   0x0800232e   0x00000002   Code   RO         2126    i.HAL_TIM_PWM_PulseFinishedCallback  stm32f4xx_hal_tim.o
    0x08002330   0x08002330   0x00000044   Code   RO           14    i.HAL_TIM_PeriodElapsedCallback  main.o
    0x08002374   0x08002374   0x00000002   Code   RO         2139    i.HAL_TIM_TriggerCallback  stm32f4xx_hal_tim.o
    0x08002376   0x08002376   0x00000002   Code   RO         3041    i.HAL_UARTEx_RxEventCallback  stm32f4xx_hal_uart.o
    0x08002378   0x08002378   0x00000002   Code   RO         3055    i.HAL_UART_ErrorCallback  stm32f4xx_hal_uart.o
    0x0800237a   0x0800237a   0x00000002   PAD
    0x0800237c   0x0800237c   0x000002e0   Code   RO         3058    i.HAL_UART_IRQHandler  stm32f4xx_hal_uart.o
    0x0800265c   0x0800265c   0x00000072   Code   RO         3059    i.HAL_UART_Init     stm32f4xx_hal_uart.o
    0x080026ce   0x080026ce   0x00000002   PAD
    0x080026d0   0x080026d0   0x0000011c   Code   RO          414    i.HAL_UART_MspInit  usart.o
    0x080027ec   0x080027ec   0x00000002   Code   RO         3065    i.HAL_UART_RxCpltCallback  stm32f4xx_hal_uart.o
    0x080027ee   0x080027ee   0x00000002   Code   RO         3070    i.HAL_UART_TxCpltCallback  stm32f4xx_hal_uart.o
    0x080027f0   0x080027f0   0x00000004   Code   RO          467    i.HardFault_Handler  stm32f4xx_it.o
    0x080027f4   0x080027f4   0x00000080   Code   RO         3574    i.Homeing_Mode      rm_motor.o
    0x08002874   0x08002874   0x00000118   Code   RO         3575    i.M3508_Send_Currents  rm_motor.o
    0x0800298c   0x0800298c   0x00000048   Code   RO          324    i.MX_CAN1_Init      can.o
    0x080029d4   0x080029d4   0x00000048   Code   RO          325    i.MX_CAN2_Init      can.o
    0x08002a1c   0x08002a1c   0x00000038   Code   RO          272    i.MX_FREERTOS_Init  freertos.o
    0x08002a54   0x08002a54   0x000000cc   Code   RO          248    i.MX_GPIO_Init      gpio.o
    0x08002b20   0x08002b20   0x0000006c   Code   RO          373    i.MX_TIM2_Init      tim.o
    0x08002b8c   0x08002b8c   0x00000038   Code   RO          415    i.MX_USART1_UART_Init  usart.o
    0x08002bc4   0x08002bc4   0x00000038   Code   RO          416    i.MX_USART2_UART_Init  usart.o
    0x08002bfc   0x08002bfc   0x00000026   Code   RO         3576    i.Max_Value_Limit   rm_motor.o
    0x08002c22   0x08002c22   0x00000004   Code   RO          468    i.MemManage_Handler  stm32f4xx_it.o
    0x08002c26   0x08002c26   0x00000002   PAD
    0x08002c28   0x08002c28   0x000003e0   Code   RO         3577    i.Motor_Control     rm_motor.o
    0x08003008   0x08003008   0x00000004   Code   RO          469    i.NMI_Handler       stm32f4xx_it.o
    0x0800300c   0x0800300c   0x00000026   Code   RO         3528    i.PID_Abs_Limit     pid.o
    0x08003032   0x08003032   0x00000002   PAD
    0x08003034   0x08003034   0x000000fc   Code   RO         3529    i.PID_Incremental_PID_Calculation  pid.o
    0x08003130   0x08003130   0x00000044   Code   RO         3530    i.PID_Parameter_Init  pid.o
    0x08003174   0x08003174   0x000000fc   Code   RO         3531    i.PID_Position_Calculate  pid.o
    0x08003270   0x08003270   0x0000026c   Code   RO         3435    i.Pid_Init_All      config.o
    0x080034dc   0x080034dc   0x00000078   Code   RO         3578    i.Position_Control  rm_motor.o
    0x08003554   0x08003554   0x00000224   Code   RO         3579    i.RM_MOTOR_Angle_Integral  rm_motor.o
    0x08003778   0x08003778   0x00000040   Code   RO          273    i.Send_Data_Function  freertos.o
    0x080037b8   0x080037b8   0x00000110   Code   RO         3473    i.Send_Rm_Motor_Msg  control.o
    0x080038c8   0x080038c8   0x00000130   Code   RO         3474    i.Send_Vesc_Motor_Msg  control.o
    0x080039f8   0x080039f8   0x00000008   Code   RO         3580    i.Speed_Control     rm_motor.o
    0x08003a00   0x08003a00   0x00000084   Code   RO          274    i.StartDefaultTask  freertos.o
    0x08003a84   0x08003a84   0x00000016   Code   RO         5097    i.SysTick_Handler   cmsis_os2.o
    0x08003a9a   0x08003a9a   0x00000002   PAD
    0x08003a9c   0x08003a9c   0x000000b4   Code   RO           15    i.SystemClock_Config  main.o
    0x08003b50   0x08003b50   0x00000014   Code   RO         3398    i.SystemInit        system_stm32f4xx.o
    0x08003b64   0x08003b64   0x00000010   Code   RO          470    i.TIM2_IRQHandler   stm32f4xx_it.o
    0x08003b74   0x08003b74   0x00000010   Code   RO          471    i.TIM3_IRQHandler   stm32f4xx_it.o
    0x08003b84   0x08003b84   0x000000d8   Code   RO         2141    i.TIM_Base_SetConfig  stm32f4xx_hal_tim.o
    0x08003c5c   0x08003c5c   0x00000016   Code   RO         2152    i.TIM_ETR_SetConfig  stm32f4xx_hal_tim.o
    0x08003c72   0x08003c72   0x00000012   Code   RO         2153    i.TIM_ITRx_SetConfig  stm32f4xx_hal_tim.o
    0x08003c84   0x08003c84   0x00000026   Code   RO         2159    i.TIM_TI1_ConfigInputStage  stm32f4xx_hal_tim.o
    0x08003caa   0x08003caa   0x00000028   Code   RO         2161    i.TIM_TI2_ConfigInputStage  stm32f4xx_hal_tim.o
    0x08003cd2   0x08003cd2   0x00000014   Code   RO         3072    i.UART_DMAAbortOnError  stm32f4xx_hal_uart.o
    0x08003ce6   0x08003ce6   0x0000006c   Code   RO         3082    i.UART_EndRxTransfer  stm32f4xx_hal_uart.o
    0x08003d52   0x08003d52   0x00000020   Code   RO         3083    i.UART_EndTransmit_IT  stm32f4xx_hal_uart.o
    0x08003d72   0x08003d72   0x000000f8   Code   RO         3085    i.UART_Receive_IT   stm32f4xx_hal_uart.o
    0x08003e6a   0x08003e6a   0x00000002   PAD
    0x08003e6c   0x08003e6c   0x0000022c   Code   RO         3086    i.UART_SetConfig    stm32f4xx_hal_uart.o
    0x08004098   0x08004098   0x00000060   Code   RO         3089    i.UART_Transmit_IT  stm32f4xx_hal_uart.o
    0x080040f8   0x080040f8   0x00000010   Code   RO          472    i.USART1_IRQHandler  stm32f4xx_it.o
    0x08004108   0x08004108   0x00000010   Code   RO          473    i.USART2_IRQHandler  stm32f4xx_it.o
    0x08004118   0x08004118   0x00000004   Code   RO          474    i.UsageFault_Handler  stm32f4xx_it.o
    0x0800411c   0x0800411c   0x00000060   Code   RO         3665    i.User_Open_Can1    user_can_init.o
    0x0800417c   0x0800417c   0x0000009c   Code   RO         3666    i.User_Open_Can2    user_can_init.o
    0x08004218   0x08004218   0x00000054   Code   RO         3790    i.VESC_Control      vesc_can.o
    0x0800426c   0x0800426c   0x00000060   Code   RO         3436    i.VESC_Init         config.o
    0x080042cc   0x080042cc   0x0000030e   Code   RO         3581    i.Velocity_Planning_MODE  rm_motor.o
    0x080045da   0x080045da   0x00000002   PAD
    0x080045dc   0x080045dc   0x00000010   Code   RO         1666    i.__NVIC_GetPriorityGrouping  stm32f4xx_hal_cortex.o
    0x080045ec   0x080045ec   0x00000028   Code   RO         1667    i.__NVIC_SetPriority  stm32f4xx_hal_cortex.o
    0x08004614   0x08004614   0x00000006   Code   RO         5099    i.__get_IPSR        cmsis_os2.o
    0x0800461a   0x0800461a   0x0000007a   Code   RO         5787    i.__hardfp_sqrt     m_wm.l(sqrt.o)
    0x08004694   0x08004694   0x0000003a   Code   RO         3667    i.buffer_append_float16  user_can_init.o
    0x080046ce   0x080046ce   0x00000036   Code   RO         3668    i.buffer_append_float32  user_can_init.o
    0x08004704   0x08004704   0x00000018   Code   RO         3669    i.buffer_append_int16  user_can_init.o
    0x0800471c   0x0800471c   0x0000002e   Code   RO         3670    i.buffer_append_int32  user_can_init.o
    0x0800474a   0x0800474a   0x00000016   Code   RO         3671    i.buffer_append_uint16  user_can_init.o
    0x08004760   0x08004760   0x0000002e   Code   RO         3672    i.buffer_append_uint32  user_can_init.o
    0x0800478e   0x0800478e   0x0000003a   Code   RO         3673    i.buffer_get_float16  user_can_init.o
    0x080047c8   0x080047c8   0x0000001c   Code   RO         3675    i.buffer_get_int16  user_can_init.o
    0x080047e4   0x080047e4   0x00000030   Code   RO         3676    i.buffer_get_int32  user_can_init.o
    0x08004814   0x08004814   0x0000001a   Code   RO         3677    i.buffer_get_uint16  user_can_init.o
    0x0800482e   0x0800482e   0x00000030   Code   RO         3678    i.buffer_get_uint32  user_can_init.o
    0x0800485e   0x0800485e   0x00000002   PAD
    0x08004860   0x08004860   0x000002b0   Code   RO         3795    i.can_get_data      vesc_can.o
    0x08004b10   0x08004b10   0x00000080   Code   RO         3475    i.can_loss          control.o
    0x08004b90   0x08004b90   0x00000070   Code   RO         3918    i.can_on_off_led    key_led.o
    0x08004c00   0x08004c00   0x0000004c   Code   RO         3798    i.comm_can_set_current  vesc_can.o
    0x08004c4c   0x08004c4c   0x00000048   Code   RO         3802    i.comm_can_set_duty  vesc_can.o
    0x08004c94   0x08004c94   0x0000004c   Code   RO         3805    i.comm_can_set_pos  vesc_can.o
    0x08004ce0   0x08004ce0   0x00000040   Code   RO         3806    i.comm_can_set_rpm  vesc_can.o
    0x08004d20   0x08004d20   0x00000054   Code   RO         3679    i.comm_can_transmit_extid  user_can_init.o
    0x08004d74   0x08004d74   0x0000004c   Code   RO         3680    i.comm_can_transmit_stdid  user_can_init.o
    0x08004dc0   0x08004dc0   0x0000019c   Code   RO         3582    i.get_motor_measure  rm_motor.o
    0x08004f5c   0x08004f5c   0x00000048   Code   RO           16    i.main              main.o
    0x08004fa4   0x08004fa4   0x0000001e   Code   RO         5100    i.osDelay           cmsis_os2.o
    0x08004fc2   0x08004fc2   0x00000002   PAD
    0x08004fc4   0x08004fc4   0x0000002c   Code   RO         5114    i.osKernelInitialize  cmsis_os2.o
    0x08004ff0   0x08004ff0   0x00000060   Code   RO         5117    i.osKernelStart     cmsis_os2.o
    0x08005050   0x08005050   0x000000b8   Code   RO         5159    i.osThreadNew       cmsis_os2.o
    0x08005108   0x08005108   0x0000007c   Code   RO         4534    i.prvAddCurrentTaskToDelayedList  tasks.o
    0x08005184   0x08005184   0x000000b8   Code   RO         4535    i.prvAddNewTaskToReadyList  tasks.o
    0x0800523c   0x0800523c   0x00000074   Code   RO         4910    i.prvCheckForValidListAndQueue  timers.o
    0x080052b0   0x080052b0   0x00000048   Code   RO         4536    i.prvCheckTasksWaitingTermination  tasks.o
    0x080052f8   0x080052f8   0x0000002a   Code   RO         4121    i.prvCopyDataFromQueue  queue.o
    0x08005322   0x08005322   0x0000007e   Code   RO         4122    i.prvCopyDataToQueue  queue.o
    0x080053a0   0x080053a0   0x00000050   Code   RO         4537    i.prvDeleteTCB      tasks.o
    0x080053f0   0x080053f0   0x00000028   Code   RO         4911    i.prvGetNextExpireTime  timers.o
    0x08005418   0x08005418   0x0000007c   Code   RO         5627    i.prvHeapInit       heap_4.o
    0x08005494   0x08005494   0x00000028   Code   RO         4538    i.prvIdleTask       tasks.o
    0x080054bc   0x080054bc   0x0000002a   Code   RO         4125    i.prvInitialiseNewQueue  queue.o
    0x080054e6   0x080054e6   0x000000be   Code   RO         4539    i.prvInitialiseNewTask  tasks.o
    0x080055a4   0x080055a4   0x00000068   Code   RO         4540    i.prvInitialiseTaskLists  tasks.o
    0x0800560c   0x0800560c   0x00000068   Code   RO         5628    i.prvInsertBlockIntoFreeList  heap_4.o
    0x08005674   0x08005674   0x00000058   Code   RO         4913    i.prvInsertTimerInActiveList  timers.o
    0x080056cc   0x080056cc   0x0000001a   Code   RO         4126    i.prvIsQueueEmpty   queue.o
    0x080056e6   0x080056e6   0x0000001e   Code   RO         4127    i.prvIsQueueFull    queue.o
    0x08005704   0x08005704   0x00000074   Code   RO         4914    i.prvProcessExpiredTimer  timers.o
    0x08005778   0x08005778   0x00000164   Code   RO         4915    i.prvProcessReceivedCommands  timers.o
    0x080058dc   0x080058dc   0x00000074   Code   RO         4916    i.prvProcessTimerOrBlockTask  timers.o
    0x08005950   0x08005950   0x00000034   Code   RO         4542    i.prvResetNextTaskUnblockTime  tasks.o
    0x08005984   0x08005984   0x0000002c   Code   RO         4917    i.prvSampleTimeNow  timers.o
    0x080059b0   0x080059b0   0x000000a4   Code   RO         4918    i.prvSwitchTimerLists  timers.o
    0x08005a54   0x08005a54   0x00000040   Code   RO         5683    i.prvTaskExitError  port.o
    0x08005a94   0x08005a94   0x0000001a   Code   RO         4919    i.prvTimerTask      timers.o
    0x08005aae   0x08005aae   0x0000007e   Code   RO         4128    i.prvUnlockQueue    queue.o
    0x08005b2c   0x08005b2c   0x0000014c   Code   RO         5629    i.pvPortMalloc      heap_4.o
    0x08005c78   0x08005c78   0x0000002c   Code   RO         5684    i.pxPortInitialiseStack  port.o
    0x08005ca4   0x08005ca4   0x00000664   Code   RO         3476    i.rm_motor_control_comm  control.o
    0x08006308   0x08006308   0x00000028   Code   RO         4081    i.uxListRemove      list.o
    0x08006330   0x08006330   0x00000018   Code   RO         5171    i.vApplicationGetIdleTaskMemory  cmsis_os2.o
    0x08006348   0x08006348   0x00000018   Code   RO         5172    i.vApplicationGetTimerTaskMemory  cmsis_os2.o
    0x08006360   0x08006360   0x0000001a   Code   RO         4082    i.vListInitialise   list.o
    0x0800637a   0x0800637a   0x00000006   Code   RO         4083    i.vListInitialiseItem  list.o
    0x08006380   0x08006380   0x00000034   Code   RO         4084    i.vListInsert       list.o
    0x080063b4   0x080063b4   0x00000018   Code   RO         4085    i.vListInsertEnd    list.o
    0x080063cc   0x080063cc   0x00000054   Code   RO         5686    i.vPortEnterCritical  port.o
    0x08006420   0x08006420   0x0000003c   Code   RO         5687    i.vPortExitCritical  port.o
    0x0800645c   0x0800645c   0x000000a4   Code   RO         5630    i.vPortFree         heap_4.o
    0x08006500   0x08006500   0x00000028   Code   RO         5688    i.vPortSetupTimerInterrupt  port.o
    0x08006528   0x08006528   0x00000078   Code   RO         5689    i.vPortValidateInterruptPriority  port.o
    0x080065a0   0x080065a0   0x0000002c   Code   RO         4134    i.vQueueAddToRegistry  queue.o
    0x080065cc   0x080065cc   0x0000004a   Code   RO         4138    i.vQueueWaitForMessageRestricted  queue.o
    0x08006616   0x08006616   0x00000002   PAD
    0x08006618   0x08006618   0x0000005c   Code   RO         4555    i.vTaskDelay        tasks.o
    0x08006674   0x08006674   0x00000018   Code   RO         4560    i.vTaskInternalSetTimeOutState  tasks.o
    0x0800668c   0x0800668c   0x0000000c   Code   RO         4561    i.vTaskMissedYield  tasks.o
    0x08006698   0x08006698   0x00000038   Code   RO         4563    i.vTaskPlaceOnEventList  tasks.o
    0x080066d0   0x080066d0   0x00000040   Code   RO         4564    i.vTaskPlaceOnEventListRestricted  tasks.o
    0x08006710   0x08006710   0x000000b8   Code   RO         4572    i.vTaskStartScheduler  tasks.o
    0x080067c8   0x080067c8   0x00000010   Code   RO         4574    i.vTaskSuspendAll   tasks.o
    0x080067d8   0x080067d8   0x00000090   Code   RO         4575    i.vTaskSwitchContext  tasks.o
    0x08006868   0x08006868   0x000001ec   Code   RO         3477    i.vesc_motor_control_comm  control.o
    0x08006a54   0x08006a54   0x00000168   Code   RO         5690    i.xPortStartScheduler  port.o
    0x08006bbc   0x08006bbc   0x00000034   Code   RO         5691    i.xPortSysTickHandler  port.o
    0x08006bf0   0x08006bf0   0x000000e0   Code   RO         4144    i.xQueueGenericCreateStatic  queue.o
    0x08006cd0   0x08006cd0   0x00000098   Code   RO         4145    i.xQueueGenericReset  queue.o
    0x08006d68   0x08006d68   0x000001a8   Code   RO         4146    i.xQueueGenericSend  queue.o
    0x08006f10   0x08006f10   0x000000fc   Code   RO         4147    i.xQueueGenericSendFromISR  queue.o
    0x0800700c   0x0800700c   0x00000168   Code   RO         4156    i.xQueueReceive     queue.o
    0x08007174   0x08007174   0x0000008c   Code   RO         4577    i.xTaskCheckForTimeOut  tasks.o
    0x08007200   0x08007200   0x00000064   Code   RO         4578    i.xTaskCreate       tasks.o
    0x08007264   0x08007264   0x000000ba   Code   RO         4579    i.xTaskCreateStatic  tasks.o
    0x0800731e   0x0800731e   0x00000002   PAD
    0x08007320   0x08007320   0x00000020   Code   RO         4583    i.xTaskGetSchedulerState  tasks.o
    0x08007340   0x08007340   0x0000000c   Code   RO         4584    i.xTaskGetTickCount  tasks.o
    0x0800734c   0x0800734c   0x00000144   Code   RO         4586    i.xTaskIncrementTick  tasks.o
    0x08007490   0x08007490   0x000000a4   Code   RO         4589    i.xTaskPriorityDisinherit  tasks.o
    0x08007534   0x08007534   0x00000098   Code   RO         4591    i.xTaskRemoveFromEventList  tasks.o
    0x080075cc   0x080075cc   0x00000104   Code   RO         4592    i.xTaskResumeAll    tasks.o
    0x080076d0   0x080076d0   0x00000078   Code   RO         4928    i.xTimerCreateTimerTask  timers.o
    0x08007748   0x08007748   0x00000084   Code   RO         4929    i.xTimerGenericCommand  timers.o
    0x080077cc   0x080077cc   0x00000062   Code   RO         5775    x$fpl$d2f           fz_wm.l(d2f.o)
    0x0800782e   0x0800782e   0x00000002   PAD
    0x08007830   0x08007830   0x000002b0   Code   RO         5778    x$fpl$ddiv          fz_wm.l(ddiv.o)
    0x08007ae0   0x08007ae0   0x0000005e   Code   RO         5781    x$fpl$dfix          fz_wm.l(dfix.o)
    0x08007b3e   0x08007b3e   0x0000009c   Code   RO         5812    x$fpl$dnaninf       fz_wm.l(dnaninf.o)
    0x08007bda   0x08007bda   0x0000000c   Code   RO         5814    x$fpl$dretinf       fz_wm.l(dretinf.o)
    0x08007be6   0x08007be6   0x00000002   PAD
    0x08007be8   0x08007be8   0x00000198   Code   RO         5816    x$fpl$dsqrt         fz_wm.l(dsqrt_umaal.o)
    0x08007d80   0x08007d80   0x00000056   Code   RO         5785    x$fpl$f2d           fz_wm.l(f2d.o)
    0x08007dd6   0x08007dd6   0x0000008c   Code   RO         5818    x$fpl$fnaninf       fz_wm.l(fnaninf.o)
    0x08007e62   0x08007e62   0x0000000a   Code   RO         5932    x$fpl$fpinit        fz_wm.l(fpinit.o)
    0x08007e6c   0x08007e6c   0x0000000a   Code   RO         5820    x$fpl$fretinf       fz_wm.l(fretinf.o)
    0x08007e76   0x08007e76   0x00000000   Code   RO         5822    x$fpl$usenofp       fz_wm.l(usenofp.o)
    0x08007e76   0x08007e76   0x00000002   PAD
    0x08007e78   0x08007e78   0x00000048   Data   RO          275    .constdata          freertos.o
    0x08007ec0   0x08007ec0   0x00000018   Data   RO         3399    .constdata          system_stm32f4xx.o
    0x08007ed8   0x08007ed8   0x00000018   Data   RO          276    .conststring        freertos.o
    0x08007ef0   0x08007ef0   0x00000020   Data   RO         5988    Region$$Table       anon$$obj.o


    Execution Region RW_IRAM2 (Exec base: 0x10000000, Load base: 0x08007ff0, Size: 0x00000000, Max: 0x00010000, ABSOLUTE)

    **** No section assigned to this execution region ****


    Execution Region RW_IRAM1 (Exec base: 0x20000000, Load base: 0x08007f10, Size: 0x00005a38, Max: 0x00020000, ABSOLUTE)

    Exec Addr    Load Addr    Size         Type   Attr      Idx    E Section Name        Object

    0x20000000   0x08007f10   0x00000002   Data   RW           17    .data               main.o
    0x20000002   0x08007f12   0x00000002   PAD
    0x20000004   0x08007f14   0x00000010   Data   RW          277    .data               freertos.o
    0x20000014   0x08007f24   0x00000004   Data   RW          327    .data               can.o
    0x20000018   0x08007f28   0x00000009   Data   RW         1815    .data               stm32f4xx_hal.o
    0x20000021   0x08007f31   0x00000003   PAD
    0x20000024   0x08007f34   0x00000004   Data   RW         3400    .data               system_stm32f4xx.o
    0x20000028   0x08007f38   0x0000001c   Data   RW         3479    .data               control.o
    0x20000044   0x08007f54   0x00000005   Data   RW         3584    .data               rm_motor.o
    0x20000049   0x08007f59   0x00000011   Data   RW         3681    .data               user_can_init.o
    0x2000005a   0x08007f6a   0x00000004   Data   RW         3919    .data               key_led.o
    0x2000005e   0x08007f6e   0x00000002   PAD
    0x20000060   0x08007f70   0x0000003c   Data   RW         4595    .data               tasks.o
    0x2000009c   0x08007fac   0x00000014   Data   RW         4937    .data               timers.o
    0x200000b0   0x08007fc0   0x00000004   Data   RW         5174    .data               cmsis_os2.o
    0x200000b4   0x08007fc4   0x00000020   Data   RW         5636    .data               heap_4.o
    0x200000d4   0x08007fe4   0x0000000c   Data   RW         5692    .data               port.o
    0x200000e0        -       0x00000050   Zero   RW          326    .bss                can.o
    0x20000130        -       0x00000048   Zero   RW          374    .bss                tim.o
    0x20000178        -       0x00000088   Zero   RW          417    .bss                usart.o
    0x20000200        -       0x00000048   Zero   RW          594    .bss                stm32f4xx_hal_timebase_tim.o
    0x20000248        -       0x00000044   Zero   RW         3478    .bss                control.o
    0x2000028c        -       0x000007a0   Zero   RW         3583    .bss                rm_motor.o
    0x20000a2c        -       0x000000d8   Zero   RW         3807    .bss                vesc_can.o
    0x20000b04        -       0x00000040   Zero   RW         4160    .bss                queue.o
    0x20000b44        -       0x000004c4   Zero   RW         4594    .bss                tasks.o
    0x20001008        -       0x00000118   Zero   RW         4936    .bss                timers.o
    0x20001120        -       0x000006b8   Zero   RW         5173    .bss                cmsis_os2.o
    0x200017d8        -       0x00003c00   Zero   RW         5635    .bss                heap_4.o
    0x200053d8        -       0x00000060   Zero   RW         5848    .bss                c_w.l(libspace.o)
    0x20005438        -       0x00000200   Zero   RW            2    HEAP                startup_stm32f405xx.o
    0x20005638        -       0x00000400   Zero   RW            1    STACK               startup_stm32f405xx.o


==============================================================================

Image component sizes


      Code (inc. data)   RO Data    RW Data    ZI Data      Debug   Object Name

       532         44          0          4         80       2498   can.o
       430         38          0          4       1720      66523   cmsis_os2.o
       716         54          0          0          0       1031   config.o
      2832        184          0         28         68       5377   control.o
         0          0          0          0          0      19884   event_groups.o
       252         50         96         16          0       2746   freertos.o
       204         12          0          0          0        999   gpio.o
       724         74          0         32      15360       5435   heap_4.o
       208         20          0          4          0       1887   key_led.o
       148          0          0          0          0       4074   list.o
       326         36          0          2          0     669863   main.o
       610         16          0          0          0       3786   pid.o
      1014         92          0         12          0      12645   port.o
      1922         20          0          0         64      18888   queue.o
      3308         94          0          5       1952       9990   rm_motor.o
        64         26        392          0       1536        836   startup_stm32f405xx.o
       136         24          0          9          0       9242   stm32f4xx_hal.o
      2188          6          0          0          0      16649   stm32f4xx_hal_can.o
       252         22          0          0          0      34302   stm32f4xx_hal_cortex.o
       212          0          0          0          0       2239   stm32f4xx_hal_dma.o
       512         46          0          0          0       2396   stm32f4xx_hal_gpio.o
        84          6          0          0          0        874   stm32f4xx_hal_msp.o
      1888         94          0          0          0       6925   stm32f4xx_hal_rcc.o
      1286         76          0          0          0      10779   stm32f4xx_hal_tim.o
       184         30          0          0          0       2849   stm32f4xx_hal_tim_ex.o
       180         20          0          0         72       1547   stm32f4xx_hal_timebase_tim.o
      1918         14          0          0          0      10572   stm32f4xx_hal_uart.o
       150         48          0          0          0       6871   stm32f4xx_it.o
         0          0          0          0          0        392   stream_buffer.o
        20          6         24          4          0       1211   system_stm32f4xx.o
      2808        346          0         60       1220      30282   tasks.o
       176         10          0          0         72       1714   tim.o
      1318        124          0         20        280      34567   timers.o
       396         38          0          0        136       2403   usart.o
      1114         50          0         17          0      11733   user_can_init.o
      1060         64          0          0        216       7317   vesc_can.o

    ----------------------------------------------------------------------
     29202       1784        544        224      22776    1021326   Object Totals
         0          0         32          0          0          0   (incl. Generated)
        30          0          0          7          0          0   (incl. Padding)

    ----------------------------------------------------------------------

      Code (inc. data)   RO Data    RW Data    ZI Data      Debug   Library Member Name

         8          0          0          0          0         68   __main.o
         0          0          0          0          0          0   __rtentry.o
        12          0          0          0          0          0   __rtentry2.o
         6          0          0          0          0          0   __rtentry4.o
        52          8          0          0          0          0   __scatter.o
        26          0          0          0          0          0   __scatter_copy.o
        28          0          0          0          0          0   __scatter_zi.o
        22          0          0          0          0        100   _rserrno.o
        16          0          0          0          0         68   aeabi_memset.o
        18          0          0          0          0         80   exit.o
         6          0          0          0          0        152   heapauxi.o
         0          0          0          0          0          0   indicate_semi.o
         2          0          0          0          0          0   libinit.o
         6          0          0          0          0          0   libinit2.o
         2          0          0          0          0          0   libshutdown.o
         2          0          0          0          0          0   libshutdown2.o
         8          4          0          0         96         68   libspace.o
       238          0          0          0          0        100   lludivv7m.o
         8          4          0          0          0         68   rt_errno_addr_intlibspace.o
        68          0          0          0          0         68   rt_memclr.o
        78          0          0          0          0         80   rt_memclr_w.o
       138          0          0          0          0         68   rt_memcpy_v6.o
       100          0          0          0          0         80   rt_memcpy_w.o
         2          0          0          0          0          0   rtexit.o
        10          0          0          0          0          0   rtexit2.o
        12          4          0          0          0         68   sys_exit.o
        74          0          0          0          0         80   sys_stackheap_outer.o
         2          0          0          0          0         68   use_no_semi.o
        98          4          0          0          0        140   d2f.o
       688        140          0          0          0        256   ddiv.o
        94          4          0          0          0        140   dfix.o
       156          4          0          0          0        140   dnaninf.o
        12          0          0          0          0        116   dretinf.o
       408         56          0          0          0        168   dsqrt_umaal.o
        86          4          0          0          0        132   f2d.o
       140          4          0          0          0        132   fnaninf.o
        10          0          0          0          0        116   fpinit.o
        10          0          0          0          0        116   fretinf.o
         0          0          0          0          0          0   usenofp.o
       122          0          0          0          0        148   sqrt.o

    ----------------------------------------------------------------------
      2782        236          0          0         96       2820   Library Totals
        14          0          0          0          0          0   (incl. Padding)

    ----------------------------------------------------------------------

      Code (inc. data)   RO Data    RW Data    ZI Data      Debug   Library Name

       944         20          0          0         96       1216   c_w.l
      1702        216          0          0          0       1456   fz_wm.l
       122          0          0          0          0        148   m_wm.l

    ----------------------------------------------------------------------
      2782        236          0          0         96       2820   Library Totals

    ----------------------------------------------------------------------

==============================================================================


      Code (inc. data)   RO Data    RW Data    ZI Data      Debug   

     31984       2020        544        224      22872    1002074   Grand Totals
     31984       2020        544        224      22872    1002074   ELF Image Totals
     31984       2020        544        224          0          0   ROM Totals

==============================================================================

    Total RO  Size (Code + RO Data)                32528 (  31.77kB)
    Total RW  Size (RW Data + ZI Data)             23096 (  22.55kB)
    Total ROM Size (Code + RO Data + RW Data)      32752 (  31.98kB)

==============================================================================

